Component: ARM Compiler 5.05 update 2 (build 169) Tool: armlink [4d0f33]

==============================================================================

Section Cross References

    startup_stm32f767xx.o(RESET) refers to startup_stm32f767xx.o(STACK) for __initial_sp
    startup_stm32f767xx.o(RESET) refers to startup_stm32f767xx.o(.text) for Reset_Handler
    startup_stm32f767xx.o(RESET) refers to port.o(.emb_text) for SVC_Handler
    startup_stm32f767xx.o(RESET) refers to stm32f7xx_it.o(i.SysTick_Handler) for SysTick_Handler
    startup_stm32f767xx.o(RESET) refers to stm32f7xx_it.o(i.EXTI15_10_IRQHandler) for EXTI15_10_IRQHandler
    startup_stm32f767xx.o(RESET) refers to stm32f7xx_it.o(i.UART4_IRQHandler) for UART4_IRQHandler
    startup_stm32f767xx.o(RESET) refers to stm32f7xx_it.o(i.DMA2_Stream0_IRQHandler) for DMA2_Stream0_IRQHandler
    startup_stm32f767xx.o(RESET) refers to stm32f7xx_it.o(i.ETH_IRQHandler) for ETH_IRQHandler
    startup_stm32f767xx.o(RESET) refers to stm32f7xx_it.o(i.USART6_IRQHandler) for USART6_IRQHandler
    startup_stm32f767xx.o(.text) refers to system_stm32f7xx.o(i.SystemInit) for SystemInit
    startup_stm32f767xx.o(.text) refers to entry.o(.ARM.Collect$$$$00000000) for __main
    modbus_ascii.o(i.calulator_lrc_input_ascii) refers to modbus_ascii.o(.bss) for .bss
    modbus_ascii.o(i.function15_handle_ascii) refers to printf3.o(i.__0printf$3) for __2printf
    modbus_ascii.o(i.function15_handle_ascii) refers to modbus_ascii_func.o(i.mb_ascii_read_add_register_start) for mb_ascii_read_add_register_start
    modbus_ascii.o(i.function15_handle_ascii) refers to modbus_ascii_func.o(i.mb_ascii_read_number_register) for mb_ascii_read_number_register
    modbus_ascii.o(i.function15_handle_ascii) refers to modbus_ascii_func.o(i.mb_ascii_read_lrc) for mb_ascii_read_lrc
    modbus_ascii.o(i.function15_handle_ascii) refers to cmsis_os.o(i.osMessageGet) for osMessageGet
    modbus_ascii.o(i.function15_handle_ascii) refers to modbus_ascii_func.o(i.mb_ascii_read_number_byte_follow) for mb_ascii_read_number_byte_follow
    modbus_ascii.o(i.function15_handle_ascii) refers to modbus_ascii_func.o(i.mb_ascii_read_byte_coil) for mb_ascii_read_byte_coil
    modbus_ascii.o(i.function15_handle_ascii) refers to modbus_ascii.o(i.calulator_lrc_input_ascii) for calulator_lrc_input_ascii
    modbus_ascii.o(i.function15_handle_ascii) refers to modbus_ascii_func.o(i.modbus_ascii_function15_response) for modbus_ascii_function15_response
    modbus_ascii.o(i.function15_handle_ascii) refers to modbus_ascii.o(.data) for .data
    modbus_ascii.o(i.function15_handle_ascii) refers to freertos.o(.data) for modbusAsciiQueueHandle
    modbus_ascii.o(i.function15_handle_ascii) refers to modbus_ascii.o(.bss) for .bss
    modbus_ascii.o(i.function15_handle_ascii) refers to modbus_register.o(.data) for modbus_number_register
    modbus_ascii.o(i.function15_handle_ascii) refers to modbus_register.o(.bss) for modbus_register_00000
    modbus_ascii.o(i.function16_handle_ascii) refers to printf3.o(i.__0printf$3) for __2printf
    modbus_ascii.o(i.function16_handle_ascii) refers to modbus_ascii_func.o(i.mb_ascii_read_add_register_start) for mb_ascii_read_add_register_start
    modbus_ascii.o(i.function16_handle_ascii) refers to modbus_ascii_func.o(i.mb_ascii_read_number_register) for mb_ascii_read_number_register
    modbus_ascii.o(i.function16_handle_ascii) refers to modbus_ascii_func.o(i.mb_ascii_read_lrc) for mb_ascii_read_lrc
    modbus_ascii.o(i.function16_handle_ascii) refers to cmsis_os.o(i.osMessageGet) for osMessageGet
    modbus_ascii.o(i.function16_handle_ascii) refers to modbus_ascii_func.o(i.mb_ascii_read_number_byte_follow) for mb_ascii_read_number_byte_follow
    modbus_ascii.o(i.function16_handle_ascii) refers to modbus_ascii_func.o(i.mb_ascii_read_value_to_register) for mb_ascii_read_value_to_register
    modbus_ascii.o(i.function16_handle_ascii) refers to modbus_ascii.o(i.calulator_lrc_input_ascii) for calulator_lrc_input_ascii
    modbus_ascii.o(i.function16_handle_ascii) refers to modbus_ascii_func.o(i.modbus_acsii_function16_response) for modbus_acsii_function16_response
    modbus_ascii.o(i.function16_handle_ascii) refers to modbus_ascii.o(.data) for .data
    modbus_ascii.o(i.function16_handle_ascii) refers to freertos.o(.data) for modbusAsciiQueueHandle
    modbus_ascii.o(i.function16_handle_ascii) refers to modbus_ascii.o(.bss) for .bss
    modbus_ascii.o(i.function16_handle_ascii) refers to modbus_register.o(.data) for modbus_number_register
    modbus_ascii.o(i.function16_handle_ascii) refers to modbus_register.o(.bss) for modbus_register_40000
    modbus_ascii.o(i.function1_handle_ascii) refers to printf3.o(i.__0printf$3) for __2printf
    modbus_ascii.o(i.function1_handle_ascii) refers to modbus_ascii_func.o(i.mb_ascii_read_number_byte_follow) for mb_ascii_read_number_byte_follow
[...]
    lwip_netconn_do_connect                  0x08006e61   Thumb Code   248  api_msg.o(i.lwip_netconn_do_connect)
    lwip_netconn_do_delconn                  0x08007175   Thumb Code   290  api_msg.o(i.lwip_netconn_do_delconn)
    lwip_netconn_do_listen                   0x08007331   Thumb Code   218  api_msg.o(i.lwip_netconn_do_listen)
    lwip_netconn_do_newconn                  0x08007411   Thumb Code    56  api_msg.o(i.lwip_netconn_do_newconn)
    lwip_netconn_do_recv                     0x08007449   Thumb Code    96  api_msg.o(i.lwip_netconn_do_recv)
    lwip_netconn_do_write                    0x080074a9   Thumb Code   224  api_msg.o(i.lwip_netconn_do_write)
    main                                     0x08007909   Thumb Code    42  main.o(i.main)
    mb_tcp_read_add_register_start           0x08007941   Thumb Code     4  modbus_tcp_func.o(i.mb_tcp_read_add_register_start)
    mb_tcp_read_addslave                     0x08007945   Thumb Code     4  modbus_tcp_func.o(i.mb_tcp_read_addslave)
    mb_tcp_read_byte_coil                    0x08007949   Thumb Code     4  modbus_tcp_func.o(i.mb_tcp_read_byte_coil)
    mb_tcp_read_function                     0x0800794d   Thumb Code     4  modbus_tcp_func.o(i.mb_tcp_read_function)
    mb_tcp_read_message_length               0x08007951   Thumb Code     4  modbus_tcp_func.o(i.mb_tcp_read_message_length)
    mb_tcp_read_number_byte_follow           0x08007955   Thumb Code     4  modbus_tcp_func.o(i.mb_tcp_read_number_byte_follow)
    mb_tcp_read_number_register              0x08007959   Thumb Code     4  modbus_tcp_func.o(i.mb_tcp_read_number_register)
    mb_tcp_read_protocol_id                  0x0800795d   Thumb Code     4  modbus_tcp_func.o(i.mb_tcp_read_protocol_id)
    mb_tcp_read_transaction_id               0x08007961   Thumb Code     4  modbus_tcp_func.o(i.mb_tcp_read_transaction_id)
    mb_tcp_read_value_register               0x08007965   Thumb Code     4  modbus_tcp_func.o(i.mb_tcp_read_value_register)
    mem_free                                 0x08007969   Thumb Code   138  mem.o(i.mem_free)
    mem_init                                 0x08007aa1   Thumb Code    72  mem.o(i.mem_init)
    mem_malloc                               0x08007b65   Thumb Code   274  mem.o(i.mem_malloc)
    mem_trim                                 0x08007d75   Thumb Code   274  mem.o(i.mem_trim)
    memp_free                                0x08007f1d   Thumb Code    34  memp.o(i.memp_free)
    memp_init                                0x08007fb9   Thumb Code    26  memp.o(i.memp_init)
    memp_init_pool                           0x08007fd9   Thumb Code    42  memp.o(i.memp_init_pool)
    memp_malloc                              0x08008005   Thumb Code    38  memp.o(i.memp_malloc)
    modbus_acsii_get_input                   0x080080a9   Thumb Code    52  modbus_ascii.o(i.modbus_acsii_get_input)
    modbus_register_init                     0x080080e5   Thumb Code    40  modbus_register.o(i.modbus_register_init)
    modbus_tcp_check_input                   0x0800814d   Thumb Code   126  modbus_tcp.o(i.modbus_tcp_check_input)
    modbus_tcp_function15_response           0x080081f5   Thumb Code    72  modbus_tcp_func.o(i.modbus_tcp_function15_response)
    modbus_tcp_function16_response           0x08008265   Thumb Code    72  modbus_tcp_func.o(i.modbus_tcp_function16_response)
    modbus_tcp_function1_response            0x080082d5   Thumb Code   380  modbus_tcp_func.o(i.modbus_tcp_function1_response)
    modbus_tcp_function2_response            0x080084a9   Thumb Code   372  modbus_tcp_func.o(i.modbus_tcp_function2_response)
    modbus_tcp_function3_response            0x0800865d   Thumb Code   122  modbus_tcp_func.o(i.modbus_tcp_function3_response)
    modbus_tcp_function4_response            0x08008731   Thumb Code   138  modbus_tcp_func.o(i.modbus_tcp_function4_response)
    modbus_tcp_port_init                     0x08008831   Thumb Code    58  modbus_tcp.o(i.modbus_tcp_port_init)
    netbuf_delete                            0x080088a5   Thumb Code    34  netbuf.o(i.netbuf_delete)
    netconn_accept                           0x080088c9   Thumb Code   150  api_lib.o(i.netconn_accept)
    netconn_alloc                            0x08008a01   Thumb Code   128  api_msg.o(i.netconn_alloc)
    netconn_bind                             0x08008b1d   Thumb Code    52  api_lib.o(i.netconn_bind)
    netconn_close                            0x08008bd1   Thumb Code     6  api_lib.o(i.netconn_close)
    netconn_connect                          0x08008c89   Thumb Code    54  api_lib.o(i.netconn_connect)
    netconn_delete                           0x08008d45   Thumb Code    40  api_lib.o(i.netconn_delete)
    netconn_free                             0x08008e11   Thumb Code   104  api_msg.o(i.netconn_free)
    netconn_listen_with_backlog              0x08008f7d   Thumb Code    40  api_lib.o(i.netconn_listen_with_backlog)
    netconn_new_with_proto_and_callback      0x08009025   Thumb Code   154  api_lib.o(i.netconn_new_with_proto_and_callback)
    netconn_recv                             0x0800919d   Thumb Code   146  api_lib.o(i.netconn_recv)
    netconn_write_partly                     0x080094b1   Thumb Code   134  api_lib.o(i.netconn_write_partly)
    netif_add                                0x080095d9   Thumb Code   106  netif.o(i.netif_add)
    netif_init                               0x080096bd   Thumb Code     2  netif.o(i.netif_init)
    netif_set_addr                           0x080096d9   Thumb Code    72  netif.o(i.netif_set_addr)
    netif_set_default                        0x08009721   Thumb Code     6  netif.o(i.netif_set_default)
    netif_set_down                           0x0800972d   Thumb Code    26  netif.o(i.netif_set_down)
    netif_set_gw                             0x08009747   Thumb Code     8  netif.o(i.netif_set_gw)
    netif_set_ipaddr                         0x08009751   Thumb Code    60  netif.o(i.netif_set_ipaddr)
    netif_set_netmask                        0x08009791   Thumb Code     8  netif.o(i.netif_set_netmask)
    netif_set_up                             0x08009799   Thumb Code    28  netif.o(i.netif_set_up)
    osDelay                                  0x080097b5   Thumb Code    14  cmsis_os.o(i.osDelay)
    osKernelStart                            0x080097c3   Thumb Code    10  cmsis_os.o(i.osKernelStart)
    osKernelSysTick                          0x080097cd   Thumb Code    24  cmsis_os.o(i.osKernelSysTick)
    osMessageCreate                          0x080097e5   Thumb Code    10  cmsis_os.o(i.osMessageCreate)
    osMessageDelete                          0x080097ef   Thumb Code    24  cmsis_os.o(i.osMessageDelete)
    osMessageGet                             0x08009809   Thumb Code   146  cmsis_os.o(i.osMessageGet)
    osMessagePut                             0x080098a1   Thumb Code    88  cmsis_os.o(i.osMessagePut)
    osMessageWaiting                         0x080098fd   Thumb Code    30  cmsis_os.o(i.osMessageWaiting)
    osMutexCreate                            0x0800991b   Thumb Code     6  cmsis_os.o(i.osMutexCreate)
    osMutexRelease                           0x08009921   Thumb Code    74  cmsis_os.o(i.osMutexRelease)
    osMutexWait                              0x08009971   Thumb Code   102  cmsis_os.o(i.osMutexWait)
    osSemaphoreCreate                        0x080099dd   Thumb Code    38  cmsis_os.o(i.osSemaphoreCreate)
    osSemaphoreDelete                        0x08009a03   Thumb Code    24  cmsis_os.o(i.osSemaphoreDelete)
    osSemaphoreRelease                       0x08009a1d   Thumb Code    74  cmsis_os.o(i.osSemaphoreRelease)
    osSemaphoreWait                          0x08009a6d   Thumb Code   102  cmsis_os.o(i.osSemaphoreWait)
    osSystickHandler                         0x08009ad9   Thumb Code    20  cmsis_os.o(i.osSystickHandler)
    osThreadCreate                           0x08009aed   Thumb Code    46  cmsis_os.o(i.osThreadCreate)
    pbuf_alloc                               0x08009b1d   Thumb Code   468  pbuf.o(i.pbuf_alloc)
    pbuf_alloced_custom                      0x08009e89   Thumb Code    98  pbuf.o(i.pbuf_alloced_custom)
    pbuf_cat                                 0x08009f69   Thumb Code    96  pbuf.o(i.pbuf_cat)
    pbuf_clen                                0x0800a099   Thumb Code    18  pbuf.o(i.pbuf_clen)
    pbuf_copy                                0x0800a0ad   Thumb Code   242  pbuf.o(i.pbuf_copy)
    pbuf_copy_partial                        0x0800a299   Thumb Code   126  pbuf.o(i.pbuf_copy_partial)
    pbuf_free                                0x0800a3b5   Thumb Code   192  pbuf.o(i.pbuf_free)
    pbuf_header                              0x0800a561   Thumb Code     6  pbuf.o(i.pbuf_header)
    pbuf_header_force                        0x0800a567   Thumb Code     6  pbuf.o(i.pbuf_header_force)
    pbuf_realloc                             0x0800a6d1   Thumb Code   196  pbuf.o(i.pbuf_realloc)
    pbuf_ref                                 0x0800a869   Thumb Code    46  pbuf.o(i.pbuf_ref)
    pvPortMalloc                             0x0800b0bd   Thumb Code   222  heap_4.o(i.pvPortMalloc)
    pvTaskIncrementMutexHeldCount            0x0800b1a1   Thumb Code    18  tasks.o(i.pvTaskIncrementMutexHeldCount)
    pxPortInitialiseStack                    0x0800b1b9   Thumb Code    42  port.o(i.pxPortInitialiseStack)
    sys_arch_mbox_fetch                      0x0800b60d   Thumb Code    70  sys_arch.o(i.sys_arch_mbox_fetch)
    sys_arch_mbox_tryfetch                   0x0800b653   Thumb Code    34  sys_arch.o(i.sys_arch_mbox_tryfetch)
    sys_arch_protect                         0x0800b675   Thumb Code    18  sys_arch.o(i.sys_arch_protect)
    sys_arch_sem_wait                        0x0800b68d   Thumb Code    56  sys_arch.o(i.sys_arch_sem_wait)
    sys_arch_unprotect                       0x0800b6c5   Thumb Code     8  sys_arch.o(i.sys_arch_unprotect)
    sys_init                                 0x0800b729   Thumb Code    14  sys_arch.o(i.sys_init)
    sys_mbox_free                            0x0800b741   Thumb Code    20  sys_arch.o(i.sys_mbox_free)
    sys_mbox_new                             0x0800b755   Thumb Code    34  sys_arch.o(i.sys_mbox_new)
    sys_mbox_post                            0x0800b77d   Thumb Code    26  sys_arch.o(i.sys_mbox_post)
    sys_mbox_set_invalid                     0x0800b797   Thumb Code     6  sys_arch.o(i.sys_mbox_set_invalid)
    sys_mbox_trypost                         0x0800b79d   Thumb Code    20  sys_arch.o(i.sys_mbox_trypost)
    sys_mbox_valid                           0x0800b7b1   Thumb Code    10  sys_arch.o(i.sys_mbox_valid)
    sys_mutex_lock                           0x0800b7bb   Thumb Code    10  sys_arch.o(i.sys_mutex_lock)
    sys_mutex_new                            0x0800b7c5   Thumb Code    28  sys_arch.o(i.sys_mutex_new)
    sys_mutex_unlock                         0x0800b7e1   Thumb Code     6  sys_arch.o(i.sys_mutex_unlock)
    sys_now                                  0x0800b7e7   Thumb Code     4  ethernetif.o(i.sys_now)
    sys_sem_free                             0x0800b7eb   Thumb Code     6  sys_arch.o(i.sys_sem_free)
    sys_sem_new                              0x0800b7f1   Thumb Code    42  sys_arch.o(i.sys_sem_new)
    sys_sem_set_invalid                      0x0800b81b   Thumb Code     6  sys_arch.o(i.sys_sem_set_invalid)
    sys_sem_signal                           0x0800b821   Thumb Code     6  sys_arch.o(i.sys_sem_signal)
    sys_sem_valid                            0x0800b827   Thumb Code    10  sys_arch.o(i.sys_sem_valid)
    sys_thread_new                           0x0800b831   Thumb Code    48  sys_arch.o(i.sys_thread_new)
    sys_timeout                              0x0800b861   Thumb Code   156  timeouts.o(i.sys_timeout)
    sys_timeouts_init                        0x0800b99d   Thumb Code    38  timeouts.o(i.sys_timeouts_init)
    sys_timeouts_mbox_fetch                  0x0800b9d1   Thumb Code    66  timeouts.o(i.sys_timeouts_mbox_fetch)
    tcp_abandon                              0x0800ba19   Thumb Code   230  tcp.o(i.tcp_abandon)
    tcp_abort                                0x0800bb91   Thumb Code     6  tcp.o(i.tcp_abort)
    tcp_accept                               0x0800bb97   Thumb Code    14  tcp.o(i.tcp_accept)
    tcp_alloc                                0x0800bbb5   Thumb Code   248  tcp.o(i.tcp_alloc)
    tcp_arg                                  0x0800bcb9   Thumb Code     8  tcp.o(i.tcp_arg)
    tcp_bind                                 0x0800bcc1   Thumb Code   152  tcp.o(i.tcp_bind)
    tcp_close                                0x0800bde5   Thumb Code    20  tcp.o(i.tcp_close)
    tcp_connect                              0x0800c049   Thumb Code   244  tcp.o(i.tcp_connect)
    tcp_eff_send_mss_impl                    0x0800c2e9   Thumb Code    34  tcp.o(i.tcp_eff_send_mss_impl)
    tcp_enqueue_flags                        0x0800c30d   Thumb Code   262  tcp_out.o(i.tcp_enqueue_flags)
    tcp_err                                  0x0800c51d   Thumb Code    34  tcp.o(i.tcp_err)
    tcp_fasttmr                              0x0800c5c1   Thumb Code   102  tcp.o(i.tcp_fasttmr)
    tcp_init                                 0x0800c65d   Thumb Code     2  tcp.o(i.tcp_init)
    tcp_input                                0x0800c661   Thumb Code  1496  tcp_in.o(i.tcp_input)
    tcp_keepalive                            0x0800cc79   Thumb Code    82  tcp_out.o(i.tcp_keepalive)
    tcp_listen_with_backlog_and_err          0x0800cf49   Thumb Code   158  tcp.o(i.tcp_listen_with_backlog_and_err)
    tcp_netif_ip_addr_changed                0x0800d06d   Thumb Code    72  tcp.o(i.tcp_netif_ip_addr_changed)
    tcp_new_ip_type                          0x0800d0db   Thumb Code     6  tcp.o(i.tcp_new_ip_type)
    tcp_next_iss                             0x0800d13d   Thumb Code    12  tcp.o(i.tcp_next_iss)
    tcp_output                               0x0800d1c9   Thumb Code   562  tcp_out.o(i.tcp_output)
    tcp_pcb_purge                            0x0800d7a9   Thumb Code    66  tcp.o(i.tcp_pcb_purge)
    tcp_pcb_remove                           0x0800d7ed   Thumb Code   140  tcp.o(i.tcp_pcb_remove)
    tcp_poll                                 0x0800d91d   Thumb Code    36  tcp.o(i.tcp_poll)
    tcp_process_refused_data                 0x0800de41   Thumb Code   108  tcp.o(i.tcp_process_refused_data)
    tcp_recv                                 0x0800e8e1   Thumb Code    34  tcp.o(i.tcp_recv)
    tcp_recv_null                            0x0800e985   Thumb Code    36  tcp.o(i.tcp_recv_null)
    tcp_recved                               0x0800e9a9   Thumb Code   106  tcp.o(i.tcp_recved)
    tcp_rexmit                               0x0800eab9   Thumb Code    86  tcp_out.o(i.tcp_rexmit)
    tcp_rexmit_fast                          0x0800eb0f   Thumb Code    88  tcp_out.o(i.tcp_rexmit_fast)
    tcp_rexmit_rto                           0x0800eb67   Thumb Code    48  tcp_out.o(i.tcp_rexmit_rto)
    tcp_rst                                  0x0800eb99   Thumb Code   148  tcp_out.o(i.tcp_rst)
    tcp_seg_copy                             0x0800ecb9   Thumb Code    40  tcp.o(i.tcp_seg_copy)
    tcp_seg_free                             0x0800ece1   Thumb Code    28  tcp.o(i.tcp_seg_free)
    tcp_segs_free                            0x0800ecfd   Thumb Code    18  tcp.o(i.tcp_segs_free)
    tcp_send_empty_ack                       0x0800ed0f   Thumb Code   114  tcp_out.o(i.tcp_send_empty_ack)
    tcp_send_fin                             0x0800ed81   Thumb Code    68  tcp_out.o(i.tcp_send_fin)
    tcp_sendata                              0x0800edc5   Thumb Code   200  modbus_tcp.o(i.tcp_sendata)
    tcp_sent                                 0x0800ef51   Thumb Code    32  tcp.o(i.tcp_sent)
    tcp_shutdown                             0x0800eff1   Thumb Code    78  tcp.o(i.tcp_shutdown)
    tcp_slowtmr                              0x0800f041   Thumb Code   786  tcp.o(i.tcp_slowtmr)
    tcp_timer_needed                         0x0800f51d   Thumb Code    36  timeouts.o(i.tcp_timer_needed)
    tcp_tmr                                  0x0800f5b9   Thumb Code    28  tcp.o(i.tcp_tmr)
    tcp_trigger_input_pcb_close              0x0800f5d9   Thumb Code    12  tcp_in.o(i.tcp_trigger_input_pcb_close)
    tcp_update_rcv_ann_wnd                   0x0800f5e9   Thumb Code    76  tcp.o(i.tcp_update_rcv_ann_wnd)
    tcp_write                                0x0800f6a9   Thumb Code  1680  tcp_out.o(i.tcp_write)
    tcp_zero_window_probe                    0x0800fe79   Thumb Code   174  tcp_out.o(i.tcp_zero_window_probe)
    tcpip_callback_with_block                0x0800ff29   Thumb Code    94  tcpip.o(i.tcpip_callback_with_block)
    tcpip_init                               0x0800fff5   Thumb Code    88  tcpip.o(i.tcpip_init)
    tcpip_inpkt                              0x08010105   Thumb Code    82  tcpip.o(i.tcpip_inpkt)
    tcpip_input                              0x080101c5   Thumb Code    20  tcpip.o(i.tcpip_input)
    tcpip_send_msg_wait_sem                  0x080101e1   Thumb Code    26  tcpip.o(i.tcpip_send_msg_wait_sem)
    udp_bind                                 0x08010331   Thumb Code   174  udp.o(i.udp_bind)
    udp_connect                              0x080103e9   Thumb Code    76  udp.o(i.udp_connect)
    udp_init                                 0x08010439   Thumb Code     2  udp.o(i.udp_init)
    udp_input                                0x0801043d   Thumb Code   296  udp.o(i.udp_input)
    udp_netif_ip_addr_changed                0x080105d9   Thumb Code    48  udp.o(i.udp_netif_ip_addr_changed)
    udp_new                                  0x0801060d   Thumb Code    26  udp.o(i.udp_new)
    udp_new_ip_type                          0x08010627   Thumb Code     4  udp.o(i.udp_new_ip_type)
    udp_recv                                 0x0801062b   Thumb Code     6  udp.o(i.udp_recv)
    udp_remove                               0x08010631   Thumb Code    42  udp.o(i.udp_remove)
    uxListRemove                             0x08010661   Thumb Code    36  list.o(i.uxListRemove)
    uxQueueMessagesWaiting                   0x08010685   Thumb Code    40  queue.o(i.uxQueueMessagesWaiting)
    uxQueueMessagesWaitingFromISR            0x080106ad   Thumb Code    26  queue.o(i.uxQueueMessagesWaitingFromISR)
    vListInitialise                          0x080106c7   Thumb Code    22  list.o(i.vListInitialise)
    vListInitialiseItem                      0x080106dd   Thumb Code     6  list.o(i.vListInitialiseItem)
    vListInsert                              0x080106e3   Thumb Code    48  list.o(i.vListInsert)
    vListInsertEnd                           0x08010713   Thumb Code    24  list.o(i.vListInsertEnd)
    vPortEnterCritical                       0x0801072d   Thumb Code    62  port.o(i.vPortEnterCritical)
    vPortExitCritical                        0x08010775   Thumb Code    38  port.o(i.vPortExitCritical)
    vPortFree                                0x080107a1   Thumb Code    96  heap_4.o(i.vPortFree)
    vPortSetupTimerInterrupt                 0x08010805   Thumb Code    26  port.o(i.vPortSetupTimerInterrupt)
    vPortValidateInterruptPriority           0x08010825   Thumb Code    82  port.o(i.vPortValidateInterruptPriority)
    vQueueDelete                             0x08010881   Thumb Code    40  queue.o(i.vQueueDelete)
    vQueueUnregisterQueue                    0x080108a9   Thumb Code    36  queue.o(i.vQueueUnregisterQueue)
    vTaskDelay                               0x080108d1   Thumb Code    70  tasks.o(i.vTaskDelay)
    vTaskMissedYield                         0x08010921   Thumb Code     8  tasks.o(i.vTaskMissedYield)
    vTaskPlaceOnEventList                    0x0801092d   Thumb Code    48  tasks.o(i.vTaskPlaceOnEventList)
    vTaskPriorityInherit                     0x08010961   Thumb Code   128  tasks.o(i.vTaskPriorityInherit)
    vTaskSetTimeOutState                     0x080109e9   Thumb Code    34  tasks.o(i.vTaskSetTimeOutState)
    vTaskStartScheduler                      0x08010a11   Thumb Code    94  tasks.o(i.vTaskStartScheduler)
    vTaskSuspendAll                          0x08010a81   Thumb Code    10  tasks.o(i.vTaskSuspendAll)
    vTaskSwitchContext                       0x08010a91   Thumb Code    86  tasks.o(i.vTaskSwitchContext)
    xPortStartScheduler                      0x08010af1   Thumb Code   152  port.o(i.xPortStartScheduler)
    xPortSysTickHandler                      0x08010b99   Thumb Code    42  port.o(i.xPortSysTickHandler)
    xQueueCreateMutex                        0x08010bc9   Thumb Code    36  queue.o(i.xQueueCreateMutex)
    xQueueGenericCreate                      0x08010bed   Thumb Code    76  queue.o(i.xQueueGenericCreate)
    xQueueGenericReceive                     0x08010c39   Thumb Code   376  queue.o(i.xQueueGenericReceive)
    xQueueGenericReset                       0x08010db5   Thumb Code   148  queue.o(i.xQueueGenericReset)
    xQueueGenericSend                        0x08010e4d   Thumb Code   362  queue.o(i.xQueueGenericSend)
    xQueueGenericSendFromISR                 0x08010fbd   Thumb Code   204  queue.o(i.xQueueGenericSendFromISR)
    xQueueGiveFromISR                        0x08011089   Thumb Code   172  queue.o(i.xQueueGiveFromISR)
    xQueueReceiveFromISR                     0x08011135   Thumb Code   168  queue.o(i.xQueueReceiveFromISR)
    xTaskCheckForTimeOut                     0x080111dd   Thumb Code   110  tasks.o(i.xTaskCheckForTimeOut)
    xTaskCreate                              0x08011251   Thumb Code    86  tasks.o(i.xTaskCreate)
    xTaskGetSchedulerState                   0x080112a9   Thumb Code    22  tasks.o(i.xTaskGetSchedulerState)
    xTaskGetTickCount                        0x080112c5   Thumb Code     6  tasks.o(i.xTaskGetTickCount)
    xTaskGetTickCountFromISR                 0x080112d1   Thumb Code    12  tasks.o(i.xTaskGetTickCountFromISR)
    xTaskIncrementTick                       0x080112e1   Thumb Code   196  tasks.o(i.xTaskIncrementTick)
    xTaskPriorityDisinherit                  0x080113ad   Thumb Code   158  tasks.o(i.xTaskPriorityDisinherit)
    xTaskRemoveFromEventList                 0x08011455   Thumb Code   112  tasks.o(i.xTaskRemoveFromEventList)
    xTaskResumeAll                           0x080114cd   Thumb Code   188  tasks.o(i.xTaskResumeAll)
    AHBPrescTable                            0x08011640   Data          16  system_stm32f7xx.o(.constdata)
    APBPrescTable                            0x08011650   Data           8  system_stm32f7xx.o(.constdata)
    os_mutex_def_lwip_sys_mutex              0x08011658   Data           4  sys_arch.o(.constdata)
    ip_addr_any                              0x08011664   Data           4  ip4_addr.o(.constdata)
    lwip_cyclic_timers                       0x08011668   Data          24  timeouts.o(.constdata)
    tcp_pcb_lists                            0x080116c4   Data          16  tcp.o(.constdata)
    ethbroadcast                             0x080116d4   Data           6  ethernet.o(.constdata)
    ethzero                                  0x080116da   Data           6  ethernet.o(.constdata)
    memp_UDP_PCB                             0x080116e0   Data          12  memp.o(.constdata)
    memp_TCP_PCB                             0x080116ec   Data          12  memp.o(.constdata)
    memp_TCP_PCB_LISTEN                      0x080116f8   Data          12  memp.o(.constdata)
    memp_TCP_SEG                             0x08011704   Data          12  memp.o(.constdata)
    memp_REASSDATA                           0x08011710   Data          12  memp.o(.constdata)
    memp_FRAG_PBUF                           0x0801171c   Data          12  memp.o(.constdata)
    memp_NETBUF                              0x08011728   Data          12  memp.o(.constdata)
    memp_NETCONN                             0x08011734   Data          12  memp.o(.constdata)
    memp_TCPIP_MSG_API                       0x08011740   Data          12  memp.o(.constdata)
    memp_TCPIP_MSG_INPKT                     0x0801174c   Data          12  memp.o(.constdata)
    memp_SYS_TIMEOUT                         0x08011758   Data          12  memp.o(.constdata)
    memp_PBUF                                0x08011764   Data          12  memp.o(.constdata)
    memp_PBUF_POOL                           0x08011770   Data          12  memp.o(.constdata)
    memp_pools                               0x0801177c   Data          52  memp.o(.constdata)
    Region$$Table$$Base                      0x080118f0   Number         0  anon$$obj.o(Region$$Table)
    Region$$Table$$Limit                     0x08011910   Number         0  anon$$obj.o(Region$$Table)
    flag_request_or_response_func1_ascii     0x20000002   Data           1  modbus_ascii.o(.data)
    flag_request_or_response_func2_ascii     0x20000003   Data           1  modbus_ascii.o(.data)
    flag_request_or_response_func3_ascii     0x20000004   Data           1  modbus_ascii.o(.data)
    flag_request_or_response_func4_ascii     0x20000005   Data           1  modbus_ascii.o(.data)
    flag_request_or_response_func15_ascii    0x20000006   Data           1  modbus_ascii.o(.data)
    flag_request_or_response_func16_ascii    0x20000007   Data           1  modbus_ascii.o(.data)
    byte_get_add_slave_ascii                 0x20000008   Data           1  modbus_ascii.o(.data)
    byte_get_function_ascii                  0x20000009   Data           1  modbus_ascii.o(.data)
    number_byte_follow_ascii                 0x2000000a   Data           1  modbus_ascii.o(.data)
    lrc                                      0x2000000b   Data           1  modbus_ascii.o(.data)
    count_data_modbusRx_Queue_ascii          0x2000000c   Data           2  modbus_ascii.o(.data)
    add_register_start_ascii                 0x2000000e   Data           2  modbus_ascii.o(.data)
    number_register_ascii                    0x20000010   Data           2  modbus_ascii.o(.data)
    uart_modbus_ascii                        0x20000014   Data           4  modbus_ascii.o(.data)
    count_flag_receive_success_tcp           0x20000019   Data           1  modbus_tcp.o(.data)
    flag_request_or_response_func1_tcp       0x2000001a   Data           1  modbus_tcp.o(.data)
    flag_request_or_response_func2_tcp       0x2000001b   Data           1  modbus_tcp.o(.data)
    flag_request_or_response_func3_tcp       0x2000001c   Data           1  modbus_tcp.o(.data)
    flag_request_or_response_func4_tcp       0x2000001d   Data           1  modbus_tcp.o(.data)
    flag_request_or_response_func15_tcp      0x2000001e   Data           1  modbus_tcp.o(.data)
    flag_request_or_response_func16_tcp      0x2000001f   Data           1  modbus_tcp.o(.data)
    res                                      0x20000021   Data           1  modbus_tcp.o(.data)
    byte_get_add_slave_tcp                   0x20000022   Data           1  modbus_tcp.o(.data)
    byte_get_function_tcp                    0x20000023   Data           1  modbus_tcp.o(.data)
    number_byte_follow_tcp                   0x20000024   Data           1  modbus_tcp.o(.data)
    byte_get_transaction_id                  0x20000026   Data           2  modbus_tcp.o(.data)
    byte_get_protocol_id                     0x20000028   Data           2  modbus_tcp.o(.data)
    byte_get_message_len                     0x2000002a   Data           2  modbus_tcp.o(.data)
    add_register_start_tcp                   0x2000002c   Data           2  modbus_tcp.o(.data)
    number_register_tcp                      0x2000002e   Data           2  modbus_tcp.o(.data)
    nc                                       0x20000030   Data           4  modbus_tcp.o(.data)
    in_nc                                    0x20000034   Data           4  modbus_tcp.o(.data)
    netTaskHandle                            0x20000038   Data           4  modbus_tcp.o(.data)
    TcpTaskHandle                            0x2000003c   Data           4  modbus_tcp.o(.data)
    nc_com                                   0x20000040   Data           4  modbus_tcp.o(.data)
    add_slave                                0x20000044   Data           1  modbus_register.o(.data)
    modbus_number_register                   0x20000046   Data           2  modbus_register.o(.data)
    modbus_number_coil                       0x20000048   Data           2  modbus_register.o(.data)
    pxCurrentTCB                             0x2000004c   Data           4  tasks.o(.data)
    uwTickFreq                               0x200000ac   Data           1  stm32f7xx_hal.o(.data)
    uwTickPrio                               0x200000b0   Data           4  stm32f7xx_hal.o(.data)
    uwTick                                   0x200000b4   Data           4  stm32f7xx_hal.o(.data)
    ipaddr                                   0x200000b8   Data           4  lwip.o(.data)
    netmask                                  0x200000bc   Data           4  lwip.o(.data)
    gw                                       0x200000c0   Data           4  lwip.o(.data)
    IP_ADDRESS                               0x200000c4   Data           4  lwip.o(.data)
    NETMASK_ADDRESS                          0x200000c8   Data           4  lwip.o(.data)
    GATEWAY_ADDRESS                          0x200000cc   Data           4  lwip.o(.data)
    s_xSemaphore                             0x200000d0   Data           4  ethernetif.o(.data)
    button                                   0x200000d4   Data           1  freertos.o(.data)
    button_action                            0x200000d5   Data           1  freertos.o(.data)
    SysTaskHandle                            0x200000d8   Data           4  freertos.o(.data)
    ModbusTaskHandle                         0x200000dc   Data           4  freertos.o(.data)
    modbusTcpRxQueueHandle                   0x200000e0   Data           4  freertos.o(.data)
    modbusRtuQueueHandle                     0x200000e4   Data           4  freertos.o(.data)
    modbusAsciiQueueHandle                   0x200000e8   Data           4  freertos.o(.data)
    DEBUG                                    0x200000ec   Data           4  stdio.o(.data)
    SystemCoreClock                          0x200000f0   Data           4  system_stm32f7xx.o(.data)
    lwip_sys_mutex                           0x200000f4   Data           4  sys_arch.o(.data)
    lock_tcpip_core                          0x20000104   Data           4  tcpip.o(.data)
    netif_list                               0x2000010c   Data           4  netif.o(.data)
    netif_default                            0x20000110   Data           4  netif.o(.data)
    tcp_input_pcb                            0x20000134   Data           4  tcp_in.o(.data)
    tcp_active_pcbs_changed                  0x20000144   Data           1  tcp.o(.data)
    tcp_ticks                                0x20000150   Data           4  tcp.o(.data)
    tcp_bound_pcbs                           0x20000154   Data           4  tcp.o(.data)
    tcp_listen_pcbs                          0x20000158   Data           4  tcp.o(.data)
    tcp_active_pcbs                          0x2000015c   Data           4  tcp.o(.data)
    tcp_tw_pcbs                              0x20000160   Data           4  tcp.o(.data)
    netconn_aborted                          0x20000165   Data           1  api_msg.o(.data)
    pbuf_free_ooseq_pending                  0x2000019e   Data           1  pbuf.o(.data)
    udp_pcbs                                 0x200001a4   Data           4  udp.o(.data)
    __stdout                                 0x200001c0   Data           4  stdout.o(.data)
    buf_register_tcp                         0x200001c4   Data         400  modbus_tcp.o(.bss)
    buf_tx_modbus_tcp                        0x20000354   Data         200  modbus_tcp_func.o(.bss)
    modbus_register_00000                    0x2000041c   Data         200  modbus_register.o(.bss)
    modbus_register_10000                    0x200004e4   Data         200  modbus_register.o(.bss)
    modbus_register_40000                    0x200005ac   Data         400  modbus_register.o(.bss)
    modbus_register_30000                    0x2000073c   Data         400  modbus_register.o(.bss)
    xQueueRegistry                           0x200009bc   Data          64  queue.o(.bss)
    huart4                                   0x200045fc   Data         112  usart.o(.bss)
    huart3                                   0x2000466c   Data         112  usart.o(.bss)
    huart6                                   0x200046dc   Data         112  usart.o(.bss)
    gnetif                                   0x2000474c   Data          52  lwip.o(.bss)
    DMARxDscrTab                             0x20004780   Data         128  ethernetif.o(.bss)
    DMATxDscrTab                             0x20004800   Data         128  ethernetif.o(.bss)
    Rx_Buff                                  0x20004880   Data        6096  ethernetif.o(.bss)
    Tx_Buff                                  0x20006050   Data        6096  ethernetif.o(.bss)
    heth                                     0x20007820   Data          72  ethernetif.o(.bss)
    hadc3                                    0x20007868   Data          72  adc.o(.bss)
    hdma_adc3                                0x200078b0   Data          96  adc.o(.bss)
    adc_buffer                               0x20007910   Data          26  freertos.o(.bss)
    memp_memory_UDP_PCB_base                 0x20007a3c   Data         131  memp.o(.bss)
    memp_memory_TCP_PCB_base                 0x20007abf   Data         763  memp.o(.bss)
    memp_memory_TCP_PCB_LISTEN_base          0x20007dba   Data         227  memp.o(.bss)
    memp_memory_TCP_SEG_base                 0x20007e9d   Data         259  memp.o(.bss)
    memp_memory_REASSDATA_base               0x20007fa0   Data         163  memp.o(.bss)
    memp_memory_FRAG_PBUF_base               0x20008043   Data         363  memp.o(.bss)
    memp_memory_NETBUF_base                  0x200081ae   Data          35  memp.o(.bss)
    memp_memory_NETCONN_base                 0x200081d1   Data         179  memp.o(.bss)
    memp_memory_TCPIP_MSG_API_base           0x20008284   Data         131  memp.o(.bss)
    memp_memory_TCPIP_MSG_INPKT_base         0x20008307   Data         131  memp.o(.bss)
    memp_memory_SYS_TIMEOUT_base             0x2000838a   Data          51  memp.o(.bss)
    memp_memory_PBUF_base                    0x200083bd   Data         259  memp.o(.bss)
    memp_memory_PBUF_POOL_base               0x200084c0   Data        9731  memp.o(.bss)
    ip_data                                  0x2000aac4   Data          24  ip.o(.bss)
    ram_heap                                 0x2000aadc   Data        1619  mem.o(.bss)
    __initial_sp                             0x2000b530   Data           0  startup_stm32f767xx.o(STACK)



==============================================================================

Memory Map of the image

  Image Entry point : 0x080001f9

  Load Region LR_IROM1 (Base: 0x08000000, Size: 0x00011ad4, Max: 0x00200000, ABSOLUTE, COMPRESSED[0x00011938])

    Execution Region ER_IROM1 (Base: 0x08000000, Size: 0x00011910, Max: 0x00200000, ABSOLUTE)

    Base Addr    Size         Type   Attr      Idx    E Section Name        Object

    0x08000000   0x000001f8   Data   RO            3    RESET               startup_stm32f767xx.o
    0x080001f8   0x00000000   Code   RO         8992  * .ARM.Collect$$$$00000000  mc_w.l(entry.o)
    0x080001f8   0x00000004   Code   RO         9270    .ARM.Collect$$$$00000001  mc_w.l(entry2.o)
    0x080001fc   0x00000004   Code   RO         9273    .ARM.Collect$$$$00000004  mc_w.l(entry5.o)
    0x08000200   0x00000000   Code   RO         9275    .ARM.Collect$$$$00000008  mc_w.l(entry7b.o)
    0x08000200   0x00000000   Code   RO         9277    .ARM.Collect$$$$0000000A  mc_w.l(entry8b.o)
    0x08000200   0x00000008   Code   RO         9278    .ARM.Collect$$$$0000000B  mc_w.l(entry9a.o)
    0x08000208   0x00000000   Code   RO         9280    .ARM.Collect$$$$0000000D  mc_w.l(entry10a.o)
    0x08000208   0x00000000   Code   RO         9282    .ARM.Collect$$$$0000000F  mc_w.l(entry11a.o)
    0x08000208   0x00000004   Code   RO         9271    .ARM.Collect$$$$00002712  mc_w.l(entry2.o)
    0x0800020c   0x000000ba   Code   RO         1428    .emb_text           port.o
    0x080002c6   0x00000002   PAD
    0x080002c8   0x00000024   Code   RO            4    .text               startup_stm32f767xx.o
    0x080002ec   0x00000062   Code   RO         8995    .text               mc_w.l(uldiv.o)
    0x0800034e   0x00000024   Code   RO         8997    .text               mc_w.l(memcpya.o)
    0x08000372   0x00000024   Code   RO         8999    .text               mc_w.l(memseta.o)
    0x08000396   0x0000001a   Code   RO         9003    .text               mc_w.l(memcmp.o)
    0x080003b0   0x0000002c   Code   RO         9285    .text               mc_w.l(uidiv.o)
    0x080003dc   0x0000001e   Code   RO         9287    .text               mc_w.l(llshl.o)
    0x080003fa   0x00000020   Code   RO         9289    .text               mc_w.l(llushr.o)
    0x0800041a   0x00000002   PAD
    0x0800041c   0x00000024   Code   RO         9302    .text               mc_w.l(init.o)
    0x08000440   0x00000056   Code   RO         9316    .text               mc_w.l(__dczerorl2.o)
    0x08000496   0x00000062   Code   RO         2499    i.ADC_DMAConvCplt   stm32f7xx_hal_adc.o
    0x080004f8   0x00000016   Code   RO         2500    i.ADC_DMAError      stm32f7xx_hal_adc.o
    0x0800050e   0x0000000a   Code   RO         2501    i.ADC_DMAHalfConvCplt  stm32f7xx_hal_adc.o
    0x08000518   0x00000134   Code   RO         2502    i.ADC_Init          stm32f7xx_hal_adc.o
    0x0800064c   0x0000000c   Code   RO         4981    i.DMA2_Stream0_IRQHandler  stm32f7xx_it.o
    0x08000658   0x00000028   Code   RO         3902    i.DMA_CalcBaseAndBitshift  stm32f7xx_hal_dma.o
    0x08000680   0x00000054   Code   RO         3903    i.DMA_CheckFifoParam  stm32f7xx_hal_dma.o
    0x080006d4   0x00000028   Code   RO         3904    i.DMA_SetConfig     stm32f7xx_hal_dma.o
    0x080006fc   0x0000002e   Code   RO         4128    i.ETH_FlushTransmitFIFO  stm32f7xx_hal_eth.o
    0x0800072a   0x00000002   PAD
    0x0800072c   0x0000000c   Code   RO         4982    i.ETH_IRQHandler    stm32f7xx_it.o
    0x08000738   0x00000124   Code   RO         4129    i.ETH_MACDMAConfig  stm32f7xx_hal_eth.o
    0x0800085c   0x00000008   Code   RO         4983    i.EXTI15_10_IRQHandler  stm32f7xx_it.o
    0x08000864   0x00000164   Code   RO         2504    i.HAL_ADC_ConfigChannel  stm32f7xx_hal_adc.o
    0x080009c8   0x00000002   Code   RO         2505    i.HAL_ADC_ConvCpltCallback  stm32f7xx_hal_adc.o
    0x080009ca   0x00000002   Code   RO         2506    i.HAL_ADC_ConvHalfCpltCallback  stm32f7xx_hal_adc.o
    0x080009cc   0x00000002   Code   RO         2508    i.HAL_ADC_ErrorCallback  stm32f7xx_hal_adc.o
    0x080009ce   0x00000054   Code   RO         2513    i.HAL_ADC_Init      stm32f7xx_hal_adc.o
    0x08000a22   0x00000002   PAD
    0x08000a24   0x000000b8   Code   RO         4833    i.HAL_ADC_MspInit   adc.o
    0x08000adc   0x000000fc   Code   RO         2520    i.HAL_ADC_Start_DMA  stm32f7xx_hal_adc.o
    0x08000bd8   0x00000024   Code   RO         3906    i.HAL_DMA_Abort_IT  stm32f7xx_hal_dma.o
    0x08000bfc   0x000001a0   Code   RO         3910    i.HAL_DMA_IRQHandler  stm32f7xx_hal_dma.o
    0x08000d9c   0x000000e4   Code   RO         3911    i.HAL_DMA_Init      stm32f7xx_hal_dma.o
    0x08000e80   0x0000007a   Code   RO         3915    i.HAL_DMA_Start_IT  stm32f7xx_hal_dma.o
    0x08000efa   0x00000002   PAD
    0x08000efc   0x00000024   Code   RO         4283    i.HAL_Delay         stm32f7xx_hal.o
    0x08000f20   0x00000074   Code   RO         4132    i.HAL_ETH_DMARxDescListInit  stm32f7xx_hal_eth.o
    0x08000f94   0x00000084   Code   RO         4133    i.HAL_ETH_DMATxDescListInit  stm32f7xx_hal_eth.o
    0x08001018   0x00000002   Code   RO         4135    i.HAL_ETH_ErrorCallback  stm32f7xx_hal_eth.o
    0x0800101a   0x0000008c   Code   RO         4137    i.HAL_ETH_GetReceivedFrame_IT  stm32f7xx_hal_eth.o
    0x080010a6   0x00000076   Code   RO         4139    i.HAL_ETH_IRQHandler  stm32f7xx_hal_eth.o
    0x0800111c   0x000001f0   Code   RO         4140    i.HAL_ETH_Init      stm32f7xx_hal_eth.o
    0x0800130c   0x000000ac   Code   RO         4708    i.HAL_ETH_MspInit   ethernetif.o
    0x080013b8   0x00000086   Code   RO         4143    i.HAL_ETH_ReadPHYRegister  stm32f7xx_hal_eth.o
    0x0800143e   0x00000002   PAD
    0x08001440   0x0000000c   Code   RO         4709    i.HAL_ETH_RxCpltCallback  ethernetif.o
    0x0800144c   0x00000084   Code   RO         4145    i.HAL_ETH_Start     stm32f7xx_hal_eth.o
    0x080014d0   0x00000112   Code   RO         4147    i.HAL_ETH_TransmitFrame  stm32f7xx_hal_eth.o
    0x080015e2   0x00000002   Code   RO         4148    i.HAL_ETH_TxCpltCallback  stm32f7xx_hal_eth.o
    0x080015e4   0x0000007a   Code   RO         4149    i.HAL_ETH_WritePHYRegister  stm32f7xx_hal_eth.o
    0x0800165e   0x00000002   PAD
    0x08001660   0x00000024   Code   RO         4920    i.HAL_GPIO_EXTI_Callback  freertos.o
    0x08001684   0x00000018   Code   RO         3425    i.HAL_GPIO_EXTI_IRQHandler  stm32f7xx_hal_gpio.o
    0x0800169c   0x000001d8   Code   RO         3426    i.HAL_GPIO_Init     stm32f7xx_hal_gpio.o
    0x08001874   0x00000008   Code   RO         3429    i.HAL_GPIO_TogglePin  stm32f7xx_hal_gpio.o
    0x0800187c   0x0000000a   Code   RO         3430    i.HAL_GPIO_WritePin  stm32f7xx_hal_gpio.o
    0x08001886   0x00000002   PAD
    0x08001888   0x0000000c   Code   RO         4293    i.HAL_GetTick       stm32f7xx_hal.o
    0x08001894   0x00000010   Code   RO         4299    i.HAL_IncTick       stm32f7xx_hal.o
    0x080018a4   0x00000016   Code   RO         4300    i.HAL_Init          stm32f7xx_hal.o
    0x080018ba   0x00000002   PAD
    0x080018bc   0x00000040   Code   RO         4301    i.HAL_InitTick      stm32f7xx_hal.o
    0x080018fc   0x00000058   Code   RO         4683    i.HAL_MspInit       stm32f7xx_hal_msp.o
    0x08001954   0x00000016   Code   RO         3558    i.HAL_NVIC_EnableIRQ  stm32f7xx_hal_cortex.o
    0x0800196a   0x00000002   PAD
    0x0800196c   0x00000040   Code   RO         3564    i.HAL_NVIC_SetPriority  stm32f7xx_hal_cortex.o
    0x080019ac   0x00000024   Code   RO         3565    i.HAL_NVIC_SetPriorityGrouping  stm32f7xx_hal_cortex.o
    0x080019d0   0x0000006c   Code   RO         3698    i.HAL_PWREx_EnableOverDrive  stm32f7xx_hal_pwr_ex.o
    0x08001a3c   0x0000053c   Code   RO         2941    i.HAL_RCCEx_PeriphCLKConfig  stm32f7xx_hal_rcc_ex.o
    0x08001f78   0x0000012c   Code   RO         2834    i.HAL_RCC_ClockConfig  stm32f7xx_hal_rcc.o
    0x080020a4   0x0000000c   Code   RO         2839    i.HAL_RCC_GetHCLKFreq  stm32f7xx_hal_rcc.o
    0x080020b0   0x00000020   Code   RO         2841    i.HAL_RCC_GetPCLK1Freq  stm32f7xx_hal_rcc.o
    0x080020d0   0x00000020   Code   RO         2842    i.HAL_RCC_GetPCLK2Freq  stm32f7xx_hal_rcc.o
    0x080020f0   0x00000060   Code   RO         2843    i.HAL_RCC_GetSysClockFreq  stm32f7xx_hal_rcc.o
    0x08002150   0x0000033c   Code   RO         2846    i.HAL_RCC_OscConfig  stm32f7xx_hal_rcc.o
    0x0800248c   0x0000008c   Code   RO         2212    i.HAL_RS485Ex_Init  stm32f7xx_hal_uart.o
    0x08002518   0x00000018   Code   RO         3567    i.HAL_SYSTICK_CLKSourceConfig  stm32f7xx_hal_cortex.o
    0x08002530   0x00000026   Code   RO         3569    i.HAL_SYSTICK_Config  stm32f7xx_hal_cortex.o
    0x08002556   0x00000002   Code   RO         2217    i.HAL_UART_ErrorCallback  stm32f7xx_hal_uart.o
    0x08002558   0x00000178   Code   RO         2220    i.HAL_UART_IRQHandler  stm32f7xx_hal_uart.o
    0x080026d0   0x0000006a   Code   RO         2221    i.HAL_UART_Init     stm32f7xx_hal_uart.o
    0x0800273a   0x00000002   PAD
    0x0800273c   0x000000f8   Code   RO         4526    i.HAL_UART_MspInit  usart.o
    0x08002834   0x0000008e   Code   RO         2226    i.HAL_UART_Receive_IT  stm32f7xx_hal_uart.o
    0x080028c2   0x00000004   Code   RO         4921    i.HAL_UART_RxCpltCallback  freertos.o
    0x080028c6   0x00000002   PAD
    0x080028c8   0x000000b6   Code   RO         2229    i.HAL_UART_Transmit  stm32f7xx_hal_uart.o
    0x0800297e   0x00000002   Code   RO         2232    i.HAL_UART_TxCpltCallback  stm32f7xx_hal_uart.o
    0x08002980   0x00000194   Code   RO         4834    i.MX_ADC3_Init      adc.o
    0x08002b14   0x0000002c   Code   RO         5066    i.MX_DMA_Init       dma.o
    0x08002b40   0x00000078   Code   RO         4922    i.MX_FREERTOS_Init  freertos.o
    0x08002bb8   0x000001fc   Code   RO         4582    i.MX_GPIO_Init      gpio.o
    0x08002db4   0x000000fc   Code   RO         4606    i.MX_LWIP_Init      lwip.o
    0x08002eb0   0x00000054   Code   RO         4527    i.MX_UART4_Init     usart.o
    0x08002f04   0x00000050   Code   RO         4528    i.MX_USART3_UART_Init  usart.o
    0x08002f54   0x00000054   Code   RO         4529    i.MX_USART6_UART_Init  usart.o
    0x08002fa8   0x00000022   Code   RO         3571    i.NVIC_SetPriority  stm32f7xx_hal_cortex.o
    0x08002fca   0x0000000c   Code   RO         4923    i.StartModbusTask   freertos.o
    0x08002fd6   0x00000002   PAD
    0x08002fd8   0x0000009c   Code   RO         4924    i.StartSysTask      freertos.o
    0x08003074   0x000002d4   Code   RO          679    i.StartTcpTask      modbus_tcp.o
    0x08003348   0x000000ec   Code   RO          680    i.StartnetTask      modbus_tcp.o
    0x08003434   0x0000000e   Code   RO         4984    i.SysTick_Handler   stm32f7xx_it.o
    0x08003442   0x00000002   PAD
    0x08003444   0x000000bc   Code   RO         4877    i.SystemClock_Config  main.o
    0x08003500   0x00000054   Code   RO         5091    i.SystemInit        system_stm32f7xx.o
    0x08003554   0x0000000c   Code   RO         4985    i.UART4_IRQHandler  stm32f7xx_it.o
    0x08003560   0x000000c8   Code   RO         2234    i.UART_AdvFeatureConfig  stm32f7xx_hal_uart.o
    0x08003628   0x00000040   Code   RO         2235    i.UART_CheckIdleState  stm32f7xx_hal_uart.o
    0x08003668   0x00000014   Code   RO         2236    i.UART_DMAAbortOnError  stm32f7xx_hal_uart.o
    0x0800367c   0x0000001c   Code   RO         2242    i.UART_EndRxTransfer  stm32f7xx_hal_uart.o
    0x08003698   0x00000078   Code   RO         2244    i.UART_Receive_IT   stm32f7xx_hal_uart.o
    0x08003710   0x00000258   Code   RO         2245    i.UART_SetConfig    stm32f7xx_hal_uart.o
    0x08003968   0x00000064   Code   RO         2246    i.UART_WaitOnFlagUntilTimeout  stm32f7xx_hal_uart.o
    0x080039cc   0x0000000c   Code   RO         4986    i.USART6_IRQHandler  stm32f7xx_it.o
    0x080039d8   0x00000002   Code   RO         4878    i._Error_Handler    main.o
    0x080039da   0x00000002   PAD
    0x080039dc   0x00000020   Code   RO         9098    i.__0printf$3       mc_w.l(printf3.o)
    0x080039fc   0x0000000e   Code   RO         9310    i.__scatterload_copy  mc_w.l(handlers.o)
    0x08003a0a   0x00000002   Code   RO         9311    i.__scatterload_null  mc_w.l(handlers.o)
    0x08003a0c   0x0000000e   Code   RO         9312    i.__scatterload_zeroinit  mc_w.l(handlers.o)
    0x08003a1a   0x00000002   PAD
    0x08003a1c   0x000001b8   Code   RO         9105    i._printf_core      mc_w.l(printf3.o)
    0x08003bd4   0x000000d8   Code   RO         6983    i.accept_function   api_msg.o
    0x08003cac   0x0000001c   Code   RO         6050    i.cyclic_timer      timeouts.o
    0x08003cc8   0x000000a8   Code   RO         7232    i.do_memp_free_pool  memp.o
    0x08003d70   0x000000b8   Code   RO         7233    i.do_memp_malloc_pool  memp.o
    0x08003e28   0x000001e0   Code   RO         6984    i.err_tcp           api_msg.o
    0x08004008   0x00000030   Code   RO         6883    i.etharp_cleanup_netif  etharp.o
    0x08004038   0x00000258   Code   RO         6885    i.etharp_find_entry  etharp.o
    0x08004290   0x00000024   Code   RO         6886    i.etharp_free_entry  etharp.o
    0x080042b4   0x00000104   Code   RO         6888    i.etharp_input      etharp.o
    0x080043b8   0x000001a8   Code   RO         6889    i.etharp_output     etharp.o
    0x08004560   0x00000110   Code   RO         6890    i.etharp_output_to_arp_index  etharp.o
    0x08004670   0x000001d8   Code   RO         6891    i.etharp_query      etharp.o
    0x08004848   0x00000170   Code   RO         6892    i.etharp_raw        etharp.o
    0x080049b8   0x0000000c   Code   RO         6893    i.etharp_request    etharp.o
    0x080049c4   0x00000020   Code   RO         6894    i.etharp_request_dst  etharp.o
    0x080049e4   0x00000060   Code   RO         6895    i.etharp_tmr        etharp.o
    0x08004a44   0x0000011c   Code   RO         6896    i.etharp_update_arp_entry  etharp.o
    0x08004b60   0x000000a0   Code   RO         6594    i.ethernet_input    ethernet.o
    0x08004c00   0x000000f8   Code   RO         6595    i.ethernet_output   ethernet.o
    0x08004cf8   0x00000088   Code   RO         4710    i.ethernetif_init   ethernetif.o
    0x08004d80   0x00000034   Code   RO         4711    i.ethernetif_input  ethernetif.o
    0x08004db4   0x00000018   Code   RO         5039    i.fputc             stdio.o
    0x08004dcc   0x0000014c   Code   RO          681    i.function15_handle_tcp  modbus_tcp.o
    0x08004f18   0x0000012c   Code   RO          682    i.function16_handle_tcp  modbus_tcp.o
    0x08005044   0x000000d4   Code   RO          683    i.function1_handle_tcp  modbus_tcp.o
    0x08005118   0x000000d4   Code   RO          684    i.function2_handle_tcp  modbus_tcp.o
    0x080051ec   0x000000d4   Code   RO          685    i.function3_handle_tcp  modbus_tcp.o
    0x080052c0   0x000000d4   Code   RO          686    i.function4_handle_tcp  modbus_tcp.o
    0x08005394   0x00000008   Code   RO         7896    i.icmp_dest_unreach  icmp.o
    0x0800539c   0x000001e8   Code   RO         7897    i.icmp_input        icmp.o
    0x08005584   0x0000010c   Code   RO         7898    i.icmp_send_response  icmp.o
    0x08005690   0x00000008   Code   RO         7899    i.icmp_time_exceeded  icmp.o
    0x08005698   0x0000000c   Code   RO         1507    i.inHandlerMode     cmsis_os.o
    0x080056a4   0x0000002e   Code   RO         5333    i.ip4_addr_isbroadcast_u32  ip4_addr.o
    0x080056d2   0x00000002   PAD
    0x080056d4   0x00000254   Code   RO         8644    i.ip4_frag          ip4_frag.o
    0x08005928   0x000001a4   Code   RO         8042    i.ip4_input         ip4.o
    0x08005acc   0x0000001e   Code   RO         8044    i.ip4_output_if     ip4.o
    0x08005aea   0x00000002   PAD
    0x08005aec   0x00000170   Code   RO         8045    i.ip4_output_if_src  ip4.o
    0x08005c5c   0x000001b4   Code   RO         8645    i.ip4_reass         ip4_frag.o
    0x08005e10   0x0000005c   Code   RO         8046    i.ip4_route         ip4.o
    0x08005e6c   0x0000019c   Code   RO         5335    i.ip4addr_aton      ip4_addr.o
    0x08006008   0x0000000c   Code   RO         5336    i.ip4addr_ntoa      ip4_addr.o
    0x08006014   0x0000007c   Code   RO         5337    i.ip4addr_ntoa_r    ip4_addr.o
    0x08006090   0x00000090   Code   RO         8646    i.ip_frag_free_pbuf_custom_ref  ip4_frag.o
    0x08006120   0x00000260   Code   RO         8647    i.ip_reass_chain_frag_into_datagram_and_validate  ip4_frag.o
    0x08006380   0x000000bc   Code   RO         8648    i.ip_reass_dequeue_datagram  ip4_frag.o
    0x0800643c   0x00000190   Code   RO         8649    i.ip_reass_free_complete_datagram  ip4_frag.o
    0x080065cc   0x00000080   Code   RO         8650    i.ip_reass_remove_oldest_datagram  ip4_frag.o
    0x0800664c   0x0000002c   Code   RO         8651    i.ip_reass_tmr      ip4_frag.o
    0x08006678   0x00000098   Code   RO         8652    i.ipfrag_free_pbuf_custom  ip4_frag.o
    0x08006710   0x0000011c   Code   RO         4714    i.low_level_init    ethernetif.o
    0x0800682c   0x000000c4   Code   RO         4715    i.low_level_input   ethernetif.o
    0x080068f0   0x000000b0   Code   RO         4716    i.low_level_output  ethernetif.o
    0x080069a0   0x00000004   Code   RO         6828    i.lwip_htonl        def.o
    0x080069a4   0x00000004   Code   RO         6829    i.lwip_htons        def.o
    0x080069a8   0x00000022   Code   RO         6716    i.lwip_init         init.o
    0x080069ca   0x00000060   Code   RO         6985    i.lwip_netconn_do_bind  api_msg.o
    0x08006a2a   0x00000002   PAD
    0x08006a2c   0x0000015c   Code   RO         6986    i.lwip_netconn_do_close  api_msg.o
    0x08006b88   0x000002d8   Code   RO         6987    i.lwip_netconn_do_close_internal  api_msg.o
    0x08006e60   0x0000017c   Code   RO         6988    i.lwip_netconn_do_connect  api_msg.o
    0x08006fdc   0x00000198   Code   RO         6989    i.lwip_netconn_do_connected  api_msg.o
    0x08007174   0x000001bc   Code   RO         6990    i.lwip_netconn_do_delconn  api_msg.o
    0x08007330   0x000000e0   Code   RO         6993    i.lwip_netconn_do_listen  api_msg.o
    0x08007410   0x00000038   Code   RO         6994    i.lwip_netconn_do_newconn  api_msg.o
    0x08007448   0x00000060   Code   RO         6995    i.lwip_netconn_do_recv  api_msg.o
    0x080074a8   0x00000178   Code   RO         6997    i.lwip_netconn_do_write  api_msg.o
    0x08007620   0x000002e8   Code   RO         6998    i.lwip_netconn_do_writemore  api_msg.o
    0x08007908   0x0000002a   Code   RO         4879    i.main              main.o
    0x08007932   0x0000000e   Code   RO         1509    i.makeFreeRtosPriority  cmsis_os.o
    0x08007940   0x00000004   Code   RO          910    i.mb_tcp_read_add_register_start  modbus_tcp_func.o
    0x08007944   0x00000004   Code   RO          911    i.mb_tcp_read_addslave  modbus_tcp_func.o
    0x08007948   0x00000004   Code   RO          912    i.mb_tcp_read_byte_coil  modbus_tcp_func.o
    0x0800794c   0x00000004   Code   RO          913    i.mb_tcp_read_function  modbus_tcp_func.o
    0x08007950   0x00000004   Code   RO          914    i.mb_tcp_read_message_length  modbus_tcp_func.o
    0x08007954   0x00000004   Code   RO          915    i.mb_tcp_read_number_byte_follow  modbus_tcp_func.o
    0x08007958   0x00000004   Code   RO          916    i.mb_tcp_read_number_register  modbus_tcp_func.o
    0x0800795c   0x00000004   Code   RO          917    i.mb_tcp_read_protocol_id  modbus_tcp_func.o
    0x08007960   0x00000004   Code   RO          918    i.mb_tcp_read_transaction_id  modbus_tcp_func.o
    0x08007964   0x00000004   Code   RO          919    i.mb_tcp_read_value_register  modbus_tcp_func.o
    0x08007968   0x00000138   Code   RO         8770    i.mem_free          mem.o
    0x08007aa0   0x000000c4   Code   RO         8771    i.mem_init          mem.o
    0x08007b64   0x00000210   Code   RO         8772    i.mem_malloc        mem.o
    0x08007d74   0x000001a8   Code   RO         8773    i.mem_trim          mem.o
    0x08007f1c   0x0000009c   Code   RO         7234    i.memp_free         memp.o
    0x08007fb8   0x00000020   Code   RO         7236    i.memp_init         memp.o
    0x08007fd8   0x0000002a   Code   RO         7237    i.memp_init_pool    memp.o
    0x08008002   0x00000002   PAD
    0x08008004   0x000000a4   Code   RO         7238    i.memp_malloc       memp.o
    0x080080a8   0x0000003c   Code   RO           21    i.modbus_acsii_get_input  modbus_ascii.o
    0x080080e4   0x00000068   Code   RO         1077    i.modbus_register_init  modbus_register.o
    0x0800814c   0x000000a8   Code   RO          687    i.modbus_tcp_check_input  modbus_tcp.o
    0x080081f4   0x00000070   Code   RO          920    i.modbus_tcp_function15_response  modbus_tcp_func.o
    0x08008264   0x00000070   Code   RO          921    i.modbus_tcp_function16_response  modbus_tcp_func.o
    0x080082d4   0x000001d4   Code   RO          922    i.modbus_tcp_function1_response  modbus_tcp_func.o
    0x080084a8   0x000001b4   Code   RO          923    i.modbus_tcp_function2_response  modbus_tcp_func.o
    0x0800865c   0x000000d4   Code   RO          924    i.modbus_tcp_function3_response  modbus_tcp_func.o
    0x08008730   0x00000100   Code   RO          925    i.modbus_tcp_function4_response  modbus_tcp_func.o
    0x08008830   0x00000074   Code   RO          688    i.modbus_tcp_port_init  modbus_tcp.o
    0x080088a4   0x00000022   Code   RO         8923    i.netbuf_delete     netbuf.o
    0x080088c6   0x00000002   PAD
    0x080088c8   0x00000138   Code   RO         7484    i.netconn_accept    api_lib.o
    0x08008a00   0x00000104   Code   RO         6999    i.netconn_alloc     api_msg.o
    0x08008b04   0x00000016   Code   RO         7485    i.netconn_apimsg    api_lib.o
    0x08008b1a   0x00000002   PAD
    0x08008b1c   0x000000b4   Code   RO         7486    i.netconn_bind      api_lib.o
    0x08008bd0   0x00000006   Code   RO         7487    i.netconn_close     api_lib.o
    0x08008bd6   0x00000002   PAD
    0x08008bd8   0x000000b0   Code   RO         7488    i.netconn_close_shutdown  api_lib.o
    0x08008c88   0x000000bc   Code   RO         7489    i.netconn_connect   api_lib.o
    0x08008d44   0x0000002c   Code   RO         7490    i.netconn_delete    api_lib.o
    0x08008d70   0x000000a0   Code   RO         7000    i.netconn_drain     api_msg.o
    0x08008e10   0x0000016c   Code   RO         7001    i.netconn_free      api_msg.o
    0x08008f7c   0x000000a8   Code   RO         7493    i.netconn_listen_with_backlog  api_lib.o
    0x08009024   0x00000178   Code   RO         7494    i.netconn_new_with_proto_and_callback  api_lib.o
    0x0800919c   0x00000138   Code   RO         7495    i.netconn_recv      api_lib.o
    0x080092d4   0x000001dc   Code   RO         7496    i.netconn_recv_data  api_lib.o
    0x080094b0   0x00000128   Code   RO         7501    i.netconn_write_partly  api_lib.o
    0x080095d8   0x000000e4   Code   RO         5561    i.netif_add         netif.o
    0x080096bc   0x00000002   Code   RO         5563    i.netif_init        netif.o
    0x080096be   0x0000001a   Code   RO         5565    i.netif_issue_reports  netif.o
    0x080096d8   0x00000048   Code   RO         5567    i.netif_set_addr    netif.o
    0x08009720   0x0000000c   Code   RO         5568    i.netif_set_default  netif.o
    0x0800972c   0x0000001a   Code   RO         5569    i.netif_set_down    netif.o
    0x08009746   0x00000008   Code   RO         5570    i.netif_set_gw      netif.o
    0x0800974e   0x00000002   PAD
    0x08009750   0x00000040   Code   RO         5571    i.netif_set_ipaddr  netif.o
    0x08009790   0x00000008   Code   RO         5575    i.netif_set_netmask  netif.o
    0x08009798   0x0000001c   Code   RO         5576    i.netif_set_up      netif.o
    0x080097b4   0x0000000e   Code   RO         1511    i.osDelay           cmsis_os.o
    0x080097c2   0x0000000a   Code   RO         1514    i.osKernelStart     cmsis_os.o
    0x080097cc   0x00000018   Code   RO         1515    i.osKernelSysTick   cmsis_os.o
    0x080097e4   0x0000000a   Code   RO         1523    i.osMessageCreate   cmsis_os.o
    0x080097ee   0x00000018   Code   RO         1524    i.osMessageDelete   cmsis_os.o
    0x08009806   0x00000002   PAD
    0x08009808   0x00000098   Code   RO         1525    i.osMessageGet      cmsis_os.o
    0x080098a0   0x0000005c   Code   RO         1527    i.osMessagePut      cmsis_os.o
    0x080098fc   0x0000001e   Code   RO         1528    i.osMessageWaiting  cmsis_os.o
    0x0800991a   0x00000006   Code   RO         1529    i.osMutexCreate     cmsis_os.o
    0x08009920   0x00000050   Code   RO         1531    i.osMutexRelease    cmsis_os.o
    0x08009970   0x0000006c   Code   RO         1532    i.osMutexWait       cmsis_os.o
    0x080099dc   0x00000026   Code   RO         1540    i.osSemaphoreCreate  cmsis_os.o
    0x08009a02   0x00000018   Code   RO         1541    i.osSemaphoreDelete  cmsis_os.o
    0x08009a1a   0x00000002   PAD
    0x08009a1c   0x00000050   Code   RO         1543    i.osSemaphoreRelease  cmsis_os.o
    0x08009a6c   0x0000006c   Code   RO         1544    i.osSemaphoreWait   cmsis_os.o
    0x08009ad8   0x00000014   Code   RO         1547    i.osSystickHandler  cmsis_os.o
    0x08009aec   0x0000002e   Code   RO         1548    i.osThreadCreate    cmsis_os.o
    0x08009b1a   0x00000002   PAD
    0x08009b1c   0x0000036c   Code   RO         8119    i.pbuf_alloc        pbuf.o
    0x08009e88   0x000000e0   Code   RO         8120    i.pbuf_alloced_custom  pbuf.o
    0x08009f68   0x00000130   Code   RO         8121    i.pbuf_cat          pbuf.o
    0x0800a098   0x00000012   Code   RO         8123    i.pbuf_clen         pbuf.o
    0x0800a0aa   0x00000002   PAD
    0x0800a0ac   0x000001ec   Code   RO         8125    i.pbuf_copy         pbuf.o
    0x0800a298   0x0000011c   Code   RO         8126    i.pbuf_copy_partial  pbuf.o
    0x0800a3b4   0x00000178   Code   RO         8128    i.pbuf_free         pbuf.o
    0x0800a52c   0x00000034   Code   RO         8129    i.pbuf_free_ooseq_callback  pbuf.o
    0x0800a560   0x00000006   Code   RO         8131    i.pbuf_header       pbuf.o
    0x0800a566   0x00000006   Code   RO         8132    i.pbuf_header_force  pbuf.o
    0x0800a56c   0x00000124   Code   RO         8133    i.pbuf_header_impl  pbuf.o
    0x0800a690   0x00000040   Code   RO         8136    i.pbuf_pool_is_empty  pbuf.o
    0x0800a6d0   0x00000198   Code   RO         8138    i.pbuf_realloc      pbuf.o
    0x0800a868   0x0000009c   Code   RO         8139    i.pbuf_ref          pbuf.o
    0x0800a904   0x000000f8   Code   RO         7002    i.pcb_new           api_msg.o
    0x0800a9fc   0x0000017c   Code   RO         8774    i.plug_holes        mem.o
    0x0800ab78   0x000000dc   Code   RO         7003    i.poll_tcp          api_msg.o
    0x0800ac54   0x00000070   Code   RO         1125    i.prvAddCurrentTaskToDelayedList  tasks.o
    0x0800acc4   0x000000d0   Code   RO         1126    i.prvAddNewTaskToReadyList  tasks.o
    0x0800ad94   0x00000050   Code   RO         1127    i.prvCheckTasksWaitingTermination  tasks.o
    0x0800ade4   0x00000026   Code   RO         1883    i.prvCopyDataFromQueue  queue.o
    0x0800ae0a   0x0000006c   Code   RO         1884    i.prvCopyDataToQueue  queue.o
    0x0800ae76   0x00000014   Code   RO         1128    i.prvDeleteTCB      tasks.o
    0x0800ae8a   0x00000002   PAD
    0x0800ae8c   0x00000050   Code   RO         2087    i.prvHeapInit       heap_4.o
    0x0800aedc   0x00000028   Code   RO         1129    i.prvIdleTask       tasks.o
    0x0800af04   0x00000092   Code   RO         1130    i.prvInitialiseNewTask  tasks.o
    0x0800af96   0x00000002   PAD
    0x0800af98   0x0000004c   Code   RO         2088    i.prvInsertBlockIntoFreeList  heap_4.o
    0x0800afe4   0x0000001c   Code   RO         1885    i.prvIsQueueEmpty   queue.o
    0x0800b000   0x00000020   Code   RO         1131    i.prvResetNextTaskUnblockTime  tasks.o
    0x0800b020   0x00000030   Code   RO         1429    i.prvTaskExitError  port.o
    0x0800b050   0x0000006a   Code   RO         1886    i.prvUnlockQueue    queue.o
    0x0800b0ba   0x00000002   PAD
    0x0800b0bc   0x000000e4   Code   RO         2089    i.pvPortMalloc      heap_4.o
    0x0800b1a0   0x00000018   Code   RO         1133    i.pvTaskIncrementMutexHeldCount  tasks.o
    0x0800b1b8   0x00000030   Code   RO         1430    i.pxPortInitialiseStack  port.o
    0x0800b1e8   0x0000002c   Code   RO          932    i.read_uint16_queue  modbus_tcp_func.o
    0x0800b214   0x00000018   Code   RO          933    i.read_uint8_queue  modbus_tcp_func.o
    0x0800b22c   0x00000168   Code   RO         7004    i.recv_tcp          api_msg.o
    0x0800b394   0x00000164   Code   RO         7005    i.recv_udp          api_msg.o
    0x0800b4f8   0x000000d0   Code   RO         7006    i.sent_tcp          api_msg.o
    0x0800b5c8   0x00000044   Code   RO         7007    i.setup_tcp         api_msg.o
    0x0800b60c   0x00000046   Code   RO         5128    i.sys_arch_mbox_fetch  sys_arch.o
    0x0800b652   0x00000022   Code   RO         5129    i.sys_arch_mbox_tryfetch  sys_arch.o
    0x0800b674   0x00000018   Code   RO         5130    i.sys_arch_protect  sys_arch.o
    0x0800b68c   0x00000038   Code   RO         5131    i.sys_arch_sem_wait  sys_arch.o
    0x0800b6c4   0x0000000c   Code   RO         5132    i.sys_arch_unprotect  sys_arch.o
    0x0800b6d0   0x00000058   Code   RO         6051    i.sys_check_timeouts  timeouts.o
    0x0800b728   0x00000018   Code   RO         5133    i.sys_init          sys_arch.o
    0x0800b740   0x00000014   Code   RO         5134    i.sys_mbox_free     sys_arch.o
    0x0800b754   0x00000028   Code   RO         5135    i.sys_mbox_new      sys_arch.o
    0x0800b77c   0x0000001a   Code   RO         5136    i.sys_mbox_post     sys_arch.o
    0x0800b796   0x00000006   Code   RO         5137    i.sys_mbox_set_invalid  sys_arch.o
    0x0800b79c   0x00000014   Code   RO         5138    i.sys_mbox_trypost  sys_arch.o
    0x0800b7b0   0x0000000a   Code   RO         5139    i.sys_mbox_valid    sys_arch.o
    0x0800b7ba   0x0000000a   Code   RO         5141    i.sys_mutex_lock    sys_arch.o
    0x0800b7c4   0x0000001c   Code   RO         5142    i.sys_mutex_new     sys_arch.o
    0x0800b7e0   0x00000006   Code   RO         5143    i.sys_mutex_unlock  sys_arch.o
    0x0800b7e6   0x00000004   Code   RO         4718    i.sys_now           ethernetif.o
    0x0800b7ea   0x00000006   Code   RO         5144    i.sys_sem_free      sys_arch.o
    0x0800b7f0   0x0000002a   Code   RO         5145    i.sys_sem_new       sys_arch.o
    0x0800b81a   0x00000006   Code   RO         5146    i.sys_sem_set_invalid  sys_arch.o
    0x0800b820   0x00000006   Code   RO         5147    i.sys_sem_signal    sys_arch.o
    0x0800b826   0x0000000a   Code   RO         5148    i.sys_sem_valid     sys_arch.o
    0x0800b830   0x00000030   Code   RO         5149    i.sys_thread_new    sys_arch.o
    0x0800b860   0x0000013c   Code   RO         6053    i.sys_timeout       timeouts.o
    0x0800b99c   0x00000034   Code   RO         6054    i.sys_timeouts_init  timeouts.o
    0x0800b9d0   0x00000048   Code   RO         6055    i.sys_timeouts_mbox_fetch  timeouts.o
    0x0800ba18   0x00000178   Code   RO         6173    i.tcp_abandon       tcp.o
    0x0800bb90   0x00000006   Code   RO         6174    i.tcp_abort         tcp.o
    0x0800bb96   0x0000000e   Code   RO         6175    i.tcp_accept        tcp.o
    0x0800bba4   0x0000000e   Code   RO         6176    i.tcp_accept_null   tcp.o
    0x0800bbb2   0x00000002   PAD
    0x0800bbb4   0x00000104   Code   RO         6177    i.tcp_alloc         tcp.o
    0x0800bcb8   0x00000008   Code   RO         6178    i.tcp_arg           tcp.o
    0x0800bcc0   0x00000124   Code   RO         6179    i.tcp_bind          tcp.o
    0x0800bde4   0x00000014   Code   RO         6180    i.tcp_close         tcp.o
    0x0800bdf8   0x0000018c   Code   RO         6181    i.tcp_close_shutdown  tcp.o
    0x0800bf84   0x000000c4   Code   RO         6182    i.tcp_close_shutdown_fin  tcp.o
    0x0800c048   0x00000180   Code   RO         6183    i.tcp_connect       tcp.o
    0x0800c1c8   0x00000120   Code   RO         6448    i.tcp_create_segment  tcp_out.o
    0x0800c2e8   0x00000022   Code   RO         6185    i.tcp_eff_send_mss_impl  tcp.o
    0x0800c30a   0x00000002   PAD
    0x0800c30c   0x00000210   Code   RO         6449    i.tcp_enqueue_flags  tcp_out.o
    0x0800c51c   0x000000a4   Code   RO         6186    i.tcp_err           tcp.o
    0x0800c5c0   0x0000006c   Code   RO         6187    i.tcp_fasttmr       tcp.o
    0x0800c62c   0x00000030   Code   RO         5857    i.tcp_getoptbyte    tcp_in.o
    0x0800c65c   0x00000002   Code   RO         6188    i.tcp_init          tcp.o
    0x0800c65e   0x00000002   PAD
    0x0800c660   0x000005d8   Code   RO         5858    i.tcp_input         tcp_in.o
    0x0800cc38   0x00000040   Code   RO         5859    i.tcp_input_delayed_close  tcp_in.o
    0x0800cc78   0x00000052   Code   RO         6450    i.tcp_keepalive     tcp_out.o
    0x0800ccca   0x00000002   PAD
    0x0800cccc   0x000000bc   Code   RO         6189    i.tcp_kill_state    tcp.o
    0x0800cd88   0x000000cc   Code   RO         6190    i.tcp_listen_closed  tcp.o
    0x0800ce54   0x000000f4   Code   RO         5860    i.tcp_listen_input  tcp_in.o
    0x0800cf48   0x00000124   Code   RO         6192    i.tcp_listen_with_backlog_and_err  tcp.o
    0x0800d06c   0x0000004c   Code   RO         6193    i.tcp_netif_ip_addr_changed  tcp.o
    0x0800d0b8   0x00000022   Code   RO         6194    i.tcp_netif_ip_addr_changed_pcblist  tcp.o
    0x0800d0da   0x00000006   Code   RO         6196    i.tcp_new_ip_type   tcp.o
    0x0800d0e0   0x0000005c   Code   RO         6197    i.tcp_new_port      tcp.o
    0x0800d13c   0x00000010   Code   RO         6198    i.tcp_next_iss      tcp.o
    0x0800d14c   0x0000007c   Code   RO         5861    i.tcp_oos_insert_segment  tcp_in.o
    0x0800d1c8   0x000002d4   Code   RO         6451    i.tcp_output        tcp_out.o
    0x0800d49c   0x00000110   Code   RO         6452    i.tcp_output_alloc_header  tcp_out.o
    0x0800d5ac   0x000000b0   Code   RO         6453    i.tcp_output_segment  tcp_out.o
    0x0800d65c   0x00000074   Code   RO         5862    i.tcp_parseopt      tcp_in.o
    0x0800d6d0   0x000000d8   Code   RO         6454    i.tcp_pbuf_prealloc  tcp_out.o
    0x0800d7a8   0x00000042   Code   RO         6199    i.tcp_pcb_purge     tcp.o
    0x0800d7ea   0x00000002   PAD
    0x0800d7ec   0x00000130   Code   RO         6200    i.tcp_pcb_remove    tcp.o
    0x0800d91c   0x0000009c   Code   RO         6201    i.tcp_poll          tcp.o
    0x0800d9b8   0x00000488   Code   RO         5863    i.tcp_process       tcp_in.o
    0x0800de40   0x0000006c   Code   RO         6202    i.tcp_process_refused_data  tcp.o
    0x0800deac   0x00000a32   Code   RO         5864    i.tcp_receive       tcp_in.o
    0x0800e8de   0x00000002   PAD
    0x0800e8e0   0x000000a4   Code   RO         6203    i.tcp_recv          tcp.o
    0x0800e984   0x00000024   Code   RO         6204    i.tcp_recv_null     tcp.o
    0x0800e9a8   0x00000110   Code   RO         6205    i.tcp_recved        tcp.o
    0x0800eab8   0x00000056   Code   RO         6455    i.tcp_rexmit        tcp_out.o
    0x0800eb0e   0x00000058   Code   RO         6456    i.tcp_rexmit_fast   tcp_out.o
    0x0800eb66   0x00000030   Code   RO         6457    i.tcp_rexmit_rto    tcp_out.o
    0x0800eb96   0x00000002   PAD
    0x0800eb98   0x00000120   Code   RO         6458    i.tcp_rst           tcp_out.o
    0x0800ecb8   0x00000028   Code   RO         6206    i.tcp_seg_copy      tcp.o
    0x0800ece0   0x0000001c   Code   RO         6207    i.tcp_seg_free      tcp.o
    0x0800ecfc   0x00000012   Code   RO         6208    i.tcp_segs_free     tcp.o
    0x0800ed0e   0x00000072   Code   RO         6459    i.tcp_send_empty_ack  tcp_out.o
    0x0800ed80   0x00000044   Code   RO         6460    i.tcp_send_fin      tcp_out.o
    0x0800edc4   0x0000018c   Code   RO          689    i.tcp_sendata       modbus_tcp.o
    0x0800ef50   0x000000a0   Code   RO         6209    i.tcp_sent          tcp.o
    0x0800eff0   0x0000004e   Code   RO         6211    i.tcp_shutdown      tcp.o
    0x0800f03e   0x00000002   PAD
    0x0800f040   0x000004dc   Code   RO         6212    i.tcp_slowtmr       tcp.o
    0x0800f51c   0x00000034   Code   RO         6057    i.tcp_timer_needed  timeouts.o
    0x0800f550   0x00000068   Code   RO         5865    i.tcp_timewait_input  tcp_in.o
    0x0800f5b8   0x00000020   Code   RO         6213    i.tcp_tmr           tcp.o
    0x0800f5d8   0x00000010   Code   RO         5866    i.tcp_trigger_input_pcb_close  tcp_in.o
    0x0800f5e8   0x000000c0   Code   RO         6215    i.tcp_update_rcv_ann_wnd  tcp.o
    0x0800f6a8   0x00000690   Code   RO         6461    i.tcp_write         tcp_out.o
    0x0800fd38   0x00000140   Code   RO         6462    i.tcp_write_checks  tcp_out.o
    0x0800fe78   0x000000ae   Code   RO         6463    i.tcp_zero_window_probe  tcp_out.o
    0x0800ff26   0x00000002   PAD
    0x0800ff28   0x000000cc   Code   RO         5409    i.tcpip_callback_with_block  tcpip.o
    0x0800fff4   0x00000110   Code   RO         5412    i.tcpip_init        tcpip.o
    0x08010104   0x000000c0   Code   RO         5413    i.tcpip_inpkt       tcpip.o
    0x080101c4   0x0000001c   Code   RO         5414    i.tcpip_input       tcpip.o
    0x080101e0   0x00000020   Code   RO         5415    i.tcpip_send_msg_wait_sem  tcpip.o
    0x08010200   0x00000038   Code   RO         6058    i.tcpip_tcp_timer   timeouts.o
    0x08010238   0x000000f8   Code   RO         5416    i.tcpip_thread      tcpip.o
    0x08010330   0x000000b8   Code   RO         8519    i.udp_bind          udp.o
    0x080103e8   0x00000050   Code   RO         8520    i.udp_connect       udp.o
    0x08010438   0x00000002   Code   RO         8522    i.udp_init          udp.o
    0x0801043a   0x00000002   PAD
    0x0801043c   0x0000019c   Code   RO         8523    i.udp_input         udp.o
    0x080105d8   0x00000034   Code   RO         8524    i.udp_netif_ip_addr_changed  udp.o
    0x0801060c   0x0000001a   Code   RO         8525    i.udp_new           udp.o
    0x08010626   0x00000004   Code   RO         8526    i.udp_new_ip_type   udp.o
    0x0801062a   0x00000006   Code   RO         8527    i.udp_recv          udp.o
    0x08010630   0x00000030   Code   RO         8528    i.udp_remove        udp.o
    0x08010660   0x00000024   Code   RO         2157    i.uxListRemove      list.o
    0x08010684   0x00000028   Code   RO         1887    i.uxQueueMessagesWaiting  queue.o
    0x080106ac   0x0000001a   Code   RO         1888    i.uxQueueMessagesWaitingFromISR  queue.o
    0x080106c6   0x00000016   Code   RO         2158    i.vListInitialise   list.o
    0x080106dc   0x00000006   Code   RO         2159    i.vListInitialiseItem  list.o
    0x080106e2   0x00000030   Code   RO         2160    i.vListInsert       list.o
    0x08010712   0x00000018   Code   RO         2161    i.vListInsertEnd    list.o
    0x0801072a   0x00000002   PAD
    0x0801072c   0x00000048   Code   RO         1432    i.vPortEnterCritical  port.o
    0x08010774   0x0000002c   Code   RO         1433    i.vPortExitCritical  port.o
    0x080107a0   0x00000064   Code   RO         2090    i.vPortFree         heap_4.o
    0x08010804   0x00000020   Code   RO         1434    i.vPortSetupTimerInterrupt  port.o
    0x08010824   0x0000005c   Code   RO         1435    i.vPortValidateInterruptPriority  port.o
    0x08010880   0x00000028   Code   RO         1891    i.vQueueDelete      queue.o
    0x080108a8   0x00000028   Code   RO         1892    i.vQueueUnregisterQueue  queue.o
    0x080108d0   0x00000050   Code   RO         1139    i.vTaskDelay        tasks.o
    0x08010920   0x0000000c   Code   RO         1142    i.vTaskMissedYield  tasks.o
    0x0801092c   0x00000034   Code   RO         1144    i.vTaskPlaceOnEventList  tasks.o
    0x08010960   0x00000088   Code   RO         1146    i.vTaskPriorityInherit  tasks.o
    0x080109e8   0x00000028   Code   RO         1149    i.vTaskSetTimeOutState  tasks.o
    0x08010a10   0x00000070   Code   RO         1150    i.vTaskStartScheduler  tasks.o
    0x08010a80   0x00000010   Code   RO         1152    i.vTaskSuspendAll   tasks.o
    0x08010a90   0x00000060   Code   RO         1153    i.vTaskSwitchContext  tasks.o
    0x08010af0   0x000000a8   Code   RO         1436    i.xPortStartScheduler  port.o
    0x08010b98   0x00000030   Code   RO         1437    i.xPortSysTickHandler  port.o
    0x08010bc8   0x00000024   Code   RO         1893    i.xQueueCreateMutex  queue.o
    0x08010bec   0x0000004c   Code   RO         1894    i.xQueueGenericCreate  queue.o
    0x08010c38   0x0000017c   Code   RO         1895    i.xQueueGenericReceive  queue.o
    0x08010db4   0x00000098   Code   RO         1896    i.xQueueGenericReset  queue.o
    0x08010e4c   0x00000170   Code   RO         1897    i.xQueueGenericSend  queue.o
    0x08010fbc   0x000000cc   Code   RO         1898    i.xQueueGenericSendFromISR  queue.o
    0x08011088   0x000000ac   Code   RO         1899    i.xQueueGiveFromISR  queue.o
    0x08011134   0x000000a8   Code   RO         1903    i.xQueueReceiveFromISR  queue.o
    0x080111dc   0x00000074   Code   RO         1154    i.xTaskCheckForTimeOut  tasks.o
    0x08011250   0x00000056   Code   RO         1155    i.xTaskCreate       tasks.o
    0x080112a6   0x00000002   PAD
    0x080112a8   0x0000001c   Code   RO         1159    i.xTaskGetSchedulerState  tasks.o
    0x080112c4   0x0000000c   Code   RO         1160    i.xTaskGetTickCount  tasks.o
    0x080112d0   0x00000010   Code   RO         1161    i.xTaskGetTickCountFromISR  tasks.o
    0x080112e0   0x000000cc   Code   RO         1162    i.xTaskIncrementTick  tasks.o
    0x080113ac   0x000000a8   Code   RO         1165    i.xTaskPriorityDisinherit  tasks.o
    0x08011454   0x00000078   Code   RO         1166    i.xTaskRemoveFromEventList  tasks.o
    0x080114cc   0x000000c8   Code   RO         1168    i.xTaskResumeAll    tasks.o
    0x08011594   0x0000003c   Data   RO          691    .constdata          modbus_tcp.o
    0x080115d0   0x00000008   Data   RO         3917    .constdata          stm32f7xx_hal_dma.o
    0x080115d8   0x00000014   Data   RO         4720    .constdata          ethernetif.o
    0x080115ec   0x00000054   Data   RO         4926    .constdata          freertos.o
    0x08011640   0x00000010   Data   RO         5092    .constdata          system_stm32f7xx.o
    0x08011650   0x00000008   Data   RO         5093    .constdata          system_stm32f7xx.o
    0x08011658   0x0000000c   Data   RO         5150    .constdata          sys_arch.o
    0x08011664   0x00000004   Data   RO         5340    .constdata          ip4_addr.o
    0x08011668   0x00000018   Data   RO         6059    .constdata          timeouts.o
    0x08011680   0x00000054   Data   RO         6216    .constdata          tcp.o
    0x080116d4   0x00000006   Data   RO         6596    .constdata          ethernet.o
    0x080116da   0x00000006   Data   RO         6597    .constdata          ethernet.o
    0x080116e0   0x0000000c   Data   RO         7253    .constdata          memp.o
    0x080116ec   0x0000000c   Data   RO         7254    .constdata          memp.o
    0x080116f8   0x0000000c   Data   RO         7255    .constdata          memp.o
    0x08011704   0x0000000c   Data   RO         7256    .constdata          memp.o
    0x08011710   0x0000000c   Data   RO         7257    .constdata          memp.o
    0x0801171c   0x0000000c   Data   RO         7258    .constdata          memp.o
    0x08011728   0x0000000c   Data   RO         7259    .constdata          memp.o
    0x08011734   0x0000000c   Data   RO         7260    .constdata          memp.o
    0x08011740   0x0000000c   Data   RO         7261    .constdata          memp.o
    0x0801174c   0x0000000c   Data   RO         7262    .constdata          memp.o
    0x08011758   0x0000000c   Data   RO         7263    .constdata          memp.o
    0x08011764   0x0000000c   Data   RO         7264    .constdata          memp.o
    0x08011770   0x0000000c   Data   RO         7265    .constdata          memp.o
    0x0801177c   0x00000034   Data   RO         7266    .constdata          memp.o
    0x080117b0   0x00000010   Data   RO          692    .conststring        modbus_tcp.o
    0x080117c0   0x00000006   Data   RO         4721    .conststring        ethernetif.o
    0x080117c6   0x00000002   PAD
    0x080117c8   0x00000014   Data   RO         4927    .conststring        freertos.o
    0x080117dc   0x00000075   Data   RO         6217    .conststring        tcp.o
    0x08011851   0x00000003   PAD
    0x08011854   0x00000055   Data   RO         6464    .conststring        tcp_out.o
    0x080118a9   0x00000003   PAD
    0x080118ac   0x00000041   Data   RO         6898    .conststring        etharp.o
    0x080118ed   0x00000003   PAD
    0x080118f0   0x00000020   Data   RO         9308    Region$$Table       anon$$obj.o


    Execution Region RW_IRAM1 (Base: 0x20000000, Size: 0x0000b530, Max: 0x00080000, ABSOLUTE, COMPRESSED[0x00000028])

    Base Addr    Size         Type   Attr      Idx    E Section Name        Object

    0x20000000   0x00000018   Data   RW           24    .data               modbus_ascii.o
    0x20000018   0x0000002c   Data   RW          693    .data               modbus_tcp.o
    0x20000044   0x00000006   Data   RW         1081    .data               modbus_register.o
    0x2000004a   0x00000002   PAD
    0x2000004c   0x0000003c   Data   RW         1171    .data               tasks.o
    0x20000088   0x0000000c   Data   RW         1438    .data               port.o
    0x20000094   0x00000018   Data   RW         2095    .data               heap_4.o
    0x200000ac   0x0000000c   Data   RW         4307    .data               stm32f7xx_hal.o
    0x200000b8   0x00000018   Data   RW         4612    .data               lwip.o
    0x200000d0   0x00000004   Data   RW         4722    .data               ethernetif.o
    0x200000d4   0x00000018   Data   RW         4928    .data               freertos.o
    0x200000ec   0x00000004   Data   RW         5040    .data               stdio.o
    0x200000f0   0x00000004   Data   RW         5094    .data               system_stm32f7xx.o
    0x200000f4   0x00000004   Data   RW         5152    .data               sys_arch.o
    0x200000f8   0x00000010   Data   RW         5418    .data               tcpip.o
    0x20000108   0x0000000c   Data   RW         5577    .data               netif.o
    0x20000114   0x00000024   Data   RW         5868    .data               tcp_in.o
    0x20000138   0x0000000c   Data   RW         6060    .data               timeouts.o
    0x20000144   0x00000020   Data   RW         6218    .data               tcp.o
    0x20000164   0x00000001   Data   RW         6899    .data               etharp.o
    0x20000165   0x00000001   Data   RW         7008    .data               api_msg.o
    0x20000166   0x00000002   PAD
    0x20000168   0x00000004   Data   RW         7267    .data               memp.o
    0x2000016c   0x00000004   Data   RW         7268    .data               memp.o
    0x20000170   0x00000004   Data   RW         7269    .data               memp.o
    0x20000174   0x00000004   Data   RW         7270    .data               memp.o
    0x20000178   0x00000004   Data   RW         7271    .data               memp.o
    0x2000017c   0x00000004   Data   RW         7272    .data               memp.o
    0x20000180   0x00000004   Data   RW         7273    .data               memp.o
    0x20000184   0x00000004   Data   RW         7274    .data               memp.o
    0x20000188   0x00000004   Data   RW         7275    .data               memp.o
    0x2000018c   0x00000004   Data   RW         7276    .data               memp.o
    0x20000190   0x00000004   Data   RW         7277    .data               memp.o
    0x20000194   0x00000004   Data   RW         7278    .data               memp.o
    0x20000198   0x00000004   Data   RW         7279    .data               memp.o
    0x2000019c   0x00000002   Data   RW         8047    .data               ip4.o
    0x2000019e   0x00000001   Data   RW         8146    .data               pbuf.o
    0x2000019f   0x00000001   PAD
    0x200001a0   0x00000008   Data   RW         8533    .data               udp.o
    0x200001a8   0x00000008   Data   RW         8653    .data               ip4_frag.o
    0x200001b0   0x00000010   Data   RW         8776    .data               mem.o
    0x200001c0   0x00000004   Data   RW         9284    .data               mc_w.l(stdout.o)
    0x200001c4   0x00000190   Zero   RW          690    .bss                modbus_tcp.o
    0x20000354   0x000000c8   Zero   RW          934    .bss                modbus_tcp_func.o
    0x2000041c   0x000004b0   Zero   RW         1080    .bss                modbus_register.o
    0x200008cc   0x000000f0   Zero   RW         1170    .bss                tasks.o
    0x200009bc   0x00000040   Zero   RW         1904    .bss                queue.o
    0x200009fc   0x00003c00   Zero   RW         2094    .bss                heap_4.o
    0x200045fc   0x00000150   Zero   RW         4530    .bss                usart.o
    0x2000474c   0x00000034   Zero   RW         4611    .bss                lwip.o
    0x20004780   0x000030e8   Zero   RW         4719    .bss                ethernetif.o
    0x20007868   0x000000a8   Zero   RW         4835    .bss                adc.o
    0x20007910   0x0000001a   Zero   RW         4925    .bss                freertos.o
    0x2000792a   0x00000010   Zero   RW         5339    .bss                ip4_addr.o
    0x2000793a   0x00000002   PAD
    0x2000793c   0x00000010   Zero   RW         5867    .bss                tcp_in.o
    0x2000794c   0x000000f0   Zero   RW         6897    .bss                etharp.o
    0x20007a3c   0x00000083   Zero   RW         7240    .bss                memp.o
    0x20007abf   0x000002fb   Zero   RW         7241    .bss                memp.o
    0x20007dba   0x000000e3   Zero   RW         7242    .bss                memp.o
    0x20007e9d   0x00000103   Zero   RW         7243    .bss                memp.o
    0x20007fa0   0x000000a3   Zero   RW         7244    .bss                memp.o
    0x20008043   0x0000016b   Zero   RW         7245    .bss                memp.o
    0x200081ae   0x00000023   Zero   RW         7246    .bss                memp.o
    0x200081d1   0x000000b3   Zero   RW         7247    .bss                memp.o
    0x20008284   0x00000083   Zero   RW         7248    .bss                memp.o
    0x20008307   0x00000083   Zero   RW         7249    .bss                memp.o
    0x2000838a   0x00000033   Zero   RW         7250    .bss                memp.o
    0x200083bd   0x00000103   Zero   RW         7251    .bss                memp.o
    0x200084c0   0x00002603   Zero   RW         7252    .bss                memp.o
    0x2000aac3   0x00000001   PAD
    0x2000aac4   0x00000018   Zero   RW         7442    .bss                ip.o
    0x2000aadc   0x00000653   Zero   RW         8775    .bss                mem.o
    0x2000b12f   0x00000001   PAD
    0x2000b130   0x00000400   Zero   RW            1    STACK               startup_stm32f767xx.o


==============================================================================

Image component sizes


      Code (inc. data)   RO Data    RW Data    ZI Data      Debug   Object Name

       588         74          0          0        168       1995   adc.o
      2556       1432          0          0          0      29167   api_lib.o
      6840       2706          0          1          0      37006   api_msg.o
       892         34          0          0          0      25577   cmsis_os.o
         8          0          0          0          0       1090   def.o
        44          4          0          0          0        786   dma.o
      2904       1170         65          1        240      12579   etharp.o
       408        156         12          0          0       2706   ethernet.o
      1032        154         26          4      12520       6988   ethernetif.o
       328         68        104         24         26       4023   freertos.o
       508         36          0          0          0       1279   gpio.o
       484         24          0         24      15360       7527   heap_4.o
       772        350          0          0          0       4454   icmp.o
         0          0          0          0          0       7212   inet_chksum.o
        34          0          0          0          0        596   init.o
         0          0          0          0         24       3078   ip.o
       910        182          0          2          0       5140   ip4.o
       594        122          4          0         16      12037   ip4_addr.o
      2696       1020          0          8          0      11586   ip4_frag.o
       136          0          0          0          0       3550   list.o
       252         18          0         24         52       1469   lwip.o
       232          8          0          0          0       2413   main.o
      1840        920          0         16       1619       5677   mem.o
       746        500        208         52      12423      11136   memp.o
        60          8          0         24          0     898635   modbus_ascii.o
       104         64          0          6       1200       1681   modbus_register.o
      3120       1438         76         44        400      38168   modbus_tcp.o
      1704        450          0          0        200      15110   modbus_tcp_func.o
        34          0          0          0          0       2088   netbuf.o
       474        132          0         12          0      12637   netif.o
      3558       1836          0          1          0      13824   pbuf.o
       738         82          0         12          0      11973   port.o
      1982         18          0          0         64      19477   queue.o
        36          8        504          0       1024        852   startup_stm32f767xx.o
        24          4          0          4          0       1108   stdio.o
       150         24          0         12          0       4073   stm32f7xx_hal.o
      1136         58          0          0          0       7417   stm32f7xx_hal_adc.o
       218         12          0          0          0      36129   stm32f7xx_hal_cortex.o
       966         16          8          0          0       6506   stm32f7xx_hal_dma.o
      2006         66          0          0          0      12736   stm32f7xx_hal_eth.o
       514         60          0          0          0       3868   stm32f7xx_hal_gpio.o
        88          0          0          0          0        542   stm32f7xx_hal_msp.o
       108          8          0          0          0       1300   stm32f7xx_hal_pwr_ex.o
      1300         70          0          0          0       5672   stm32f7xx_hal_rcc.o
      1340         22          0          0          0       2344   stm32f7xx_hal_rcc_ex.o
      2082         78          0          0          0      12395   stm32f7xx_hal_uart.o
        70         24          0          0          0       2895   stm32f7xx_it.o
       504         26         12          4          0      23108   sys_arch.o
        84         16         24          4          0       1275   system_stm32f7xx.o
      2156        182          0         60        240      33740   tasks.o
      6080       2478        201         32          0      39981   tcp.o
      5982       1224          0         36         16      22950   tcp_in.o
      5152       1722         85          0          0      18855   tcp_out.o
       976        544          0         16          0      10576   tcpip.o
       664        226         24         12          0      16345   timeouts.o
       814        140          0          8          0       9378   udp.o
       496        104          0          0        336       3074   usart.o

    ----------------------------------------------------------------------
     69606      20118       1396        448      45932    1489783   Object Totals
         0          0         32          0          0          0   (incl. Generated)
        82          0         11          5          4          0   (incl. Padding)

    ----------------------------------------------------------------------

      Code (inc. data)   RO Data    RW Data    ZI Data      Debug   Library Member Name

        86          0          0          0          0          0   __dczerorl2.o
         0          0          0          0          0          0   entry.o
         0          0          0          0          0          0   entry10a.o
         0          0          0          0          0          0   entry11a.o
         8          4          0          0          0          0   entry2.o
         4          0          0          0          0          0   entry5.o
         0          0          0          0          0          0   entry7b.o
         0          0          0          0          0          0   entry8b.o
         8          4          0          0          0          0   entry9a.o
        30          0          0          0          0          0   handlers.o
        36          8          0          0          0         68   init.o
        30          0          0          0          0         68   llshl.o
        32          0          0          0          0         68   llushr.o
        26          0          0          0          0         80   memcmp.o
        36          0          0          0          0         68   memcpya.o
        36          0          0          0          0        108   memseta.o
       472         14          0          0          0        184   printf3.o
         0          0          0          4          0          0   stdout.o
        44          0          0          0          0         80   uidiv.o
        98          0          0          0          0         92   uldiv.o

    ----------------------------------------------------------------------
       950         30          0          4          0        816   Library Totals
         4          0          0          0          0          0   (incl. Padding)

    ----------------------------------------------------------------------

      Code (inc. data)   RO Data    RW Data    ZI Data      Debug   Library Name

       946         30          0          4          0        816   mc_w.l

    ----------------------------------------------------------------------
       950         30          0          4          0        816   Library Totals

    ----------------------------------------------------------------------

==============================================================================


      Code (inc. data)   RO Data    RW Data    ZI Data      Debug   

     70556      20148       1396        452      45932    1448719   Grand Totals
     70556      20148       1396         40      45932    1448719   ELF Image Totals (compressed)
     70556      20148       1396         40          0          0   ROM Totals

==============================================================================

    Total RO  Size (Code + RO Data)                71952 (  70.27kB)
    Total RW  Size (RW Data + ZI Data)             46384 (  45.30kB)
    Total ROM Size (Code + RO Data + RW Data)      71992 (  70.30kB)

==============================================================================

