Component: ARM Compiler 5.06 update 6 (build 750) Tool: armlink [4d35ed]

==============================================================================

Section Cross References

    startup_stm32f767xx.o(RESET) refers to startup_stm32f767xx.o(STACK) for __initial_sp
    startup_stm32f767xx.o(RESET) refers to startup_stm32f767xx.o(.text) for Reset_Handler
    startup_stm32f767xx.o(RESET) refers to port.o(.emb_text) for SVC_Handler
    startup_stm32f767xx.o(RESET) refers to stm32f7xx_it.o(i.SysTick_Handler) for SysTick_Handler
    startup_stm32f767xx.o(RESET) refers to stm32f7xx_it.o(i.EXTI15_10_IRQHandler) for EXTI15_10_IRQHandler
    startup_stm32f767xx.o(RESET) refers to stm32f7xx_it.o(i.UART4_IRQHandler) for UART4_IRQHandler
    startup_stm32f767xx.o(RESET) refers to stm32f7xx_it.o(i.DMA2_Stream0_IRQHandler) for DMA2_Stream0_IRQHandler
    startup_stm32f767xx.o(RESET) refers to stm32f7xx_it.o(i.ETH_IRQHandler) for ETH_IRQHandler
    startup_stm32f767xx.o(RESET) refers to stm32f7xx_it.o(i.USART6_IRQHandler) for USART6_IRQHandler
    startup_stm32f767xx.o(.text) refers to system_stm32f7xx.o(i.SystemInit) for SystemInit
    startup_stm32f767xx.o(.text) refers to entry.o(.ARM.Collect$$$$00000000) for __main
    modbus_ascii.o(i.calulator_lrc_input_ascii) refers to modbus_ascii.o(.bss) for .bss
    modbus_ascii.o(i.function15_handle_ascii) refers to printf3.o(i.__0printf$3) for __2printf
    modbus_ascii.o(i.function15_handle_ascii) refers to modbus_ascii_func.o(i.mb_ascii_read_add_register_start) for mb_ascii_read_add_register_start
    modbus_ascii.o(i.function15_handle_ascii) refers to modbus_ascii_func.o(i.mb_ascii_read_number_register) for mb_ascii_read_number_register
    modbus_ascii.o(i.function15_handle_ascii) refers to modbus_ascii_func.o(i.mb_ascii_read_lrc) for mb_ascii_read_lrc
    modbus_ascii.o(i.function15_handle_ascii) refers to circular_buffer.o(i.circular_buf_get) for circular_buf_get
    modbus_ascii.o(i.function15_handle_ascii) refers to modbus_ascii_func.o(i.mb_ascii_read_number_byte_follow) for mb_ascii_read_number_byte_follow
    modbus_ascii.o(i.function15_handle_ascii) refers to modbus_ascii_func.o(i.mb_ascii_read_byte_coil) for mb_ascii_read_byte_coil
    modbus_ascii.o(i.function15_handle_ascii) refers to modbus_ascii.o(i.calulator_lrc_input_ascii) for calulator_lrc_input_ascii
    modbus_ascii.o(i.function15_handle_ascii) refers to modbus_ascii_func.o(i.modbus_ascii_function15_response) for modbus_ascii_function15_response
    modbus_ascii.o(i.function15_handle_ascii) refers to modbus_ascii.o(.data) for .data
    modbus_ascii.o(i.function15_handle_ascii) refers to modbus_ascii.o(.bss) for .bss
    modbus_ascii.o(i.function15_handle_ascii) refers to modbus_register.o(.data) for modbus_number_register
    modbus_ascii.o(i.function15_handle_ascii) refers to modbus_register.o(.bss) for modbus_register_00000
    modbus_ascii.o(i.function16_handle_ascii) refers to printf3.o(i.__0printf$3) for __2printf
    modbus_ascii.o(i.function16_handle_ascii) refers to modbus_ascii_func.o(i.mb_ascii_read_add_register_start) for mb_ascii_read_add_register_start
    modbus_ascii.o(i.function16_handle_ascii) refers to modbus_ascii_func.o(i.mb_ascii_read_number_register) for mb_ascii_read_number_register
    modbus_ascii.o(i.function16_handle_ascii) refers to modbus_ascii_func.o(i.mb_ascii_read_lrc) for mb_ascii_read_lrc
    modbus_ascii.o(i.function16_handle_ascii) refers to circular_buffer.o(i.circular_buf_get) for circular_buf_get
    modbus_ascii.o(i.function16_handle_ascii) refers to modbus_ascii_func.o(i.mb_ascii_read_number_byte_follow) for mb_ascii_read_number_byte_follow
    modbus_ascii.o(i.function16_handle_ascii) refers to modbus_ascii_func.o(i.mb_ascii_read_value_to_register) for mb_ascii_read_value_to_register
    modbus_ascii.o(i.function16_handle_ascii) refers to modbus_ascii.o(i.calulator_lrc_input_ascii) for calulator_lrc_input_ascii
    modbus_ascii.o(i.function16_handle_ascii) refers to modbus_ascii_func.o(i.modbus_acsii_function16_response) for modbus_acsii_function16_response
    modbus_ascii.o(i.function16_handle_ascii) refers to modbus_ascii.o(.data) for .data
    modbus_ascii.o(i.function16_handle_ascii) refers to modbus_ascii.o(.bss) for .bss
    modbus_ascii.o(i.function16_handle_ascii) refers to modbus_register.o(.data) for modbus_number_register
    modbus_ascii.o(i.function16_handle_ascii) refers to modbus_register.o(.bss) for modbus_register_40000
    modbus_ascii.o(i.function1_handle_ascii) refers to printf3.o(i.__0printf$3) for __2printf
    modbus_ascii.o(i.function1_handle_ascii) refers to modbus_ascii_func.o(i.mb_ascii_read_number_byte_follow) for mb_ascii_read_number_byte_follow
    modbus_ascii.o(i.function1_handle_ascii) refers to modbus_ascii_func.o(i.mb_ascii_read_add_register_start) for mb_ascii_read_add_register_start
    modbus_ascii.o(i.function1_handle_ascii) refers to modbus_ascii_func.o(i.mb_ascii_read_number_register) for mb_ascii_read_number_register
[...]
    sys_mbox_valid                           0x0800b7c5   Thumb Code    10  sys_arch.o(i.sys_mbox_valid)
    sys_mutex_lock                           0x0800b7cf   Thumb Code    10  sys_arch.o(i.sys_mutex_lock)
    sys_mutex_new                            0x0800b7d9   Thumb Code    28  sys_arch.o(i.sys_mutex_new)
    sys_mutex_unlock                         0x0800b7f5   Thumb Code     6  sys_arch.o(i.sys_mutex_unlock)
    sys_now                                  0x0800b7fb   Thumb Code     4  ethernetif.o(i.sys_now)
    sys_sem_free                             0x0800b7ff   Thumb Code     6  sys_arch.o(i.sys_sem_free)
    sys_sem_new                              0x0800b805   Thumb Code    42  sys_arch.o(i.sys_sem_new)
    sys_sem_set_invalid                      0x0800b82f   Thumb Code     6  sys_arch.o(i.sys_sem_set_invalid)
    sys_sem_signal                           0x0800b835   Thumb Code     6  sys_arch.o(i.sys_sem_signal)
    sys_sem_valid                            0x0800b83b   Thumb Code    10  sys_arch.o(i.sys_sem_valid)
    sys_thread_new                           0x0800b845   Thumb Code    48  sys_arch.o(i.sys_thread_new)
    sys_timeout                              0x0800b875   Thumb Code   156  timeouts.o(i.sys_timeout)
    sys_timeouts_init                        0x0800b9b1   Thumb Code    38  timeouts.o(i.sys_timeouts_init)
    sys_timeouts_mbox_fetch                  0x0800b9e5   Thumb Code    66  timeouts.o(i.sys_timeouts_mbox_fetch)
    tcp_abandon                              0x0800ba2d   Thumb Code   230  tcp.o(i.tcp_abandon)
    tcp_abort                                0x0800bba5   Thumb Code     6  tcp.o(i.tcp_abort)
    tcp_accept                               0x0800bbab   Thumb Code    14  tcp.o(i.tcp_accept)
    tcp_alloc                                0x0800bbc9   Thumb Code   248  tcp.o(i.tcp_alloc)
    tcp_arg                                  0x0800bccd   Thumb Code     8  tcp.o(i.tcp_arg)
    tcp_bind                                 0x0800bcd5   Thumb Code   152  tcp.o(i.tcp_bind)
    tcp_close                                0x0800bdf9   Thumb Code    20  tcp.o(i.tcp_close)
    tcp_eff_send_mss_impl                    0x0800c17d   Thumb Code    34  tcp.o(i.tcp_eff_send_mss_impl)
    tcp_enqueue_flags                        0x0800c1a1   Thumb Code   262  tcp_out.o(i.tcp_enqueue_flags)
    tcp_err                                  0x0800c3b1   Thumb Code    34  tcp.o(i.tcp_err)
    tcp_fasttmr                              0x0800c455   Thumb Code   102  tcp.o(i.tcp_fasttmr)
    tcp_init                                 0x0800c4f1   Thumb Code     2  tcp.o(i.tcp_init)
    tcp_input                                0x0800c4f5   Thumb Code  1496  tcp_in.o(i.tcp_input)
    tcp_keepalive                            0x0800cb0d   Thumb Code    82  tcp_out.o(i.tcp_keepalive)
    tcp_listen_with_backlog_and_err          0x0800cddd   Thumb Code   158  tcp.o(i.tcp_listen_with_backlog_and_err)
    tcp_netif_ip_addr_changed                0x0800cf01   Thumb Code    72  tcp.o(i.tcp_netif_ip_addr_changed)
    tcp_new_ip_type                          0x0800cf6f   Thumb Code     6  tcp.o(i.tcp_new_ip_type)
    tcp_next_iss                             0x0800cfd1   Thumb Code    12  tcp.o(i.tcp_next_iss)
    tcp_output                               0x0800d05d   Thumb Code   562  tcp_out.o(i.tcp_output)
    tcp_pcb_purge                            0x0800d63d   Thumb Code    66  tcp.o(i.tcp_pcb_purge)
    tcp_pcb_remove                           0x0800d681   Thumb Code   140  tcp.o(i.tcp_pcb_remove)
    tcp_poll                                 0x0800d7b1   Thumb Code    36  tcp.o(i.tcp_poll)
    tcp_process_refused_data                 0x0800dcd5   Thumb Code   108  tcp.o(i.tcp_process_refused_data)
    tcp_recv                                 0x0800e775   Thumb Code    34  tcp.o(i.tcp_recv)
    tcp_recv_null                            0x0800e819   Thumb Code    36  tcp.o(i.tcp_recv_null)
    tcp_recved                               0x0800e83d   Thumb Code   106  tcp.o(i.tcp_recved)
    tcp_rexmit                               0x0800e94d   Thumb Code    86  tcp_out.o(i.tcp_rexmit)
    tcp_rexmit_fast                          0x0800e9a3   Thumb Code    88  tcp_out.o(i.tcp_rexmit_fast)
    tcp_rexmit_rto                           0x0800e9fb   Thumb Code    48  tcp_out.o(i.tcp_rexmit_rto)
    tcp_rst                                  0x0800ea2d   Thumb Code   148  tcp_out.o(i.tcp_rst)
    tcp_seg_copy                             0x0800eb4d   Thumb Code    40  tcp.o(i.tcp_seg_copy)
    tcp_seg_free                             0x0800eb75   Thumb Code    28  tcp.o(i.tcp_seg_free)
    tcp_segs_free                            0x0800eb91   Thumb Code    18  tcp.o(i.tcp_segs_free)
    tcp_send_empty_ack                       0x0800eba3   Thumb Code   114  tcp_out.o(i.tcp_send_empty_ack)
    tcp_send_fin                             0x0800ec15   Thumb Code    68  tcp_out.o(i.tcp_send_fin)
    tcp_sendata                              0x0800ec59   Thumb Code    56  modbus_tcp.o(i.tcp_sendata)
    tcp_sent                                 0x0800ec95   Thumb Code    32  tcp.o(i.tcp_sent)
    tcp_shutdown                             0x0800ed35   Thumb Code    78  tcp.o(i.tcp_shutdown)
    tcp_slowtmr                              0x0800ed85   Thumb Code   786  tcp.o(i.tcp_slowtmr)
    tcp_timer_needed                         0x0800f261   Thumb Code    36  timeouts.o(i.tcp_timer_needed)
    tcp_tmr                                  0x0800f2fd   Thumb Code    28  tcp.o(i.tcp_tmr)
    tcp_trigger_input_pcb_close              0x0800f31d   Thumb Code    12  tcp_in.o(i.tcp_trigger_input_pcb_close)
    tcp_update_rcv_ann_wnd                   0x0800f32d   Thumb Code    76  tcp.o(i.tcp_update_rcv_ann_wnd)
    tcp_write                                0x0800f3ed   Thumb Code  1680  tcp_out.o(i.tcp_write)
    tcp_zero_window_probe                    0x0800fbbd   Thumb Code   174  tcp_out.o(i.tcp_zero_window_probe)
    tcpip_callback_with_block                0x0800fc6d   Thumb Code    94  tcpip.o(i.tcpip_callback_with_block)
    tcpip_init                               0x0800fd39   Thumb Code    88  tcpip.o(i.tcpip_init)
    tcpip_inpkt                              0x0800fe49   Thumb Code    82  tcpip.o(i.tcpip_inpkt)
    tcpip_input                              0x0800ff09   Thumb Code    20  tcpip.o(i.tcpip_input)
    tcpip_send_msg_wait_sem                  0x0800ff25   Thumb Code    26  tcpip.o(i.tcpip_send_msg_wait_sem)
    udp_bind                                 0x08010075   Thumb Code   174  udp.o(i.udp_bind)
    udp_init                                 0x0801012d   Thumb Code     2  udp.o(i.udp_init)
    udp_input                                0x08010131   Thumb Code   294  udp.o(i.udp_input)
    udp_netif_ip_addr_changed                0x080102cd   Thumb Code    48  udp.o(i.udp_netif_ip_addr_changed)
    udp_new                                  0x08010301   Thumb Code    26  udp.o(i.udp_new)
    udp_new_ip_type                          0x0801031b   Thumb Code     4  udp.o(i.udp_new_ip_type)
    udp_recv                                 0x0801031f   Thumb Code     6  udp.o(i.udp_recv)
    udp_remove                               0x08010325   Thumb Code    42  udp.o(i.udp_remove)
    uxListRemove                             0x08010355   Thumb Code    36  list.o(i.uxListRemove)
    uxQueueMessagesWaiting                   0x08010379   Thumb Code    40  queue.o(i.uxQueueMessagesWaiting)
    uxQueueMessagesWaitingFromISR            0x080103a1   Thumb Code    26  queue.o(i.uxQueueMessagesWaitingFromISR)
    vApplicationMallocFailedHook             0x080103bd   Thumb Code     6  freertos.o(i.vApplicationMallocFailedHook)
    vListInitialise                          0x080103e5   Thumb Code    22  list.o(i.vListInitialise)
    vListInitialiseItem                      0x080103fb   Thumb Code     6  list.o(i.vListInitialiseItem)
    vListInsert                              0x08010401   Thumb Code    48  list.o(i.vListInsert)
    vListInsertEnd                           0x08010431   Thumb Code    24  list.o(i.vListInsertEnd)
    vPortEnterCritical                       0x08010449   Thumb Code    62  port.o(i.vPortEnterCritical)
    vPortExitCritical                        0x08010491   Thumb Code    38  port.o(i.vPortExitCritical)
    vPortFree                                0x080104bd   Thumb Code    96  heap_4.o(i.vPortFree)
    vPortSetupTimerInterrupt                 0x08010521   Thumb Code    26  port.o(i.vPortSetupTimerInterrupt)
    vPortValidateInterruptPriority           0x08010541   Thumb Code    82  port.o(i.vPortValidateInterruptPriority)
    vQueueDelete                             0x0801059d   Thumb Code    40  queue.o(i.vQueueDelete)
    vQueueUnregisterQueue                    0x080105c5   Thumb Code    36  queue.o(i.vQueueUnregisterQueue)
    vTaskDelay                               0x080105ed   Thumb Code    70  tasks.o(i.vTaskDelay)
    vTaskDelete                              0x0801063d   Thumb Code   162  tasks.o(i.vTaskDelete)
    vTaskMissedYield                         0x080106ed   Thumb Code     8  tasks.o(i.vTaskMissedYield)
    vTaskPlaceOnEventList                    0x080106f9   Thumb Code    48  tasks.o(i.vTaskPlaceOnEventList)
    vTaskPriorityInherit                     0x0801072d   Thumb Code   128  tasks.o(i.vTaskPriorityInherit)
    vTaskSetTimeOutState                     0x080107b5   Thumb Code    34  tasks.o(i.vTaskSetTimeOutState)
    vTaskStartScheduler                      0x080107dd   Thumb Code    94  tasks.o(i.vTaskStartScheduler)
    vTaskSuspendAll                          0x0801084d   Thumb Code    10  tasks.o(i.vTaskSuspendAll)
    vTaskSwitchContext                       0x0801085d   Thumb Code    86  tasks.o(i.vTaskSwitchContext)
    xPortStartScheduler                      0x080108bd   Thumb Code   152  port.o(i.xPortStartScheduler)
    xPortSysTickHandler                      0x08010965   Thumb Code    42  port.o(i.xPortSysTickHandler)
    xQueueCreateMutex                        0x08010995   Thumb Code    36  queue.o(i.xQueueCreateMutex)
    xQueueGenericCreate                      0x080109b9   Thumb Code    76  queue.o(i.xQueueGenericCreate)
    xQueueGenericReceive                     0x08010a05   Thumb Code   376  queue.o(i.xQueueGenericReceive)
    xQueueGenericReset                       0x08010b81   Thumb Code   148  queue.o(i.xQueueGenericReset)
    xQueueGenericSend                        0x08010c19   Thumb Code   362  queue.o(i.xQueueGenericSend)
    xQueueGenericSendFromISR                 0x08010d89   Thumb Code   204  queue.o(i.xQueueGenericSendFromISR)
    xQueueGiveFromISR                        0x08010e55   Thumb Code   172  queue.o(i.xQueueGiveFromISR)
    xQueueReceiveFromISR                     0x08010f01   Thumb Code   168  queue.o(i.xQueueReceiveFromISR)
    xTaskCheckForTimeOut                     0x08010fa9   Thumb Code   110  tasks.o(i.xTaskCheckForTimeOut)
    xTaskCreate                              0x0801101d   Thumb Code    86  tasks.o(i.xTaskCreate)
    xTaskGetSchedulerState                   0x08011075   Thumb Code    22  tasks.o(i.xTaskGetSchedulerState)
    xTaskGetTickCount                        0x08011091   Thumb Code     6  tasks.o(i.xTaskGetTickCount)
    xTaskGetTickCountFromISR                 0x0801109d   Thumb Code    12  tasks.o(i.xTaskGetTickCountFromISR)
    xTaskIncrementTick                       0x080110ad   Thumb Code   196  tasks.o(i.xTaskIncrementTick)
    xTaskPriorityDisinherit                  0x08011179   Thumb Code   158  tasks.o(i.xTaskPriorityDisinherit)
    xTaskRemoveFromEventList                 0x08011221   Thumb Code   112  tasks.o(i.xTaskRemoveFromEventList)
    xTaskResumeAll                           0x08011299   Thumb Code   188  tasks.o(i.xTaskResumeAll)
    AHBPrescTable                            0x0801140c   Data          16  system_stm32f7xx.o(.constdata)
    APBPrescTable                            0x0801141c   Data           8  system_stm32f7xx.o(.constdata)
    os_mutex_def_lwip_sys_mutex              0x08011424   Data           4  sys_arch.o(.constdata)
    ip_addr_any                              0x08011430   Data           4  ip4_addr.o(.constdata)
    lwip_cyclic_timers                       0x08011434   Data          24  timeouts.o(.constdata)
    tcp_pcb_lists                            0x08011490   Data          16  tcp.o(.constdata)
    ethbroadcast                             0x080114a0   Data           6  ethernet.o(.constdata)
    ethzero                                  0x080114a6   Data           6  ethernet.o(.constdata)
    memp_UDP_PCB                             0x080114ac   Data          12  memp.o(.constdata)
    memp_TCP_PCB                             0x080114b8   Data          12  memp.o(.constdata)
    memp_TCP_PCB_LISTEN                      0x080114c4   Data          12  memp.o(.constdata)
    memp_TCP_SEG                             0x080114d0   Data          12  memp.o(.constdata)
    memp_REASSDATA                           0x080114dc   Data          12  memp.o(.constdata)
    memp_FRAG_PBUF                           0x080114e8   Data          12  memp.o(.constdata)
    memp_NETBUF                              0x080114f4   Data          12  memp.o(.constdata)
    memp_NETCONN                             0x08011500   Data          12  memp.o(.constdata)
    memp_TCPIP_MSG_API                       0x0801150c   Data          12  memp.o(.constdata)
    memp_TCPIP_MSG_INPKT                     0x08011518   Data          12  memp.o(.constdata)
    memp_SYS_TIMEOUT                         0x08011524   Data          12  memp.o(.constdata)
    memp_PBUF                                0x08011530   Data          12  memp.o(.constdata)
    memp_PBUF_POOL                           0x0801153c   Data          12  memp.o(.constdata)
    memp_pools                               0x08011548   Data          52  memp.o(.constdata)
    Region$$Table$$Base                      0x080116c4   Number         0  anon$$obj.o(Region$$Table)
    Region$$Table$$Limit                     0x080116e4   Number         0  anon$$obj.o(Region$$Table)
    flag_request_or_response_func1_ascii     0x20000002   Data           1  modbus_ascii.o(.data)
    flag_request_or_response_func2_ascii     0x20000003   Data           1  modbus_ascii.o(.data)
    flag_request_or_response_func3_ascii     0x20000004   Data           1  modbus_ascii.o(.data)
    flag_request_or_response_func4_ascii     0x20000005   Data           1  modbus_ascii.o(.data)
    flag_request_or_response_func15_ascii    0x20000006   Data           1  modbus_ascii.o(.data)
    flag_request_or_response_func16_ascii    0x20000007   Data           1  modbus_ascii.o(.data)
    clear_data_asc                           0x20000008   Data           1  modbus_ascii.o(.data)
    byte_get_add_slave_ascii                 0x20000009   Data           1  modbus_ascii.o(.data)
    byte_get_function_ascii                  0x2000000a   Data           1  modbus_ascii.o(.data)
    number_byte_follow_ascii                 0x2000000b   Data           1  modbus_ascii.o(.data)
    lrc                                      0x2000000c   Data           1  modbus_ascii.o(.data)
    count_data_modbusRx_Queue_ascii          0x2000000e   Data           2  modbus_ascii.o(.data)
    add_register_start_ascii                 0x20000010   Data           2  modbus_ascii.o(.data)
    number_register_ascii                    0x20000012   Data           2  modbus_ascii.o(.data)
    uart_modbus_ascii                        0x20000014   Data           4  modbus_ascii.o(.data)
    flag_request_or_response_func1_tcp       0x20000018   Data           1  modbus_tcp.o(.data)
    flag_request_or_response_func2_tcp       0x20000019   Data           1  modbus_tcp.o(.data)
    flag_request_or_response_func3_tcp       0x2000001a   Data           1  modbus_tcp.o(.data)
    flag_request_or_response_func4_tcp       0x2000001b   Data           1  modbus_tcp.o(.data)
    flag_request_or_response_func15_tcp      0x2000001c   Data           1  modbus_tcp.o(.data)
    flag_request_or_response_func16_tcp      0x2000001d   Data           1  modbus_tcp.o(.data)
    res                                      0x2000001f   Data           1  modbus_tcp.o(.data)
    byte_get_add_slave_tcp                   0x20000020   Data           1  modbus_tcp.o(.data)
    byte_get_function_tcp                    0x20000021   Data           1  modbus_tcp.o(.data)
    number_byte_follow_tcp                   0x20000022   Data           1  modbus_tcp.o(.data)
    byte_get_transaction_id                  0x20000024   Data           2  modbus_tcp.o(.data)
    byte_get_protocol_id                     0x20000026   Data           2  modbus_tcp.o(.data)
    byte_get_message_len                     0x20000028   Data           2  modbus_tcp.o(.data)
    add_register_start_tcp                   0x2000002a   Data           2  modbus_tcp.o(.data)
    number_register_tcp                      0x2000002c   Data           2  modbus_tcp.o(.data)
    nc                                       0x20000030   Data           4  modbus_tcp.o(.data)
    in_nc                                    0x20000034   Data           4  modbus_tcp.o(.data)
    netTaskHandle                            0x20000038   Data           4  modbus_tcp.o(.data)
    TcpTaskHandle                            0x2000003c   Data           4  modbus_tcp.o(.data)
    nc_com                                   0x20000040   Data           4  modbus_tcp.o(.data)
    add_buffer                               0x20000044   Data           4  modbus_tcp.o(.data)
    add_slave                                0x20000048   Data           1  modbus_register.o(.data)
    modbus_number_register                   0x2000004a   Data           2  modbus_register.o(.data)
    modbus_number_coil                       0x2000004c   Data           2  modbus_register.o(.data)
    pxCurrentTCB                             0x20000050   Data           4  tasks.o(.data)
    uwTickFreq                               0x200000b0   Data           1  stm32f7xx_hal.o(.data)
    uwTickPrio                               0x200000b4   Data           4  stm32f7xx_hal.o(.data)
    uwTick                                   0x200000b8   Data           4  stm32f7xx_hal.o(.data)
    Netif_LinkSemaphore                      0x200000bc   Data           4  lwip.o(.data)
    ipaddr                                   0x200000c0   Data           4  lwip.o(.data)
    netmask                                  0x200000c4   Data           4  lwip.o(.data)
    gw                                       0x200000c8   Data           4  lwip.o(.data)
    IP_ADDRESS                               0x200000cc   Data           4  lwip.o(.data)
    NETMASK_ADDRESS                          0x200000d0   Data           4  lwip.o(.data)
    GATEWAY_ADDRESS                          0x200000d4   Data           4  lwip.o(.data)
    link_arg                                 0x200000d8   Data           8  lwip.o(.data)
    s_xSemaphore                             0x200000e0   Data           4  ethernetif.o(.data)
    button_action                            0x200000e4   Data           1  freertos.o(.data)
    button                                   0x200000e6   Data           2  freertos.o(.data)
    SysTaskHandle                            0x200000e8   Data           4  freertos.o(.data)
    modbusTcpRxQueueHandle                   0x200000ec   Data           4  freertos.o(.data)
    modbusRtuQueueHandle                     0x200000f0   Data           4  freertos.o(.data)
    modbusAsciiQueueHandle                   0x200000f4   Data           4  freertos.o(.data)
    ModbusTaskHandle                         0x200000f8   Data           4  freertos.o(.data)
    DEBUG                                    0x200000fc   Data           4  stdio.o(.data)
    SystemCoreClock                          0x20000100   Data           4  system_stm32f7xx.o(.data)
    lwip_sys_mutex                           0x20000104   Data           4  sys_arch.o(.data)
    lock_tcpip_core                          0x20000114   Data           4  tcpip.o(.data)
    netif_list                               0x2000011c   Data           4  netif.o(.data)
    netif_default                            0x20000120   Data           4  netif.o(.data)
    tcp_input_pcb                            0x20000144   Data           4  tcp_in.o(.data)
    tcp_active_pcbs_changed                  0x20000154   Data           1  tcp.o(.data)
    tcp_ticks                                0x20000160   Data           4  tcp.o(.data)
    tcp_bound_pcbs                           0x20000164   Data           4  tcp.o(.data)
    tcp_listen_pcbs                          0x20000168   Data           4  tcp.o(.data)
    tcp_active_pcbs                          0x2000016c   Data           4  tcp.o(.data)
    tcp_tw_pcbs                              0x20000170   Data           4  tcp.o(.data)
    netconn_aborted                          0x20000175   Data           1  api_msg.o(.data)
    pbuf_free_ooseq_pending                  0x200001ae   Data           1  pbuf.o(.data)
    udp_pcbs                                 0x200001b4   Data           4  udp.o(.data)
    __stdout                                 0x200001d0   Data           4  stdout.o(.data)
    buffer_data_ASC                          0x200001d4   Data         100  modbus_ascii.o(.bss)
    cbuf_asc                                 0x20000238   Data          12  modbus_ascii.o(.bss)
    buf_rx_ascii                             0x20000244   Data         100  modbus_ascii.o(.bss)
    buf_register_ascii                       0x200002a8   Data         400  modbus_ascii.o(.bss)
    buffer_data_TCP                          0x20000438   Data         100  modbus_tcp.o(.bss)
    cbuf_tcp                                 0x2000049c   Data          12  modbus_tcp.o(.bss)
    buf_register_tcp                         0x200004a8   Data         400  modbus_tcp.o(.bss)
    buf_tx_modbus_tcp                        0x20000638   Data         200  modbus_tcp_func.o(.bss)
    modbus_register_00000                    0x20000700   Data         200  modbus_register.o(.bss)
    modbus_register_10000                    0x200007c8   Data         200  modbus_register.o(.bss)
    modbus_register_40000                    0x20000890   Data         400  modbus_register.o(.bss)
    modbus_register_30000                    0x20000a20   Data         400  modbus_register.o(.bss)
    xQueueRegistry                           0x20000ca0   Data          64  queue.o(.bss)
    huart4                                   0x20020ce0   Data         112  usart.o(.bss)
    huart3                                   0x20020d50   Data         112  usart.o(.bss)
    huart6                                   0x20020dc0   Data         112  usart.o(.bss)
    gnetif                                   0x20020e30   Data          56  lwip.o(.bss)
    DMARxDscrTab                             0x20020e68   Data         128  ethernetif.o(.bss)
    DMATxDscrTab                             0x20020ee8   Data         128  ethernetif.o(.bss)
    Rx_Buff                                  0x20020f68   Data        6096  ethernetif.o(.bss)
    Tx_Buff                                  0x20022738   Data        6096  ethernetif.o(.bss)
    heth                                     0x20023f08   Data          72  ethernetif.o(.bss)
    hadc3                                    0x20023f50   Data          72  adc.o(.bss)
    hdma_adc3                                0x20023f98   Data          96  adc.o(.bss)
    adc_buffer                               0x20023ff8   Data          26  freertos.o(.bss)
    memp_memory_UDP_PCB_base                 0x20024124   Data         131  memp.o(.bss)
    memp_memory_TCP_PCB_base                 0x200241a7   Data         763  memp.o(.bss)
    memp_memory_TCP_PCB_LISTEN_base          0x200244a2   Data         227  memp.o(.bss)
    memp_memory_TCP_SEG_base                 0x20024585   Data         259  memp.o(.bss)
    memp_memory_REASSDATA_base               0x20024688   Data         163  memp.o(.bss)
    memp_memory_FRAG_PBUF_base               0x2002472b   Data         363  memp.o(.bss)
    memp_memory_NETBUF_base                  0x20024896   Data         131  memp.o(.bss)
    memp_memory_NETCONN_base                 0x20024919   Data         355  memp.o(.bss)
    memp_memory_TCPIP_MSG_API_base           0x20024a7c   Data         131  memp.o(.bss)
    memp_memory_TCPIP_MSG_INPKT_base         0x20024aff   Data         131  memp.o(.bss)
    memp_memory_SYS_TIMEOUT_base             0x20024b82   Data          51  memp.o(.bss)
    memp_memory_PBUF_base                    0x20024bb5   Data         259  memp.o(.bss)
    memp_memory_PBUF_POOL_base               0x20024cb8   Data        9731  memp.o(.bss)
    ip_data                                  0x200272bc   Data          24  ip.o(.bss)
    ram_heap                                 0x200272d4   Data        1619  mem.o(.bss)
    __initial_sp                             0x20027d28   Data           0  startup_stm32f767xx.o(STACK)



==============================================================================

Memory Map of the image

  Image Entry point : 0x080001f9

  Load Region LR_IROM1 (Base: 0x08000000, Size: 0x000118b8, Max: 0x00200000, ABSOLUTE, COMPRESSED[0x0001170c])

    Execution Region ER_IROM1 (Exec base: 0x08000000, Load base: 0x08000000, Size: 0x000116e4, Max: 0x00200000, ABSOLUTE)

    Exec Addr    Load Addr    Size         Type   Attr      Idx    E Section Name        Object

    0x08000000   0x08000000   0x000001f8   Data   RO            3    RESET               startup_stm32f767xx.o
    0x080001f8   0x080001f8   0x00000000   Code   RO         9104  * .ARM.Collect$$$$00000000  mc_w.l(entry.o)
    0x080001f8   0x080001f8   0x00000004   Code   RO         9382    .ARM.Collect$$$$00000001  mc_w.l(entry2.o)
    0x080001fc   0x080001fc   0x00000004   Code   RO         9385    .ARM.Collect$$$$00000004  mc_w.l(entry5.o)
    0x08000200   0x08000200   0x00000000   Code   RO         9387    .ARM.Collect$$$$00000008  mc_w.l(entry7b.o)
    0x08000200   0x08000200   0x00000000   Code   RO         9389    .ARM.Collect$$$$0000000A  mc_w.l(entry8b.o)
    0x08000200   0x08000200   0x00000008   Code   RO         9390    .ARM.Collect$$$$0000000B  mc_w.l(entry9a.o)
    0x08000208   0x08000208   0x00000000   Code   RO         9392    .ARM.Collect$$$$0000000D  mc_w.l(entry10a.o)
    0x08000208   0x08000208   0x00000000   Code   RO         9394    .ARM.Collect$$$$0000000F  mc_w.l(entry11a.o)
    0x08000208   0x08000208   0x00000004   Code   RO         9383    .ARM.Collect$$$$00002712  mc_w.l(entry2.o)
    0x0800020c   0x0800020c   0x000000ba   Code   RO         1504    .emb_text           port.o
    0x080002c6   0x080002c6   0x00000002   PAD
    0x080002c8   0x080002c8   0x00000024   Code   RO            4    .text               startup_stm32f767xx.o
    0x080002ec   0x080002ec   0x00000062   Code   RO         9107    .text               mc_w.l(uldiv.o)
    0x0800034e   0x0800034e   0x00000024   Code   RO         9109    .text               mc_w.l(memcpya.o)
    0x08000372   0x08000372   0x00000024   Code   RO         9111    .text               mc_w.l(memseta.o)
    0x08000396   0x08000396   0x0000001a   Code   RO         9115    .text               mc_w.l(memcmp.o)
    0x080003b0   0x080003b0   0x0000002c   Code   RO         9397    .text               mc_w.l(uidiv.o)
    0x080003dc   0x080003dc   0x0000001e   Code   RO         9399    .text               mc_w.l(llshl.o)
    0x080003fa   0x080003fa   0x00000020   Code   RO         9401    .text               mc_w.l(llushr.o)
    0x0800041a   0x0800041a   0x00000002   PAD
    0x0800041c   0x0800041c   0x00000024   Code   RO         9414    .text               mc_w.l(init.o)
    0x08000440   0x08000440   0x00000056   Code   RO         9428    .text               mc_w.l(__dczerorl2.o)
    0x08000496   0x08000496   0x00000062   Code   RO         2575    i.ADC_DMAConvCplt   stm32f7xx_hal_adc.o
    0x080004f8   0x080004f8   0x00000016   Code   RO         2576    i.ADC_DMAError      stm32f7xx_hal_adc.o
    0x0800050e   0x0800050e   0x0000000a   Code   RO         2577    i.ADC_DMAHalfConvCplt  stm32f7xx_hal_adc.o
    0x08000518   0x08000518   0x00000134   Code   RO         2578    i.ADC_Init          stm32f7xx_hal_adc.o
    0x0800064c   0x0800064c   0x0000000c   Code   RO         5086    i.DMA2_Stream0_IRQHandler  stm32f7xx_it.o
    0x08000658   0x08000658   0x00000028   Code   RO         3978    i.DMA_CalcBaseAndBitshift  stm32f7xx_hal_dma.o
    0x08000680   0x08000680   0x00000054   Code   RO         3979    i.DMA_CheckFifoParam  stm32f7xx_hal_dma.o
    0x080006d4   0x080006d4   0x00000028   Code   RO         3980    i.DMA_SetConfig     stm32f7xx_hal_dma.o
    0x080006fc   0x080006fc   0x0000002e   Code   RO         4204    i.ETH_FlushTransmitFIFO  stm32f7xx_hal_eth.o
    0x0800072a   0x0800072a   0x00000002   PAD
    0x0800072c   0x0800072c   0x0000000c   Code   RO         5087    i.ETH_IRQHandler    stm32f7xx_it.o
    0x08000738   0x08000738   0x00000124   Code   RO         4205    i.ETH_MACDMAConfig  stm32f7xx_hal_eth.o
    0x0800085c   0x0800085c   0x00000008   Code   RO         5088    i.EXTI15_10_IRQHandler  stm32f7xx_it.o
    0x08000864   0x08000864   0x00000164   Code   RO         2580    i.HAL_ADC_ConfigChannel  stm32f7xx_hal_adc.o
    0x080009c8   0x080009c8   0x00000002   Code   RO         2581    i.HAL_ADC_ConvCpltCallback  stm32f7xx_hal_adc.o
    0x080009ca   0x080009ca   0x00000002   Code   RO         2582    i.HAL_ADC_ConvHalfCpltCallback  stm32f7xx_hal_adc.o
    0x080009cc   0x080009cc   0x00000002   Code   RO         2584    i.HAL_ADC_ErrorCallback  stm32f7xx_hal_adc.o
    0x080009ce   0x080009ce   0x00000054   Code   RO         2589    i.HAL_ADC_Init      stm32f7xx_hal_adc.o
    0x08000a22   0x08000a22   0x00000002   PAD
    0x08000a24   0x08000a24   0x000000b8   Code   RO         4922    i.HAL_ADC_MspInit   adc.o
    0x08000adc   0x08000adc   0x000000fc   Code   RO         2596    i.HAL_ADC_Start_DMA  stm32f7xx_hal_adc.o
    0x08000bd8   0x08000bd8   0x00000024   Code   RO         3982    i.HAL_DMA_Abort_IT  stm32f7xx_hal_dma.o
    0x08000bfc   0x08000bfc   0x000001a0   Code   RO         3986    i.HAL_DMA_IRQHandler  stm32f7xx_hal_dma.o
    0x08000d9c   0x08000d9c   0x000000e4   Code   RO         3987    i.HAL_DMA_Init      stm32f7xx_hal_dma.o
    0x08000e80   0x08000e80   0x0000007a   Code   RO         3991    i.HAL_DMA_Start_IT  stm32f7xx_hal_dma.o
    0x08000efa   0x08000efa   0x00000002   PAD
    0x08000efc   0x08000efc   0x00000024   Code   RO         4359    i.HAL_Delay         stm32f7xx_hal.o
    0x08000f20   0x08000f20   0x00000144   Code   RO         4207    i.HAL_ETH_ConfigMAC  stm32f7xx_hal_eth.o
    0x08001064   0x08001064   0x00000074   Code   RO         4208    i.HAL_ETH_DMARxDescListInit  stm32f7xx_hal_eth.o
    0x080010d8   0x080010d8   0x00000084   Code   RO         4209    i.HAL_ETH_DMATxDescListInit  stm32f7xx_hal_eth.o
    0x0800115c   0x0800115c   0x00000002   Code   RO         4211    i.HAL_ETH_ErrorCallback  stm32f7xx_hal_eth.o
    0x0800115e   0x0800115e   0x0000008c   Code   RO         4213    i.HAL_ETH_GetReceivedFrame_IT  stm32f7xx_hal_eth.o
    0x080011ea   0x080011ea   0x00000076   Code   RO         4215    i.HAL_ETH_IRQHandler  stm32f7xx_hal_eth.o
    0x08001260   0x08001260   0x000001f0   Code   RO         4216    i.HAL_ETH_Init      stm32f7xx_hal_eth.o
    0x08001450   0x08001450   0x000000ac   Code   RO         4782    i.HAL_ETH_MspInit   ethernetif.o
    0x080014fc   0x080014fc   0x00000086   Code   RO         4219    i.HAL_ETH_ReadPHYRegister  stm32f7xx_hal_eth.o
    0x08001582   0x08001582   0x00000002   PAD
    0x08001584   0x08001584   0x0000000c   Code   RO         4783    i.HAL_ETH_RxCpltCallback  ethernetif.o
    0x08001590   0x08001590   0x00000084   Code   RO         4221    i.HAL_ETH_Start     stm32f7xx_hal_eth.o
    0x08001614   0x08001614   0x00000084   Code   RO         4222    i.HAL_ETH_Stop      stm32f7xx_hal_eth.o
    0x08001698   0x08001698   0x00000112   Code   RO         4223    i.HAL_ETH_TransmitFrame  stm32f7xx_hal_eth.o
    0x080017aa   0x080017aa   0x00000002   Code   RO         4224    i.HAL_ETH_TxCpltCallback  stm32f7xx_hal_eth.o
    0x080017ac   0x080017ac   0x0000007a   Code   RO         4225    i.HAL_ETH_WritePHYRegister  stm32f7xx_hal_eth.o
    0x08001826   0x08001826   0x00000002   PAD
    0x08001828   0x08001828   0x00000024   Code   RO         5016    i.HAL_GPIO_EXTI_Callback  freertos.o
    0x0800184c   0x0800184c   0x00000018   Code   RO         3501    i.HAL_GPIO_EXTI_IRQHandler  stm32f7xx_hal_gpio.o
    0x08001864   0x08001864   0x000001d8   Code   RO         3502    i.HAL_GPIO_Init     stm32f7xx_hal_gpio.o
    0x08001a3c   0x08001a3c   0x00000008   Code   RO         3505    i.HAL_GPIO_TogglePin  stm32f7xx_hal_gpio.o
    0x08001a44   0x08001a44   0x0000000a   Code   RO         3506    i.HAL_GPIO_WritePin  stm32f7xx_hal_gpio.o
    0x08001a4e   0x08001a4e   0x00000002   PAD
    0x08001a50   0x08001a50   0x0000000c   Code   RO         4369    i.HAL_GetTick       stm32f7xx_hal.o
    0x08001a5c   0x08001a5c   0x00000010   Code   RO         4375    i.HAL_IncTick       stm32f7xx_hal.o
    0x08001a6c   0x08001a6c   0x00000016   Code   RO         4376    i.HAL_Init          stm32f7xx_hal.o
    0x08001a82   0x08001a82   0x00000002   PAD
    0x08001a84   0x08001a84   0x00000040   Code   RO         4377    i.HAL_InitTick      stm32f7xx_hal.o
    0x08001ac4   0x08001ac4   0x00000058   Code   RO         4757    i.HAL_MspInit       stm32f7xx_hal_msp.o
    0x08001b1c   0x08001b1c   0x00000016   Code   RO         3634    i.HAL_NVIC_EnableIRQ  stm32f7xx_hal_cortex.o
    0x08001b32   0x08001b32   0x00000002   PAD
    0x08001b34   0x08001b34   0x00000040   Code   RO         3640    i.HAL_NVIC_SetPriority  stm32f7xx_hal_cortex.o
    0x08001b74   0x08001b74   0x00000024   Code   RO         3641    i.HAL_NVIC_SetPriorityGrouping  stm32f7xx_hal_cortex.o
    0x08001b98   0x08001b98   0x0000006c   Code   RO         3774    i.HAL_PWREx_EnableOverDrive  stm32f7xx_hal_pwr_ex.o
    0x08001c04   0x08001c04   0x0000053c   Code   RO         3017    i.HAL_RCCEx_PeriphCLKConfig  stm32f7xx_hal_rcc_ex.o
    0x08002140   0x08002140   0x0000012c   Code   RO         2910    i.HAL_RCC_ClockConfig  stm32f7xx_hal_rcc.o
    0x0800226c   0x0800226c   0x0000000c   Code   RO         2915    i.HAL_RCC_GetHCLKFreq  stm32f7xx_hal_rcc.o
    0x08002278   0x08002278   0x00000020   Code   RO         2917    i.HAL_RCC_GetPCLK1Freq  stm32f7xx_hal_rcc.o
    0x08002298   0x08002298   0x00000020   Code   RO         2918    i.HAL_RCC_GetPCLK2Freq  stm32f7xx_hal_rcc.o
    0x080022b8   0x080022b8   0x00000060   Code   RO         2919    i.HAL_RCC_GetSysClockFreq  stm32f7xx_hal_rcc.o
    0x08002318   0x08002318   0x0000033c   Code   RO         2922    i.HAL_RCC_OscConfig  stm32f7xx_hal_rcc.o
    0x08002654   0x08002654   0x0000008c   Code   RO         2288    i.HAL_RS485Ex_Init  stm32f7xx_hal_uart.o
    0x080026e0   0x080026e0   0x00000018   Code   RO         3643    i.HAL_SYSTICK_CLKSourceConfig  stm32f7xx_hal_cortex.o
    0x080026f8   0x080026f8   0x00000026   Code   RO         3645    i.HAL_SYSTICK_Config  stm32f7xx_hal_cortex.o
    0x0800271e   0x0800271e   0x00000002   Code   RO         2293    i.HAL_UART_ErrorCallback  stm32f7xx_hal_uart.o
    0x08002720   0x08002720   0x00000178   Code   RO         2296    i.HAL_UART_IRQHandler  stm32f7xx_hal_uart.o
    0x08002898   0x08002898   0x0000006a   Code   RO         2297    i.HAL_UART_Init     stm32f7xx_hal_uart.o
    0x08002902   0x08002902   0x00000002   PAD
    0x08002904   0x08002904   0x000000f8   Code   RO         4602    i.HAL_UART_MspInit  usart.o
    0x080029fc   0x080029fc   0x0000008e   Code   RO         2302    i.HAL_UART_Receive_IT  stm32f7xx_hal_uart.o
    0x08002a8a   0x08002a8a   0x00000004   Code   RO         5017    i.HAL_UART_RxCpltCallback  freertos.o
    0x08002a8e   0x08002a8e   0x00000002   PAD
    0x08002a90   0x08002a90   0x000000b6   Code   RO         2305    i.HAL_UART_Transmit  stm32f7xx_hal_uart.o
    0x08002b46   0x08002b46   0x00000002   Code   RO         2308    i.HAL_UART_TxCpltCallback  stm32f7xx_hal_uart.o
    0x08002b48   0x08002b48   0x00000194   Code   RO         4923    i.MX_ADC3_Init      adc.o
    0x08002cdc   0x08002cdc   0x0000002c   Code   RO         5171    i.MX_DMA_Init       dma.o
    0x08002d08   0x08002d08   0x00000060   Code   RO         5018    i.MX_FREERTOS_Init  freertos.o
    0x08002d68   0x08002d68   0x000001fc   Code   RO         4658    i.MX_GPIO_Init      gpio.o
    0x08002f64   0x08002f64   0x00000134   Code   RO         4682    i.MX_LWIP_Init      lwip.o
    0x08003098   0x08003098   0x00000054   Code   RO         4603    i.MX_UART4_Init     usart.o
    0x080030ec   0x080030ec   0x00000050   Code   RO         4604    i.MX_USART3_UART_Init  usart.o
    0x0800313c   0x0800313c   0x00000054   Code   RO         4605    i.MX_USART6_UART_Init  usart.o
    0x08003190   0x08003190   0x00000022   Code   RO         3647    i.NVIC_SetPriority  stm32f7xx_hal_cortex.o
    0x080031b2   0x080031b2   0x00000002   PAD
    0x080031b4   0x080031b4   0x00000128   Code   RO          638    i.Server_setconnect  modbus_tcp.o
    0x080032dc   0x080032dc   0x0000001c   Code   RO         5019    i.StartModbusTask   freertos.o
    0x080032f8   0x080032f8   0x000000a8   Code   RO         5020    i.StartSysTask      freertos.o
    0x080033a0   0x080033a0   0x000000cc   Code   RO          639    i.StartTcpTask      modbus_tcp.o
    0x0800346c   0x0800346c   0x0000013c   Code   RO          640    i.StartnetTask      modbus_tcp.o
    0x080035a8   0x080035a8   0x0000000e   Code   RO         5089    i.SysTick_Handler   stm32f7xx_it.o
    0x080035b6   0x080035b6   0x00000002   PAD
    0x080035b8   0x080035b8   0x000000bc   Code   RO         4966    i.SystemClock_Config  main.o
    0x08003674   0x08003674   0x00000054   Code   RO         5196    i.SystemInit        system_stm32f7xx.o
    0x080036c8   0x080036c8   0x0000000c   Code   RO         5090    i.UART4_IRQHandler  stm32f7xx_it.o
    0x080036d4   0x080036d4   0x000000c8   Code   RO         2310    i.UART_AdvFeatureConfig  stm32f7xx_hal_uart.o
    0x0800379c   0x0800379c   0x00000040   Code   RO         2311    i.UART_CheckIdleState  stm32f7xx_hal_uart.o
    0x080037dc   0x080037dc   0x00000014   Code   RO         2312    i.UART_DMAAbortOnError  stm32f7xx_hal_uart.o
    0x080037f0   0x080037f0   0x0000001c   Code   RO         2318    i.UART_EndRxTransfer  stm32f7xx_hal_uart.o
    0x0800380c   0x0800380c   0x00000078   Code   RO         2320    i.UART_Receive_IT   stm32f7xx_hal_uart.o
    0x08003884   0x08003884   0x00000258   Code   RO         2321    i.UART_SetConfig    stm32f7xx_hal_uart.o
    0x08003adc   0x08003adc   0x00000064   Code   RO         2322    i.UART_WaitOnFlagUntilTimeout  stm32f7xx_hal_uart.o
    0x08003b40   0x08003b40   0x0000000c   Code   RO         5091    i.USART6_IRQHandler  stm32f7xx_it.o
    0x08003b4c   0x08003b4c   0x00000002   Code   RO         4967    i._Error_Handler    main.o
    0x08003b4e   0x08003b4e   0x00000002   PAD
    0x08003b50   0x08003b50   0x00000020   Code   RO         9210    i.__0printf$3       mc_w.l(printf3.o)
    0x08003b70   0x08003b70   0x0000000e   Code   RO         9422    i.__scatterload_copy  mc_w.l(handlers.o)
    0x08003b7e   0x08003b7e   0x00000002   Code   RO         9423    i.__scatterload_null  mc_w.l(handlers.o)
    0x08003b80   0x08003b80   0x0000000e   Code   RO         9424    i.__scatterload_zeroinit  mc_w.l(handlers.o)
    0x08003b8e   0x08003b8e   0x00000002   PAD
    0x08003b90   0x08003b90   0x000001b8   Code   RO         9217    i._printf_core      mc_w.l(printf3.o)
    0x08003d48   0x08003d48   0x000000d8   Code   RO         7095    i.accept_function   api_msg.o
    0x08003e20   0x08003e20   0x00000024   Code   RO         1133    i.circular_buf_count_data  circular_buffer.o
    0x08003e44   0x08003e44   0x00000010   Code   RO         1134    i.circular_buf_empty  circular_buffer.o
    0x08003e54   0x08003e54   0x0000001c   Code   RO         1135    i.circular_buf_full  circular_buffer.o
    0x08003e70   0x08003e70   0x0000002e   Code   RO         1136    i.circular_buf_get  circular_buffer.o
    0x08003e9e   0x08003e9e   0x0000000e   Code   RO         1138    i.circular_buf_init  circular_buffer.o
    0x08003eac   0x08003eac   0x0000003e   Code   RO         1139    i.circular_buf_put  circular_buffer.o
    0x08003eea   0x08003eea   0x00000002   PAD
    0x08003eec   0x08003eec   0x0000001c   Code   RO         6162    i.cyclic_timer      timeouts.o
    0x08003f08   0x08003f08   0x000000a8   Code   RO         7344    i.do_memp_free_pool  memp.o
    0x08003fb0   0x08003fb0   0x000000b8   Code   RO         7345    i.do_memp_malloc_pool  memp.o
    0x08004068   0x08004068   0x000001e0   Code   RO         7096    i.err_tcp           api_msg.o
    0x08004248   0x08004248   0x00000030   Code   RO         6995    i.etharp_cleanup_netif  etharp.o
    0x08004278   0x08004278   0x00000258   Code   RO         6997    i.etharp_find_entry  etharp.o
    0x080044d0   0x080044d0   0x00000024   Code   RO         6998    i.etharp_free_entry  etharp.o
    0x080044f4   0x080044f4   0x00000104   Code   RO         7000    i.etharp_input      etharp.o
    0x080045f8   0x080045f8   0x000001a8   Code   RO         7001    i.etharp_output     etharp.o
    0x080047a0   0x080047a0   0x00000110   Code   RO         7002    i.etharp_output_to_arp_index  etharp.o
    0x080048b0   0x080048b0   0x000001d8   Code   RO         7003    i.etharp_query      etharp.o
    0x08004a88   0x08004a88   0x00000170   Code   RO         7004    i.etharp_raw        etharp.o
    0x08004bf8   0x08004bf8   0x0000000c   Code   RO         7005    i.etharp_request    etharp.o
    0x08004c04   0x08004c04   0x00000020   Code   RO         7006    i.etharp_request_dst  etharp.o
    0x08004c24   0x08004c24   0x00000060   Code   RO         7007    i.etharp_tmr        etharp.o
    0x08004c84   0x08004c84   0x0000011c   Code   RO         7008    i.etharp_update_arp_entry  etharp.o
    0x08004da0   0x08004da0   0x000000a0   Code   RO         6706    i.ethernet_input    ethernet.o
    0x08004e40   0x08004e40   0x000000f8   Code   RO         6707    i.ethernet_output   ethernet.o
    0x08004f38   0x08004f38   0x00000088   Code   RO         4784    i.ethernetif_init   ethernetif.o
    0x08004fc0   0x08004fc0   0x00000034   Code   RO         4785    i.ethernetif_input  ethernetif.o
    0x08004ff4   0x08004ff4   0x00000108   Code   RO          641    i.ethernetif_notify_conn_changed  modbus_tcp.o
    0x080050fc   0x080050fc   0x00000044   Code   RO         4787    i.ethernetif_set_link  ethernetif.o
    0x08005140   0x08005140   0x000000b0   Code   RO         4788    i.ethernetif_update_config  ethernetif.o
    0x080051f0   0x080051f0   0x00000018   Code   RO         5144    i.fputc             stdio.o
    0x08005208   0x08005208   0x0000014c   Code   RO          642    i.function15_handle_tcp  modbus_tcp.o
    0x08005354   0x08005354   0x0000012c   Code   RO          643    i.function16_handle_tcp  modbus_tcp.o
    0x08005480   0x08005480   0x000000d4   Code   RO          644    i.function1_handle_tcp  modbus_tcp.o
    0x08005554   0x08005554   0x000000d4   Code   RO          645    i.function2_handle_tcp  modbus_tcp.o
    0x08005628   0x08005628   0x000000d4   Code   RO          646    i.function3_handle_tcp  modbus_tcp.o
    0x080056fc   0x080056fc   0x000000d4   Code   RO          647    i.function4_handle_tcp  modbus_tcp.o
    0x080057d0   0x080057d0   0x00000008   Code   RO         8008    i.icmp_dest_unreach  icmp.o
    0x080057d8   0x080057d8   0x000001e8   Code   RO         8009    i.icmp_input        icmp.o
    0x080059c0   0x080059c0   0x0000010c   Code   RO         8010    i.icmp_send_response  icmp.o
    0x08005acc   0x08005acc   0x00000008   Code   RO         8011    i.icmp_time_exceeded  icmp.o
    0x08005ad4   0x08005ad4   0x0000000c   Code   RO         1583    i.inHandlerMode     cmsis_os.o
    0x08005ae0   0x08005ae0   0x0000002e   Code   RO         5438    i.ip4_addr_isbroadcast_u32  ip4_addr.o
    0x08005b0e   0x08005b0e   0x00000002   PAD
    0x08005b10   0x08005b10   0x00000254   Code   RO         8756    i.ip4_frag          ip4_frag.o
    0x08005d64   0x08005d64   0x000001a4   Code   RO         8154    i.ip4_input         ip4.o
    0x08005f08   0x08005f08   0x0000001e   Code   RO         8156    i.ip4_output_if     ip4.o
    0x08005f26   0x08005f26   0x00000002   PAD
    0x08005f28   0x08005f28   0x00000170   Code   RO         8157    i.ip4_output_if_src  ip4.o
    0x08006098   0x08006098   0x000001b4   Code   RO         8757    i.ip4_reass         ip4_frag.o
    0x0800624c   0x0800624c   0x0000005c   Code   RO         8158    i.ip4_route         ip4.o
    0x080062a8   0x080062a8   0x0000000c   Code   RO         5441    i.ip4addr_ntoa      ip4_addr.o
    0x080062b4   0x080062b4   0x0000007c   Code   RO         5442    i.ip4addr_ntoa_r    ip4_addr.o
    0x08006330   0x08006330   0x00000090   Code   RO         8758    i.ip_frag_free_pbuf_custom_ref  ip4_frag.o
    0x080063c0   0x080063c0   0x00000260   Code   RO         8759    i.ip_reass_chain_frag_into_datagram_and_validate  ip4_frag.o
    0x08006620   0x08006620   0x000000bc   Code   RO         8760    i.ip_reass_dequeue_datagram  ip4_frag.o
    0x080066dc   0x080066dc   0x00000190   Code   RO         8761    i.ip_reass_free_complete_datagram  ip4_frag.o
    0x0800686c   0x0800686c   0x00000080   Code   RO         8762    i.ip_reass_remove_oldest_datagram  ip4_frag.o
    0x080068ec   0x080068ec   0x0000002c   Code   RO         8763    i.ip_reass_tmr      ip4_frag.o
    0x08006918   0x08006918   0x00000098   Code   RO         8764    i.ipfrag_free_pbuf_custom  ip4_frag.o
    0x080069b0   0x080069b0   0x0000011c   Code   RO         4789    i.low_level_init    ethernetif.o
    0x08006acc   0x08006acc   0x000000c4   Code   RO         4790    i.low_level_input   ethernetif.o
    0x08006b90   0x08006b90   0x000000b0   Code   RO         4791    i.low_level_output  ethernetif.o
    0x08006c40   0x08006c40   0x00000004   Code   RO         6940    i.lwip_htonl        def.o
    0x08006c44   0x08006c44   0x00000004   Code   RO         6941    i.lwip_htons        def.o
    0x08006c48   0x08006c48   0x00000022   Code   RO         6828    i.lwip_init         init.o
    0x08006c6a   0x08006c6a   0x00000060   Code   RO         7097    i.lwip_netconn_do_bind  api_msg.o
    0x08006cca   0x08006cca   0x00000002   PAD
    0x08006ccc   0x08006ccc   0x0000015c   Code   RO         7098    i.lwip_netconn_do_close  api_msg.o
    0x08006e28   0x08006e28   0x000002d8   Code   RO         7099    i.lwip_netconn_do_close_internal  api_msg.o
    0x08007100   0x08007100   0x000001bc   Code   RO         7102    i.lwip_netconn_do_delconn  api_msg.o
    0x080072bc   0x080072bc   0x000000e0   Code   RO         7105    i.lwip_netconn_do_listen  api_msg.o
    0x0800739c   0x0800739c   0x00000038   Code   RO         7106    i.lwip_netconn_do_newconn  api_msg.o
    0x080073d4   0x080073d4   0x00000060   Code   RO         7107    i.lwip_netconn_do_recv  api_msg.o
    0x08007434   0x08007434   0x00000178   Code   RO         7109    i.lwip_netconn_do_write  api_msg.o
    0x080075ac   0x080075ac   0x000002e4   Code   RO         7110    i.lwip_netconn_do_writemore  api_msg.o
    0x08007890   0x08007890   0x0000002a   Code   RO         4968    i.main              main.o
    0x080078ba   0x080078ba   0x0000000e   Code   RO         1585    i.makeFreeRtosPriority  cmsis_os.o
    0x080078c8   0x080078c8   0x00000004   Code   RO          915    i.mb_tcp_read_add_register_start  modbus_tcp_func.o
    0x080078cc   0x080078cc   0x00000004   Code   RO          916    i.mb_tcp_read_addslave  modbus_tcp_func.o
    0x080078d0   0x080078d0   0x00000004   Code   RO          917    i.mb_tcp_read_byte_coil  modbus_tcp_func.o
    0x080078d4   0x080078d4   0x00000004   Code   RO          918    i.mb_tcp_read_function  modbus_tcp_func.o
    0x080078d8   0x080078d8   0x00000004   Code   RO          919    i.mb_tcp_read_message_length  modbus_tcp_func.o
    0x080078dc   0x080078dc   0x00000004   Code   RO          920    i.mb_tcp_read_number_byte_follow  modbus_tcp_func.o
    0x080078e0   0x080078e0   0x00000004   Code   RO          921    i.mb_tcp_read_number_register  modbus_tcp_func.o
    0x080078e4   0x080078e4   0x00000004   Code   RO          922    i.mb_tcp_read_protocol_id  modbus_tcp_func.o
    0x080078e8   0x080078e8   0x00000004   Code   RO          923    i.mb_tcp_read_transaction_id  modbus_tcp_func.o
    0x080078ec   0x080078ec   0x00000004   Code   RO          924    i.mb_tcp_read_value_register  modbus_tcp_func.o
    0x080078f0   0x080078f0   0x00000138   Code   RO         8882    i.mem_free          mem.o
    0x08007a28   0x08007a28   0x000000c4   Code   RO         8883    i.mem_init          mem.o
    0x08007aec   0x08007aec   0x00000210   Code   RO         8884    i.mem_malloc        mem.o
    0x08007cfc   0x08007cfc   0x000001a8   Code   RO         8885    i.mem_trim          mem.o
    0x08007ea4   0x08007ea4   0x0000009c   Code   RO         7346    i.memp_free         memp.o
    0x08007f40   0x08007f40   0x00000020   Code   RO         7348    i.memp_init         memp.o
    0x08007f60   0x08007f60   0x0000002a   Code   RO         7349    i.memp_init_pool    memp.o
    0x08007f8a   0x08007f8a   0x00000002   PAD
    0x08007f8c   0x08007f8c   0x000000a4   Code   RO         7350    i.memp_malloc       memp.o
    0x08008030   0x08008030   0x00000038   Code   RO           21    i.modbus_acsii_get_input  modbus_ascii.o
    0x08008068   0x08008068   0x00000068   Code   RO         1082    i.modbus_register_init  modbus_register.o
    0x080080d0   0x080080d0   0x000000bc   Code   RO          648    i.modbus_tcp_check_input  modbus_tcp.o
    0x0800818c   0x0800818c   0x00000070   Code   RO          925    i.modbus_tcp_function15_response  modbus_tcp_func.o
    0x080081fc   0x080081fc   0x00000070   Code   RO          926    i.modbus_tcp_function16_response  modbus_tcp_func.o
    0x0800826c   0x0800826c   0x000001d4   Code   RO          927    i.modbus_tcp_function1_response  modbus_tcp_func.o
    0x08008440   0x08008440   0x000001b4   Code   RO          928    i.modbus_tcp_function2_response  modbus_tcp_func.o
    0x080085f4   0x080085f4   0x000000d4   Code   RO          929    i.modbus_tcp_function3_response  modbus_tcp_func.o
    0x080086c8   0x080086c8   0x00000100   Code   RO          930    i.modbus_tcp_function4_response  modbus_tcp_func.o
    0x080087c8   0x080087c8   0x00000120   Code   RO          649    i.modbus_tcp_port_init  modbus_tcp.o
    0x080088e8   0x080088e8   0x00000022   Code   RO         9035    i.netbuf_delete     netbuf.o
    0x0800890a   0x0800890a   0x00000002   PAD
    0x0800890c   0x0800890c   0x00000138   Code   RO         7596    i.netconn_accept    api_lib.o
    0x08008a44   0x08008a44   0x00000104   Code   RO         7111    i.netconn_alloc     api_msg.o
    0x08008b48   0x08008b48   0x00000016   Code   RO         7597    i.netconn_apimsg    api_lib.o
    0x08008b5e   0x08008b5e   0x00000002   PAD
    0x08008b60   0x08008b60   0x000000b4   Code   RO         7598    i.netconn_bind      api_lib.o
    0x08008c14   0x08008c14   0x00000006   Code   RO         7599    i.netconn_close     api_lib.o
    0x08008c1a   0x08008c1a   0x00000002   PAD
    0x08008c1c   0x08008c1c   0x000000b0   Code   RO         7600    i.netconn_close_shutdown  api_lib.o
    0x08008ccc   0x08008ccc   0x0000002c   Code   RO         7602    i.netconn_delete    api_lib.o
    0x08008cf8   0x08008cf8   0x000000a0   Code   RO         7112    i.netconn_drain     api_msg.o
    0x08008d98   0x08008d98   0x0000016c   Code   RO         7113    i.netconn_free      api_msg.o
    0x08008f04   0x08008f04   0x000000a8   Code   RO         7605    i.netconn_listen_with_backlog  api_lib.o
    0x08008fac   0x08008fac   0x00000178   Code   RO         7606    i.netconn_new_with_proto_and_callback  api_lib.o
    0x08009124   0x08009124   0x00000138   Code   RO         7607    i.netconn_recv      api_lib.o
    0x0800925c   0x0800925c   0x000001dc   Code   RO         7608    i.netconn_recv_data  api_lib.o
    0x08009438   0x08009438   0x00000124   Code   RO         7613    i.netconn_write_partly  api_lib.o
    0x0800955c   0x0800955c   0x000000e4   Code   RO         5666    i.netif_add         netif.o
    0x08009640   0x08009640   0x00000002   Code   RO         5668    i.netif_init        netif.o
    0x08009642   0x08009642   0x0000001a   Code   RO         5670    i.netif_issue_reports  netif.o
    0x0800965c   0x0800965c   0x00000048   Code   RO         5672    i.netif_set_addr    netif.o
    0x080096a4   0x080096a4   0x0000000c   Code   RO         5673    i.netif_set_default  netif.o
    0x080096b0   0x080096b0   0x0000002e   Code   RO         5674    i.netif_set_down    netif.o
    0x080096de   0x080096de   0x00000008   Code   RO         5675    i.netif_set_gw      netif.o
    0x080096e6   0x080096e6   0x00000002   PAD
    0x080096e8   0x080096e8   0x0000004c   Code   RO         5676    i.netif_set_ipaddr  netif.o
    0x08009734   0x08009734   0x00000008   Code   RO         5677    i.netif_set_link_callback  netif.o
    0x0800973c   0x0800973c   0x0000001a   Code   RO         5678    i.netif_set_link_down  netif.o
    0x08009756   0x08009756   0x00000030   Code   RO         5679    i.netif_set_link_up  netif.o
    0x08009786   0x08009786   0x00000008   Code   RO         5680    i.netif_set_netmask  netif.o
    0x0800978e   0x0800978e   0x00000032   Code   RO         5682    i.netif_set_up      netif.o
    0x080097c0   0x080097c0   0x0000000e   Code   RO         1587    i.osDelay           cmsis_os.o
    0x080097ce   0x080097ce   0x0000000a   Code   RO         1590    i.osKernelStart     cmsis_os.o
    0x080097d8   0x080097d8   0x00000018   Code   RO         1591    i.osKernelSysTick   cmsis_os.o
    0x080097f0   0x080097f0   0x0000000a   Code   RO         1599    i.osMessageCreate   cmsis_os.o
    0x080097fa   0x080097fa   0x00000018   Code   RO         1600    i.osMessageDelete   cmsis_os.o
    0x08009812   0x08009812   0x00000002   PAD
    0x08009814   0x08009814   0x00000098   Code   RO         1601    i.osMessageGet      cmsis_os.o
    0x080098ac   0x080098ac   0x0000005c   Code   RO         1603    i.osMessagePut      cmsis_os.o
    0x08009908   0x08009908   0x0000001e   Code   RO         1604    i.osMessageWaiting  cmsis_os.o
    0x08009926   0x08009926   0x00000006   Code   RO         1605    i.osMutexCreate     cmsis_os.o
    0x0800992c   0x0800992c   0x00000050   Code   RO         1607    i.osMutexRelease    cmsis_os.o
    0x0800997c   0x0800997c   0x0000006c   Code   RO         1608    i.osMutexWait       cmsis_os.o
    0x080099e8   0x080099e8   0x00000026   Code   RO         1616    i.osSemaphoreCreate  cmsis_os.o
    0x08009a0e   0x08009a0e   0x00000018   Code   RO         1617    i.osSemaphoreDelete  cmsis_os.o
    0x08009a26   0x08009a26   0x00000002   PAD
    0x08009a28   0x08009a28   0x00000050   Code   RO         1619    i.osSemaphoreRelease  cmsis_os.o
    0x08009a78   0x08009a78   0x0000006c   Code   RO         1620    i.osSemaphoreWait   cmsis_os.o
    0x08009ae4   0x08009ae4   0x00000014   Code   RO         1623    i.osSystickHandler  cmsis_os.o
    0x08009af8   0x08009af8   0x0000002e   Code   RO         1624    i.osThreadCreate    cmsis_os.o
    0x08009b26   0x08009b26   0x0000000a   Code   RO         1633    i.osThreadTerminate  cmsis_os.o
    0x08009b30   0x08009b30   0x0000036c   Code   RO         8231    i.pbuf_alloc        pbuf.o
    0x08009e9c   0x08009e9c   0x000000e0   Code   RO         8232    i.pbuf_alloced_custom  pbuf.o
    0x08009f7c   0x08009f7c   0x00000130   Code   RO         8233    i.pbuf_cat          pbuf.o
    0x0800a0ac   0x0800a0ac   0x00000012   Code   RO         8235    i.pbuf_clen         pbuf.o
    0x0800a0be   0x0800a0be   0x00000002   PAD
    0x0800a0c0   0x0800a0c0   0x000001ec   Code   RO         8237    i.pbuf_copy         pbuf.o
    0x0800a2ac   0x0800a2ac   0x0000011c   Code   RO         8238    i.pbuf_copy_partial  pbuf.o
    0x0800a3c8   0x0800a3c8   0x00000178   Code   RO         8240    i.pbuf_free         pbuf.o
    0x0800a540   0x0800a540   0x00000034   Code   RO         8241    i.pbuf_free_ooseq_callback  pbuf.o
    0x0800a574   0x0800a574   0x00000006   Code   RO         8243    i.pbuf_header       pbuf.o
    0x0800a57a   0x0800a57a   0x00000006   Code   RO         8244    i.pbuf_header_force  pbuf.o
    0x0800a580   0x0800a580   0x00000124   Code   RO         8245    i.pbuf_header_impl  pbuf.o
    0x0800a6a4   0x0800a6a4   0x00000040   Code   RO         8248    i.pbuf_pool_is_empty  pbuf.o
    0x0800a6e4   0x0800a6e4   0x00000198   Code   RO         8250    i.pbuf_realloc      pbuf.o
    0x0800a87c   0x0800a87c   0x0000009c   Code   RO         8251    i.pbuf_ref          pbuf.o
    0x0800a918   0x0800a918   0x000000f8   Code   RO         7114    i.pcb_new           api_msg.o
    0x0800aa10   0x0800aa10   0x0000017c   Code   RO         8886    i.plug_holes        mem.o
    0x0800ab8c   0x0800ab8c   0x000000dc   Code   RO         7115    i.poll_tcp          api_msg.o
    0x0800ac68   0x0800ac68   0x00000070   Code   RO         1201    i.prvAddCurrentTaskToDelayedList  tasks.o
    0x0800acd8   0x0800acd8   0x000000d0   Code   RO         1202    i.prvAddNewTaskToReadyList  tasks.o
    0x0800ada8   0x0800ada8   0x00000050   Code   RO         1203    i.prvCheckTasksWaitingTermination  tasks.o
    0x0800adf8   0x0800adf8   0x00000026   Code   RO         1959    i.prvCopyDataFromQueue  queue.o
    0x0800ae1e   0x0800ae1e   0x0000006c   Code   RO         1960    i.prvCopyDataToQueue  queue.o
    0x0800ae8a   0x0800ae8a   0x00000014   Code   RO         1204    i.prvDeleteTCB      tasks.o
    0x0800ae9e   0x0800ae9e   0x00000002   PAD
    0x0800aea0   0x0800aea0   0x00000050   Code   RO         2163    i.prvHeapInit       heap_4.o
    0x0800aef0   0x0800aef0   0x00000028   Code   RO         1205    i.prvIdleTask       tasks.o
    0x0800af18   0x0800af18   0x00000092   Code   RO         1206    i.prvInitialiseNewTask  tasks.o
    0x0800afaa   0x0800afaa   0x00000002   PAD
    0x0800afac   0x0800afac   0x0000004c   Code   RO         2164    i.prvInsertBlockIntoFreeList  heap_4.o
    0x0800aff8   0x0800aff8   0x0000001c   Code   RO         1961    i.prvIsQueueEmpty   queue.o
    0x0800b014   0x0800b014   0x00000020   Code   RO         1207    i.prvResetNextTaskUnblockTime  tasks.o
    0x0800b034   0x0800b034   0x00000030   Code   RO         1505    i.prvTaskExitError  port.o
    0x0800b064   0x0800b064   0x0000006a   Code   RO         1962    i.prvUnlockQueue    queue.o
    0x0800b0ce   0x0800b0ce   0x00000002   PAD
    0x0800b0d0   0x0800b0d0   0x000000ec   Code   RO         2165    i.pvPortMalloc      heap_4.o
    0x0800b1bc   0x0800b1bc   0x00000018   Code   RO         1209    i.pvTaskIncrementMutexHeldCount  tasks.o
    0x0800b1d4   0x0800b1d4   0x00000030   Code   RO         1506    i.pxPortInitialiseStack  port.o
    0x0800b204   0x0800b204   0x00000028   Code   RO          937    i.read_uint16_queue_tcp  modbus_tcp_func.o
    0x0800b22c   0x0800b22c   0x00000014   Code   RO          938    i.read_uint8_queue_tcp  modbus_tcp_func.o
    0x0800b240   0x0800b240   0x00000168   Code   RO         7116    i.recv_tcp          api_msg.o
    0x0800b3a8   0x0800b3a8   0x00000164   Code   RO         7117    i.recv_udp          api_msg.o
    0x0800b50c   0x0800b50c   0x000000d0   Code   RO         7118    i.sent_tcp          api_msg.o
    0x0800b5dc   0x0800b5dc   0x00000044   Code   RO         7119    i.setup_tcp         api_msg.o
    0x0800b620   0x0800b620   0x00000046   Code   RO         5233    i.sys_arch_mbox_fetch  sys_arch.o
    0x0800b666   0x0800b666   0x00000022   Code   RO         5234    i.sys_arch_mbox_tryfetch  sys_arch.o
    0x0800b688   0x0800b688   0x00000018   Code   RO         5235    i.sys_arch_protect  sys_arch.o
    0x0800b6a0   0x0800b6a0   0x00000038   Code   RO         5236    i.sys_arch_sem_wait  sys_arch.o
    0x0800b6d8   0x0800b6d8   0x0000000c   Code   RO         5237    i.sys_arch_unprotect  sys_arch.o
    0x0800b6e4   0x0800b6e4   0x00000058   Code   RO         6163    i.sys_check_timeouts  timeouts.o
    0x0800b73c   0x0800b73c   0x00000018   Code   RO         5238    i.sys_init          sys_arch.o
    0x0800b754   0x0800b754   0x00000014   Code   RO         5239    i.sys_mbox_free     sys_arch.o
    0x0800b768   0x0800b768   0x00000028   Code   RO         5240    i.sys_mbox_new      sys_arch.o
    0x0800b790   0x0800b790   0x0000001a   Code   RO         5241    i.sys_mbox_post     sys_arch.o
    0x0800b7aa   0x0800b7aa   0x00000006   Code   RO         5242    i.sys_mbox_set_invalid  sys_arch.o
    0x0800b7b0   0x0800b7b0   0x00000014   Code   RO         5243    i.sys_mbox_trypost  sys_arch.o
    0x0800b7c4   0x0800b7c4   0x0000000a   Code   RO         5244    i.sys_mbox_valid    sys_arch.o
    0x0800b7ce   0x0800b7ce   0x0000000a   Code   RO         5246    i.sys_mutex_lock    sys_arch.o
    0x0800b7d8   0x0800b7d8   0x0000001c   Code   RO         5247    i.sys_mutex_new     sys_arch.o
    0x0800b7f4   0x0800b7f4   0x00000006   Code   RO         5248    i.sys_mutex_unlock  sys_arch.o
    0x0800b7fa   0x0800b7fa   0x00000004   Code   RO         4793    i.sys_now           ethernetif.o
    0x0800b7fe   0x0800b7fe   0x00000006   Code   RO         5249    i.sys_sem_free      sys_arch.o
    0x0800b804   0x0800b804   0x0000002a   Code   RO         5250    i.sys_sem_new       sys_arch.o
    0x0800b82e   0x0800b82e   0x00000006   Code   RO         5251    i.sys_sem_set_invalid  sys_arch.o
    0x0800b834   0x0800b834   0x00000006   Code   RO         5252    i.sys_sem_signal    sys_arch.o
    0x0800b83a   0x0800b83a   0x0000000a   Code   RO         5253    i.sys_sem_valid     sys_arch.o
    0x0800b844   0x0800b844   0x00000030   Code   RO         5254    i.sys_thread_new    sys_arch.o
    0x0800b874   0x0800b874   0x0000013c   Code   RO         6165    i.sys_timeout       timeouts.o
    0x0800b9b0   0x0800b9b0   0x00000034   Code   RO         6166    i.sys_timeouts_init  timeouts.o
    0x0800b9e4   0x0800b9e4   0x00000048   Code   RO         6167    i.sys_timeouts_mbox_fetch  timeouts.o
    0x0800ba2c   0x0800ba2c   0x00000178   Code   RO         6285    i.tcp_abandon       tcp.o
    0x0800bba4   0x0800bba4   0x00000006   Code   RO         6286    i.tcp_abort         tcp.o
    0x0800bbaa   0x0800bbaa   0x0000000e   Code   RO         6287    i.tcp_accept        tcp.o
    0x0800bbb8   0x0800bbb8   0x0000000e   Code   RO         6288    i.tcp_accept_null   tcp.o
    0x0800bbc6   0x0800bbc6   0x00000002   PAD
    0x0800bbc8   0x0800bbc8   0x00000104   Code   RO         6289    i.tcp_alloc         tcp.o
    0x0800bccc   0x0800bccc   0x00000008   Code   RO         6290    i.tcp_arg           tcp.o
    0x0800bcd4   0x0800bcd4   0x00000124   Code   RO         6291    i.tcp_bind          tcp.o
    0x0800bdf8   0x0800bdf8   0x00000014   Code   RO         6292    i.tcp_close         tcp.o
    0x0800be0c   0x0800be0c   0x0000018c   Code   RO         6293    i.tcp_close_shutdown  tcp.o
    0x0800bf98   0x0800bf98   0x000000c4   Code   RO         6294    i.tcp_close_shutdown_fin  tcp.o
    0x0800c05c   0x0800c05c   0x00000120   Code   RO         6560    i.tcp_create_segment  tcp_out.o
    0x0800c17c   0x0800c17c   0x00000022   Code   RO         6297    i.tcp_eff_send_mss_impl  tcp.o
    0x0800c19e   0x0800c19e   0x00000002   PAD
    0x0800c1a0   0x0800c1a0   0x00000210   Code   RO         6561    i.tcp_enqueue_flags  tcp_out.o
    0x0800c3b0   0x0800c3b0   0x000000a4   Code   RO         6298    i.tcp_err           tcp.o
    0x0800c454   0x0800c454   0x0000006c   Code   RO         6299    i.tcp_fasttmr       tcp.o
    0x0800c4c0   0x0800c4c0   0x00000030   Code   RO         5969    i.tcp_getoptbyte    tcp_in.o
    0x0800c4f0   0x0800c4f0   0x00000002   Code   RO         6300    i.tcp_init          tcp.o
    0x0800c4f2   0x0800c4f2   0x00000002   PAD
    0x0800c4f4   0x0800c4f4   0x000005d8   Code   RO         5970    i.tcp_input         tcp_in.o
    0x0800cacc   0x0800cacc   0x00000040   Code   RO         5971    i.tcp_input_delayed_close  tcp_in.o
    0x0800cb0c   0x0800cb0c   0x00000052   Code   RO         6562    i.tcp_keepalive     tcp_out.o
    0x0800cb5e   0x0800cb5e   0x00000002   PAD
    0x0800cb60   0x0800cb60   0x000000bc   Code   RO         6301    i.tcp_kill_state    tcp.o
    0x0800cc1c   0x0800cc1c   0x000000cc   Code   RO         6302    i.tcp_listen_closed  tcp.o
    0x0800cce8   0x0800cce8   0x000000f4   Code   RO         5972    i.tcp_listen_input  tcp_in.o
    0x0800cddc   0x0800cddc   0x00000124   Code   RO         6304    i.tcp_listen_with_backlog_and_err  tcp.o
    0x0800cf00   0x0800cf00   0x0000004c   Code   RO         6305    i.tcp_netif_ip_addr_changed  tcp.o
    0x0800cf4c   0x0800cf4c   0x00000022   Code   RO         6306    i.tcp_netif_ip_addr_changed_pcblist  tcp.o
    0x0800cf6e   0x0800cf6e   0x00000006   Code   RO         6308    i.tcp_new_ip_type   tcp.o
    0x0800cf74   0x0800cf74   0x0000005c   Code   RO         6309    i.tcp_new_port      tcp.o
    0x0800cfd0   0x0800cfd0   0x00000010   Code   RO         6310    i.tcp_next_iss      tcp.o
    0x0800cfe0   0x0800cfe0   0x0000007c   Code   RO         5973    i.tcp_oos_insert_segment  tcp_in.o
    0x0800d05c   0x0800d05c   0x000002d4   Code   RO         6563    i.tcp_output        tcp_out.o
    0x0800d330   0x0800d330   0x00000110   Code   RO         6564    i.tcp_output_alloc_header  tcp_out.o
    0x0800d440   0x0800d440   0x000000b0   Code   RO         6565    i.tcp_output_segment  tcp_out.o
    0x0800d4f0   0x0800d4f0   0x00000074   Code   RO         5974    i.tcp_parseopt      tcp_in.o
    0x0800d564   0x0800d564   0x000000d8   Code   RO         6566    i.tcp_pbuf_prealloc  tcp_out.o
    0x0800d63c   0x0800d63c   0x00000042   Code   RO         6311    i.tcp_pcb_purge     tcp.o
    0x0800d67e   0x0800d67e   0x00000002   PAD
    0x0800d680   0x0800d680   0x00000130   Code   RO         6312    i.tcp_pcb_remove    tcp.o
    0x0800d7b0   0x0800d7b0   0x0000009c   Code   RO         6313    i.tcp_poll          tcp.o
    0x0800d84c   0x0800d84c   0x00000488   Code   RO         5975    i.tcp_process       tcp_in.o
    0x0800dcd4   0x0800dcd4   0x0000006c   Code   RO         6314    i.tcp_process_refused_data  tcp.o
    0x0800dd40   0x0800dd40   0x00000a32   Code   RO         5976    i.tcp_receive       tcp_in.o
    0x0800e772   0x0800e772   0x00000002   PAD
    0x0800e774   0x0800e774   0x000000a4   Code   RO         6315    i.tcp_recv          tcp.o
    0x0800e818   0x0800e818   0x00000024   Code   RO         6316    i.tcp_recv_null     tcp.o
    0x0800e83c   0x0800e83c   0x00000110   Code   RO         6317    i.tcp_recved        tcp.o
    0x0800e94c   0x0800e94c   0x00000056   Code   RO         6567    i.tcp_rexmit        tcp_out.o
    0x0800e9a2   0x0800e9a2   0x00000058   Code   RO         6568    i.tcp_rexmit_fast   tcp_out.o
    0x0800e9fa   0x0800e9fa   0x00000030   Code   RO         6569    i.tcp_rexmit_rto    tcp_out.o
    0x0800ea2a   0x0800ea2a   0x00000002   PAD
    0x0800ea2c   0x0800ea2c   0x00000120   Code   RO         6570    i.tcp_rst           tcp_out.o
    0x0800eb4c   0x0800eb4c   0x00000028   Code   RO         6318    i.tcp_seg_copy      tcp.o
    0x0800eb74   0x0800eb74   0x0000001c   Code   RO         6319    i.tcp_seg_free      tcp.o
    0x0800eb90   0x0800eb90   0x00000012   Code   RO         6320    i.tcp_segs_free     tcp.o
    0x0800eba2   0x0800eba2   0x00000072   Code   RO         6571    i.tcp_send_empty_ack  tcp_out.o
    0x0800ec14   0x0800ec14   0x00000044   Code   RO         6572    i.tcp_send_fin      tcp_out.o
    0x0800ec58   0x0800ec58   0x0000003c   Code   RO          650    i.tcp_sendata       modbus_tcp.o
    0x0800ec94   0x0800ec94   0x000000a0   Code   RO         6321    i.tcp_sent          tcp.o
    0x0800ed34   0x0800ed34   0x0000004e   Code   RO         6323    i.tcp_shutdown      tcp.o
    0x0800ed82   0x0800ed82   0x00000002   PAD
    0x0800ed84   0x0800ed84   0x000004dc   Code   RO         6324    i.tcp_slowtmr       tcp.o
    0x0800f260   0x0800f260   0x00000034   Code   RO         6169    i.tcp_timer_needed  timeouts.o
    0x0800f294   0x0800f294   0x00000068   Code   RO         5977    i.tcp_timewait_input  tcp_in.o
    0x0800f2fc   0x0800f2fc   0x00000020   Code   RO         6325    i.tcp_tmr           tcp.o
    0x0800f31c   0x0800f31c   0x00000010   Code   RO         5978    i.tcp_trigger_input_pcb_close  tcp_in.o
    0x0800f32c   0x0800f32c   0x000000c0   Code   RO         6327    i.tcp_update_rcv_ann_wnd  tcp.o
    0x0800f3ec   0x0800f3ec   0x00000690   Code   RO         6573    i.tcp_write         tcp_out.o
    0x0800fa7c   0x0800fa7c   0x00000140   Code   RO         6574    i.tcp_write_checks  tcp_out.o
    0x0800fbbc   0x0800fbbc   0x000000ae   Code   RO         6575    i.tcp_zero_window_probe  tcp_out.o
    0x0800fc6a   0x0800fc6a   0x00000002   PAD
    0x0800fc6c   0x0800fc6c   0x000000cc   Code   RO         5514    i.tcpip_callback_with_block  tcpip.o
    0x0800fd38   0x0800fd38   0x00000110   Code   RO         5517    i.tcpip_init        tcpip.o
    0x0800fe48   0x0800fe48   0x000000c0   Code   RO         5518    i.tcpip_inpkt       tcpip.o
    0x0800ff08   0x0800ff08   0x0000001c   Code   RO         5519    i.tcpip_input       tcpip.o
    0x0800ff24   0x0800ff24   0x00000020   Code   RO         5520    i.tcpip_send_msg_wait_sem  tcpip.o
    0x0800ff44   0x0800ff44   0x00000038   Code   RO         6170    i.tcpip_tcp_timer   timeouts.o
    0x0800ff7c   0x0800ff7c   0x000000f8   Code   RO         5521    i.tcpip_thread      tcpip.o
    0x08010074   0x08010074   0x000000b8   Code   RO         8631    i.udp_bind          udp.o
    0x0801012c   0x0801012c   0x00000002   Code   RO         8634    i.udp_init          udp.o
    0x0801012e   0x0801012e   0x00000002   PAD
    0x08010130   0x08010130   0x0000019c   Code   RO         8635    i.udp_input         udp.o
    0x080102cc   0x080102cc   0x00000034   Code   RO         8636    i.udp_netif_ip_addr_changed  udp.o
    0x08010300   0x08010300   0x0000001a   Code   RO         8637    i.udp_new           udp.o
    0x0801031a   0x0801031a   0x00000004   Code   RO         8638    i.udp_new_ip_type   udp.o
    0x0801031e   0x0801031e   0x00000006   Code   RO         8639    i.udp_recv          udp.o
    0x08010324   0x08010324   0x00000030   Code   RO         8640    i.udp_remove        udp.o
    0x08010354   0x08010354   0x00000024   Code   RO         2233    i.uxListRemove      list.o
    0x08010378   0x08010378   0x00000028   Code   RO         1963    i.uxQueueMessagesWaiting  queue.o
    0x080103a0   0x080103a0   0x0000001a   Code   RO         1964    i.uxQueueMessagesWaitingFromISR  queue.o
    0x080103ba   0x080103ba   0x00000002   PAD
    0x080103bc   0x080103bc   0x00000028   Code   RO         5021    i.vApplicationMallocFailedHook  freertos.o
    0x080103e4   0x080103e4   0x00000016   Code   RO         2234    i.vListInitialise   list.o
    0x080103fa   0x080103fa   0x00000006   Code   RO         2235    i.vListInitialiseItem  list.o
    0x08010400   0x08010400   0x00000030   Code   RO         2236    i.vListInsert       list.o
    0x08010430   0x08010430   0x00000018   Code   RO         2237    i.vListInsertEnd    list.o
    0x08010448   0x08010448   0x00000048   Code   RO         1508    i.vPortEnterCritical  port.o
    0x08010490   0x08010490   0x0000002c   Code   RO         1509    i.vPortExitCritical  port.o
    0x080104bc   0x080104bc   0x00000064   Code   RO         2166    i.vPortFree         heap_4.o
    0x08010520   0x08010520   0x00000020   Code   RO         1510    i.vPortSetupTimerInterrupt  port.o
    0x08010540   0x08010540   0x0000005c   Code   RO         1511    i.vPortValidateInterruptPriority  port.o
    0x0801059c   0x0801059c   0x00000028   Code   RO         1967    i.vQueueDelete      queue.o
    0x080105c4   0x080105c4   0x00000028   Code   RO         1968    i.vQueueUnregisterQueue  queue.o
    0x080105ec   0x080105ec   0x00000050   Code   RO         1215    i.vTaskDelay        tasks.o
    0x0801063c   0x0801063c   0x000000b0   Code   RO         1216    i.vTaskDelete       tasks.o
    0x080106ec   0x080106ec   0x0000000c   Code   RO         1218    i.vTaskMissedYield  tasks.o
    0x080106f8   0x080106f8   0x00000034   Code   RO         1220    i.vTaskPlaceOnEventList  tasks.o
    0x0801072c   0x0801072c   0x00000088   Code   RO         1222    i.vTaskPriorityInherit  tasks.o
    0x080107b4   0x080107b4   0x00000028   Code   RO         1225    i.vTaskSetTimeOutState  tasks.o
    0x080107dc   0x080107dc   0x00000070   Code   RO         1226    i.vTaskStartScheduler  tasks.o
    0x0801084c   0x0801084c   0x00000010   Code   RO         1228    i.vTaskSuspendAll   tasks.o
    0x0801085c   0x0801085c   0x00000060   Code   RO         1229    i.vTaskSwitchContext  tasks.o
    0x080108bc   0x080108bc   0x000000a8   Code   RO         1512    i.xPortStartScheduler  port.o
    0x08010964   0x08010964   0x00000030   Code   RO         1513    i.xPortSysTickHandler  port.o
    0x08010994   0x08010994   0x00000024   Code   RO         1969    i.xQueueCreateMutex  queue.o
    0x080109b8   0x080109b8   0x0000004c   Code   RO         1970    i.xQueueGenericCreate  queue.o
    0x08010a04   0x08010a04   0x0000017c   Code   RO         1971    i.xQueueGenericReceive  queue.o
    0x08010b80   0x08010b80   0x00000098   Code   RO         1972    i.xQueueGenericReset  queue.o
    0x08010c18   0x08010c18   0x00000170   Code   RO         1973    i.xQueueGenericSend  queue.o
    0x08010d88   0x08010d88   0x000000cc   Code   RO         1974    i.xQueueGenericSendFromISR  queue.o
    0x08010e54   0x08010e54   0x000000ac   Code   RO         1975    i.xQueueGiveFromISR  queue.o
    0x08010f00   0x08010f00   0x000000a8   Code   RO         1979    i.xQueueReceiveFromISR  queue.o
    0x08010fa8   0x08010fa8   0x00000074   Code   RO         1230    i.xTaskCheckForTimeOut  tasks.o
    0x0801101c   0x0801101c   0x00000056   Code   RO         1231    i.xTaskCreate       tasks.o
    0x08011072   0x08011072   0x00000002   PAD
    0x08011074   0x08011074   0x0000001c   Code   RO         1235    i.xTaskGetSchedulerState  tasks.o
    0x08011090   0x08011090   0x0000000c   Code   RO         1236    i.xTaskGetTickCount  tasks.o
    0x0801109c   0x0801109c   0x00000010   Code   RO         1237    i.xTaskGetTickCountFromISR  tasks.o
    0x080110ac   0x080110ac   0x000000cc   Code   RO         1238    i.xTaskIncrementTick  tasks.o
    0x08011178   0x08011178   0x000000a8   Code   RO         1241    i.xTaskPriorityDisinherit  tasks.o
    0x08011220   0x08011220   0x00000078   Code   RO         1242    i.xTaskRemoveFromEventList  tasks.o
    0x08011298   0x08011298   0x000000c8   Code   RO         1244    i.xTaskResumeAll    tasks.o
    0x08011360   0x08011360   0x0000003c   Data   RO          652    .constdata          modbus_tcp.o
    0x0801139c   0x0801139c   0x00000008   Data   RO         3993    .constdata          stm32f7xx_hal_dma.o
    0x080113a4   0x080113a4   0x00000014   Data   RO         4688    .constdata          lwip.o
    0x080113b8   0x080113b8   0x00000014   Data   RO         4795    .constdata          ethernetif.o
    0x080113cc   0x080113cc   0x00000040   Data   RO         5023    .constdata          freertos.o
    0x0801140c   0x0801140c   0x00000010   Data   RO         5197    .constdata          system_stm32f7xx.o
    0x0801141c   0x0801141c   0x00000008   Data   RO         5198    .constdata          system_stm32f7xx.o
    0x08011424   0x08011424   0x0000000c   Data   RO         5255    .constdata          sys_arch.o
    0x08011430   0x08011430   0x00000004   Data   RO         5445    .constdata          ip4_addr.o
    0x08011434   0x08011434   0x00000018   Data   RO         6171    .constdata          timeouts.o
    0x0801144c   0x0801144c   0x00000054   Data   RO         6328    .constdata          tcp.o
    0x080114a0   0x080114a0   0x00000006   Data   RO         6708    .constdata          ethernet.o
    0x080114a6   0x080114a6   0x00000006   Data   RO         6709    .constdata          ethernet.o
    0x080114ac   0x080114ac   0x0000000c   Data   RO         7365    .constdata          memp.o
    0x080114b8   0x080114b8   0x0000000c   Data   RO         7366    .constdata          memp.o
    0x080114c4   0x080114c4   0x0000000c   Data   RO         7367    .constdata          memp.o
    0x080114d0   0x080114d0   0x0000000c   Data   RO         7368    .constdata          memp.o
    0x080114dc   0x080114dc   0x0000000c   Data   RO         7369    .constdata          memp.o
    0x080114e8   0x080114e8   0x0000000c   Data   RO         7370    .constdata          memp.o
    0x080114f4   0x080114f4   0x0000000c   Data   RO         7371    .constdata          memp.o
    0x08011500   0x08011500   0x0000000c   Data   RO         7372    .constdata          memp.o
    0x0801150c   0x0801150c   0x0000000c   Data   RO         7373    .constdata          memp.o
    0x08011518   0x08011518   0x0000000c   Data   RO         7374    .constdata          memp.o
    0x08011524   0x08011524   0x0000000c   Data   RO         7375    .constdata          memp.o
    0x08011530   0x08011530   0x0000000c   Data   RO         7376    .constdata          memp.o
    0x0801153c   0x0801153c   0x0000000c   Data   RO         7377    .constdata          memp.o
    0x08011548   0x08011548   0x00000034   Data   RO         7378    .constdata          memp.o
    0x0801157c   0x0801157c   0x00000010   Data   RO          653    .conststring        modbus_tcp.o
    0x0801158c   0x0801158c   0x00000008   Data   RO         4689    .conststring        lwip.o
    0x08011594   0x08011594   0x00000006   Data   RO         4796    .conststring        ethernetif.o
    0x0801159a   0x0801159a   0x00000002   PAD
    0x0801159c   0x0801159c   0x00000014   Data   RO         5024    .conststring        freertos.o
    0x080115b0   0x080115b0   0x00000075   Data   RO         6329    .conststring        tcp.o
    0x08011625   0x08011625   0x00000003   PAD
    0x08011628   0x08011628   0x00000055   Data   RO         6576    .conststring        tcp_out.o
    0x0801167d   0x0801167d   0x00000003   PAD
    0x08011680   0x08011680   0x00000041   Data   RO         7010    .conststring        etharp.o
    0x080116c1   0x080116c1   0x00000003   PAD
    0x080116c4   0x080116c4   0x00000020   Data   RO         9420    Region$$Table       anon$$obj.o


    Execution Region RW_IRAM1 (Exec base: 0x20000000, Load base: 0x080116e4, Size: 0x00027d28, Max: 0x00080000, ABSOLUTE, COMPRESSED[0x00000028])

    Exec Addr    Load Addr    Size         Type   Attr      Idx    E Section Name        Object

    0x20000000   COMPRESSED   0x00000018   Data   RW           24    .data               modbus_ascii.o
    0x20000018   COMPRESSED   0x00000030   Data   RW          654    .data               modbus_tcp.o
    0x20000048   COMPRESSED   0x00000006   Data   RW         1086    .data               modbus_register.o
    0x2000004e   COMPRESSED   0x00000002   PAD
    0x20000050   COMPRESSED   0x0000003c   Data   RW         1247    .data               tasks.o
    0x2000008c   COMPRESSED   0x0000000c   Data   RW         1514    .data               port.o
    0x20000098   COMPRESSED   0x00000018   Data   RW         2171    .data               heap_4.o
    0x200000b0   COMPRESSED   0x0000000c   Data   RW         4383    .data               stm32f7xx_hal.o
    0x200000bc   COMPRESSED   0x00000024   Data   RW         4690    .data               lwip.o
    0x200000e0   COMPRESSED   0x00000004   Data   RW         4797    .data               ethernetif.o
    0x200000e4   COMPRESSED   0x00000018   Data   RW         5025    .data               freertos.o
    0x200000fc   COMPRESSED   0x00000004   Data   RW         5145    .data               stdio.o
    0x20000100   COMPRESSED   0x00000004   Data   RW         5199    .data               system_stm32f7xx.o
    0x20000104   COMPRESSED   0x00000004   Data   RW         5257    .data               sys_arch.o
    0x20000108   COMPRESSED   0x00000010   Data   RW         5523    .data               tcpip.o
    0x20000118   COMPRESSED   0x0000000c   Data   RW         5683    .data               netif.o
    0x20000124   COMPRESSED   0x00000024   Data   RW         5980    .data               tcp_in.o
    0x20000148   COMPRESSED   0x0000000c   Data   RW         6172    .data               timeouts.o
    0x20000154   COMPRESSED   0x00000020   Data   RW         6330    .data               tcp.o
    0x20000174   COMPRESSED   0x00000001   Data   RW         7011    .data               etharp.o
    0x20000175   COMPRESSED   0x00000001   Data   RW         7120    .data               api_msg.o
    0x20000176   COMPRESSED   0x00000002   PAD
    0x20000178   COMPRESSED   0x00000004   Data   RW         7379    .data               memp.o
    0x2000017c   COMPRESSED   0x00000004   Data   RW         7380    .data               memp.o
    0x20000180   COMPRESSED   0x00000004   Data   RW         7381    .data               memp.o
    0x20000184   COMPRESSED   0x00000004   Data   RW         7382    .data               memp.o
    0x20000188   COMPRESSED   0x00000004   Data   RW         7383    .data               memp.o
    0x2000018c   COMPRESSED   0x00000004   Data   RW         7384    .data               memp.o
    0x20000190   COMPRESSED   0x00000004   Data   RW         7385    .data               memp.o
    0x20000194   COMPRESSED   0x00000004   Data   RW         7386    .data               memp.o
    0x20000198   COMPRESSED   0x00000004   Data   RW         7387    .data               memp.o
    0x2000019c   COMPRESSED   0x00000004   Data   RW         7388    .data               memp.o
    0x200001a0   COMPRESSED   0x00000004   Data   RW         7389    .data               memp.o
    0x200001a4   COMPRESSED   0x00000004   Data   RW         7390    .data               memp.o
    0x200001a8   COMPRESSED   0x00000004   Data   RW         7391    .data               memp.o
    0x200001ac   COMPRESSED   0x00000002   Data   RW         8159    .data               ip4.o
    0x200001ae   COMPRESSED   0x00000001   Data   RW         8258    .data               pbuf.o
    0x200001af   COMPRESSED   0x00000001   PAD
    0x200001b0   COMPRESSED   0x00000008   Data   RW         8645    .data               udp.o
    0x200001b8   COMPRESSED   0x00000008   Data   RW         8765    .data               ip4_frag.o
    0x200001c0   COMPRESSED   0x00000010   Data   RW         8888    .data               mem.o
    0x200001d0   COMPRESSED   0x00000004   Data   RW         9396    .data               mc_w.l(stdout.o)
    0x200001d4        -       0x00000264   Zero   RW           23    .bss                modbus_ascii.o
    0x20000438        -       0x00000200   Zero   RW          651    .bss                modbus_tcp.o
    0x20000638        -       0x000000c8   Zero   RW          939    .bss                modbus_tcp_func.o
    0x20000700        -       0x000004b0   Zero   RW         1085    .bss                modbus_register.o
    0x20000bb0        -       0x000000f0   Zero   RW         1246    .bss                tasks.o
    0x20000ca0        -       0x00000040   Zero   RW         1980    .bss                queue.o
    0x20000ce0        -       0x00020000   Zero   RW         2170    .bss                heap_4.o
    0x20020ce0        -       0x00000150   Zero   RW         4606    .bss                usart.o
    0x20020e30        -       0x00000038   Zero   RW         4687    .bss                lwip.o
    0x20020e68        -       0x000030e8   Zero   RW         4794    .bss                ethernetif.o
    0x20023f50        -       0x000000a8   Zero   RW         4924    .bss                adc.o
    0x20023ff8        -       0x0000001a   Zero   RW         5022    .bss                freertos.o
    0x20024012        -       0x00000010   Zero   RW         5444    .bss                ip4_addr.o
    0x20024022   COMPRESSED   0x00000002   PAD
    0x20024024        -       0x00000010   Zero   RW         5979    .bss                tcp_in.o
    0x20024034        -       0x000000f0   Zero   RW         7009    .bss                etharp.o
    0x20024124        -       0x00000083   Zero   RW         7352    .bss                memp.o
    0x200241a7        -       0x000002fb   Zero   RW         7353    .bss                memp.o
    0x200244a2        -       0x000000e3   Zero   RW         7354    .bss                memp.o
    0x20024585        -       0x00000103   Zero   RW         7355    .bss                memp.o
    0x20024688        -       0x000000a3   Zero   RW         7356    .bss                memp.o
    0x2002472b        -       0x0000016b   Zero   RW         7357    .bss                memp.o
    0x20024896        -       0x00000083   Zero   RW         7358    .bss                memp.o
    0x20024919        -       0x00000163   Zero   RW         7359    .bss                memp.o
    0x20024a7c        -       0x00000083   Zero   RW         7360    .bss                memp.o
    0x20024aff        -       0x00000083   Zero   RW         7361    .bss                memp.o
    0x20024b82        -       0x00000033   Zero   RW         7362    .bss                memp.o
    0x20024bb5        -       0x00000103   Zero   RW         7363    .bss                memp.o
    0x20024cb8        -       0x00002603   Zero   RW         7364    .bss                memp.o
    0x200272bb   COMPRESSED   0x00000001   PAD
    0x200272bc        -       0x00000018   Zero   RW         7554    .bss                ip.o
    0x200272d4        -       0x00000653   Zero   RW         8887    .bss                mem.o
    0x20027927   COMPRESSED   0x00000001   PAD
    0x20027928        -       0x00000400   Zero   RW            1    STACK               startup_stm32f767xx.o


==============================================================================

Image component sizes


      Code (inc. data)   RO Data    RW Data    ZI Data      Debug   Object Name

       588         74          0          0        168       1975   adc.o
      2364       1298          0          0          0      28285   api_lib.o
      6048       2352          0          1          0      35240   api_msg.o
       202          0          0          0          0       4027   circular_buffer.o
       902         34          0          0          0      26297   cmsis_os.o
         8          0          0          0          0       1122   def.o
        44          4          0          0          0        770   dma.o
      2904       1170         65          1        240      12819   etharp.o
       408        156         12          0          0       2742   ethernet.o
      1276        166         26          4      12520      12381   ethernetif.o
       372        126         84         24         26       7922   freertos.o
       508         36          0          0          0       1263   gpio.o
       492         22          0         24     131072       7495   heap_4.o
       772        350          0          0          0       4462   icmp.o
         0          0          0          0          0       7196   inet_chksum.o
        34          0          0          0          0        588   init.o
         0          0          0          0         24       3062   ip.o
       910        182          0          2          0       5128   ip4.o
       182          4          4          0         16      10814   ip4_addr.o
      2696       1020          0          8          0      11650   ip4_frag.o
       136          0          0          0          0       3594   list.o
       308         24         28         36         56       1662   lwip.o
       232          8          0          0          0       2381   main.o
      1840        920          0         16       1619       5653   mem.o
       746        500        208         52      12695      11112   memp.o
        56          8          0         24        612     878412   modbus_ascii.o
       104         64          0          6       1200       1665   modbus_register.o
      3096       1542         76         48        512      56782   modbus_tcp.o
      1696        450          0          0        200      14864   modbus_tcp_func.o
        34          0          0          0          0       2076   netbuf.o
       610        132          0         12          0      14727   netif.o
      3558       1836          0          1          0      13884   pbuf.o
       738         82          0         12          0      11977   port.o
      1982         18          0          0         64      19669   queue.o
        36          8        504          0       1024        844   startup_stm32f767xx.o
        24          4          0          4          0       1084   stdio.o
       150         24          0         12          0       4037   stm32f7xx_hal.o
      1136         58          0          0          0       7417   stm32f7xx_hal_adc.o
       218         12          0          0          0      36185   stm32f7xx_hal_cortex.o
       966         16          8          0          0       6570   stm32f7xx_hal_dma.o
      2462         70          0          0          0      14647   stm32f7xx_hal_eth.o
       514         60          0          0          0       3852   stm32f7xx_hal_gpio.o
        88          0          0          0          0        534   stm32f7xx_hal_msp.o
       108          8          0          0          0       1284   stm32f7xx_hal_pwr_ex.o
      1300         70          0          0          0       5648   stm32f7xx_hal_rcc.o
      1340         22          0          0          0       2340   stm32f7xx_hal_rcc_ex.o
      2082         78          0          0          0      12475   stm32f7xx_hal_uart.o
        70         24          0          0          0       2847   stm32f7xx_it.o
       504         26         12          4          0      23392   sys_arch.o
        84         16         24          4          0       1251   system_stm32f7xx.o
      2332        196          0         60        240      34534   tasks.o
      5696       2338        201         32          0      38735   tcp.o
      5982       1224          0         36         16      22934   tcp_in.o
      5152       1722         85          0          0      18995   tcp_out.o
       976        544          0         16          0      10652   tcpip.o
       664        226         24         12          0      16321   timeouts.o
       734        138          0          8          0       8472   udp.o
       496        104          0          0        336       3026   usart.o

    ----------------------------------------------------------------------
     69042      19566       1404        464     162644    1501772   Object Totals
         0          0         32          0          0          0   (incl. Generated)
        82          0         11          5          4          0   (incl. Padding)

    ----------------------------------------------------------------------

      Code (inc. data)   RO Data    RW Data    ZI Data      Debug   Library Member Name

        86          0          0          0          0          0   __dczerorl2.o
         0          0          0          0          0          0   entry.o
         0          0          0          0          0          0   entry10a.o
         0          0          0          0          0          0   entry11a.o
         8          4          0          0          0          0   entry2.o
         4          0          0          0          0          0   entry5.o
         0          0          0          0          0          0   entry7b.o
         0          0          0          0          0          0   entry8b.o
         8          4          0          0          0          0   entry9a.o
        30          0          0          0          0          0   handlers.o
        36          8          0          0          0         68   init.o
        30          0          0          0          0         68   llshl.o
        32          0          0          0          0         68   llushr.o
        26          0          0          0          0         80   memcmp.o
        36          0          0          0          0         68   memcpya.o
        36          0          0          0          0        108   memseta.o
       472         14          0          0          0        184   printf3.o
         0          0          0          4          0          0   stdout.o
        44          0          0          0          0         80   uidiv.o
        98          0          0          0          0         92   uldiv.o

    ----------------------------------------------------------------------
       950         30          0          4          0        816   Library Totals
         4          0          0          0          0          0   (incl. Padding)

    ----------------------------------------------------------------------

      Code (inc. data)   RO Data    RW Data    ZI Data      Debug   Library Name

       946         30          0          4          0        816   mc_w.l

    ----------------------------------------------------------------------
       950         30          0          4          0        816   Library Totals

    ----------------------------------------------------------------------

==============================================================================


      Code (inc. data)   RO Data    RW Data    ZI Data      Debug   

     69992      19596       1404        468     162644    1459608   Grand Totals
     69992      19596       1404         40     162644    1459608   ELF Image Totals (compressed)
     69992      19596       1404         40          0          0   ROM Totals

==============================================================================

    Total RO  Size (Code + RO Data)                71396 (  69.72kB)
    Total RW  Size (RW Data + ZI Data)            163112 ( 159.29kB)
    Total ROM Size (Code + RO Data + RW Data)      71436 (  69.76kB)

==============================================================================

